18854:
 num     #instances         #bytes  class name (module)
-------------------------------------------------------
   1:         65998        9363104  [B (java.base@21.0.6)
   2:         63116        1514784  java.lang.String (java.base@21.0.6)
   3:         15591        1332424  [Ljava.lang.Object; (java.base@21.0.6)
   4:         10904        1293888  java.lang.Class (java.base@21.0.6)
   5:          3875         716768  [I (java.base@21.0.6)
   6:         21882         700224  java.util.concurrent.ConcurrentHashMap$Node (java.base@21.0.6)
   7:         16851         674040  java.util.LinkedHashMap$Entry (java.base@21.0.6)
   8:          6337         540248  [Ljava.util.HashMap$Node; (java.base@21.0.6)
   9:          8222         526208  java.util.LinkedHashMap (java.base@21.0.6)
  10:          6293         343800  [C (java.base@21.0.6)
  11:          6623         317904  java.util.HashMap (java.base@21.0.6)
  12:         12802         307248  java.util.ArrayList (java.base@21.0.6)
  13:          8071         258272  java.util.HashMap$Node (java.base@21.0.6)
  14:           335         212888  [Ljava.util.concurrent.ConcurrentHashMap$Node; (java.base@21.0.6)
  15:          7304         175296  io.opentelemetry.javaagent.tooling.muzzle.references.Source
  16:         10736         171776  java.lang.Object (java.base@21.0.6)
  17:          4060         162400  java.lang.ref.SoftReference (java.base@21.0.6)
  18:          6010         144240  io.opentelemetry.javaagent.tooling.util.TrieImpl$Node
  19:          6010         142848  [Lio.opentelemetry.javaagent.tooling.util.TrieImpl$Node;
  20:            46         139744  [Z (java.base@21.0.6)
  21:          5220         125280  java.util.Arrays$ArrayList (java.base@21.0.6)
  22:          7021         112336  java.util.LinkedHashSet (java.base@21.0.6)
  23:          2331         111888  java.lang.invoke.MemberName (java.base@21.0.6)
  24:          1158         101904  java.lang.reflect.Method (java.base@21.0.6)
  25:          2090          83600  sun.util.locale.LocaleObjectCache$CacheEntry (java.base@21.0.6)
  26:          3423          82152  io.opentelemetry.javaagent.tooling.HelperClassDefinition
  27:          3408          81792  net.bytebuddy.description.ByteCodeElement$Token$TokenList
  28:          1420          79520  net.bytebuddy.description.method.MethodDescription$Token
  29:          3266          78384  net.bytebuddy.description.annotation.AnnotationList$ForLoadedAnnotations
  30:          1905          76200  java.lang.invoke.MethodType (java.base@21.0.6)
  31:          3139          75336  io.opentelemetry.javaagent.tooling.BytecodeWithUrl$Lazy
  32:          2903          69672  net.bytebuddy.description.type.TypeDescription$Generic$OfNonGenericType$ForLoadedType
  33:          2699          64776  java.util.LinkedHashMap$LinkedKeySet (java.base@21.0.6)
  34:          1012          64768  java.util.concurrent.ConcurrentHashMap (java.base@21.0.6)
  35:           849          61128  io.netty.buffer.PoolSubpage
  36:          1907          61024  jdk.internal.util.WeakReferenceKey (java.base@21.0.6)
  37:          1846          59072  net.bytebuddy.description.method.ParameterDescription$Token
  38:           717          57360  net.bytebuddy.pool.TypePool$Default$LazyTypeDescription$MethodToken
  39:          1658          53056  java.lang.ThreadLocal$ThreadLocalMap$Entry (java.base@21.0.6)
  40:          1854          52536  [Ljava.lang.Class; (java.base@21.0.6)
  41:          1348          43136  io.opentelemetry.javaagent.tooling.muzzle.references.MethodRef
  42:          1061          42288  [Ljava.lang.String; (java.base@21.0.6)
  43:          1747          41928  net.bytebuddy.matcher.StringMatcher
  44:          1603          38472  java.lang.invoke.ResolvedMethodName (java.base@21.0.6)
  45:          1576          37824  net.bytebuddy.description.type.TypeList$Generic$Explicit
  46:           454          34504  [Ljava.lang.ref.SoftReference; (java.base@21.0.6)
  47:          1068          34176  java.lang.invoke.LambdaForm$Name (java.base@21.0.6)
  48:           710          34080  net.bytebuddy.agent.builder.AgentBuilder$Transformer$ForAdvice
  49:          1063          34016  sun.util.locale.BaseLocale (java.base@21.0.6)
  50:          1053          33696  java.util.concurrent.locks.ReentrantLock$NonfairSync (java.base@21.0.6)
  51:          1044          33408  sun.util.locale.BaseLocale$Key (java.base@21.0.6)
  52:           994          31808  net.bytebuddy.description.type.TypeDescription$Generic$OfNonGenericType$Latent
  53:          1873          29968  net.bytebuddy.matcher.NameMatcher
  54:           874          27968  java.lang.ref.WeakReference (java.base@21.0.6)
  55:          1708          27328  [Ljava.lang.annotation.Annotation; (java.base@21.0.6)
  56:           853          27296  sun.reflect.annotation.AnnotatedTypeFactory$AnnotatedTypeBaseImpl (java.base@21.0.6)
  57:           284          27264  net.bytebuddy.dynamic.scaffold.InstrumentedType$Default
  58:          1132          27168  io.opentelemetry.javaagent.tooling.util.NamedMatcher
  59:           658          26320  java.lang.invoke.DirectMethodHandle (java.base@21.0.6)
  60:          1595          25520  java.util.concurrent.atomic.AtomicReference (java.base@21.0.6)
  61:          1577          25232  net.bytebuddy.matcher.NegatingMatcher
  62:           628          25120  io.opentelemetry.javaagent.tooling.muzzle.references.ClassRef
  63:           990          23760  io.opentelemetry.javaagent.tooling.bytebuddy.LoggingFailSafeMatcher
  64:          1478          23648  net.bytebuddy.dynamic.ClassFileLocator$ForClassLoader
  65:           561          22440  java.lang.Package$VersionInfo (java.base@21.0.6)
  66:          1326          21216  net.bytebuddy.matcher.ElementMatcher$Junction$Conjunction
  67:           825          19800  net.bytebuddy.pool.TypePool$Default$LazyTypeDescription$MethodToken$ParameterToken
  68:           615          19680  java.lang.Package (java.base@21.0.6)
  69:            15          19568  [Ljava.lang.ThreadLocal$ThreadLocalMap$Entry; (java.base@21.0.6)
  70:           487          19480  [Ljava.lang.Enum; (java.base@21.0.6)
  71:           783          18792  net.bytebuddy.agent.builder.AgentBuilder$RawMatcher$ForElementMatchers
  72:           385          18480  java.lang.invoke.DirectMethodHandle$Constructor (java.base@21.0.6)
  73:           229          18320  com.google.protobuf.Descriptors$FieldDescriptor
  74:          1136          18176  [Lnet.bytebuddy.description.type.TypeVariableToken;
  75:           726          17424  java.util.Collections$SingletonList (java.base@21.0.6)
  76:           267          17088  java.security.Provider$Service (java.base@21.0.6)
  77:           710          17040  net.bytebuddy.agent.builder.AgentBuilder$Transformer$ForAdvice$Entry$ForUnifiedAdvice
  78:           705          16920  java.security.Provider$ServiceKey (java.base@21.0.6)
  79:          1053          16848  java.util.concurrent.locks.ReentrantLock (java.base@21.0.6)
  80:           230          16560  com.google.protobuf.DescriptorProtos$FieldDescriptorProto
  81:           105          16504  [Ljava.lang.invoke.MethodHandle; (java.base@21.0.6)
  82:           408          16320  java.math.BigInteger (java.base@21.0.6)
  83:           396          15840  net.bytebuddy.description.type.TypeDescription$ForLoadedType
  84:           487          15584  net.bytebuddy.asm.Advice$WithCustomMapping
  85:           641          15384  net.bytebuddy.matcher.CollectionElementMatcher
  86:           320          15360  io.netty.util.internal.shaded.org.jctools.queues.unpadded.MpscUnpaddedArrayQueue
  87:           638          15312  io.opentelemetry.javaagent.shaded.instrumentation.api.internal.cache.weaklockfree.WeakConcurrentMap$WithInlinedExpunction
  88:           638          15312  net.bytebuddy.agent.builder.AgentBuilder$Default$Transformation
  89:           636          15264  java.lang.module.ModuleDescriptor$Exports (java.base@21.0.6)
  90:           378          15120  io.opentelemetry.javaagent.tooling.HelperInjector
  91:           301          14896  [Ljava.lang.invoke.LambdaForm$Name; (java.base@21.0.6)
  92:           455          14560  io.opentelemetry.javaagent.tooling.muzzle.references.FieldRef
  93:           296          14208  java.lang.invoke.LambdaForm (java.base@21.0.6)
  94:           587          14088  java.lang.invoke.LambdaForm$NamedFunction (java.base@21.0.6)
  95:           871          13936  net.bytebuddy.matcher.MethodParametersMatcher
  96:           852          13632  net.bytebuddy.description.type.TypeDescription$Generic$AnnotationReader$Delegator$Simple
  97:           852          13632  net.bytebuddy.description.type.TypeDescription$Generic$AnnotationReader$ForOwnerType
  98:           166          13584  [Ljava.util.WeakHashMap$Entry; (java.base@21.0.6)
  99:           328          13120  java.lang.invoke.BoundMethodHandle$Species_L (java.base@21.0.6)
 100:           327          13080  java.lang.invoke.BoundMethodHandle$Species_LL (java.base@21.0.6)
 101:             4          12352  [Ljava.nio.ByteBuffer; (java.base@21.0.6)
 102:           766          12256  net.bytebuddy.matcher.ErasureMatcher
 103:           759          12144  net.bytebuddy.dynamic.ClassFileLocator$Compound
 104:           495          11880  io.opentelemetry.javaagent.tooling.instrumentation.InstrumentationModuleInstaller$$Lambda/0x00007f5a8e253c50
 105:           487          11688  net.bytebuddy.asm.Advice$AssignReturned$Factory
 106:            20          11680  io.netty.util.internal.shaded.org.jctools.queues.MpscChunkedArrayQueue
 107:           357          11424  io.netty.util.AsciiString
 108:           712          11392  net.bytebuddy.matcher.LatentMatcher$Resolved
 109:           685          10960  net.bytebuddy.matcher.ElementMatcher$Junction$Disjunction
 110:           341          10912  jdk.internal.math.FDBigInteger (java.base@21.0.6)
 111:           170          10880  java.net.URL (java.base@21.0.6)
 112:           221          10608  java.lang.invoke.DirectMethodHandle$Accessor (java.base@21.0.6)
 113:           264          10560  sun.security.util.KnownOIDs (java.base@21.0.6)
 114:           654          10464  net.bytebuddy.matcher.MethodParameterTypesMatcher
 115:           426          10224  net.bytebuddy.description.annotation.AnnotationList$Explicit
 116:           638          10208  io.opentelemetry.javaagent.shaded.instrumentation.api.internal.cache.WeakLockFreeCache
 117:           637          10192  io.opentelemetry.javaagent.tooling.util.IgnoreFailedTypeMatcher
 118:           637          10192  net.bytebuddy.agent.builder.AgentBuilder$RawMatcher$Conjunction
 119:           123          10128  [J (java.base@21.0.6)
 120:           251          10040  net.bytebuddy.pool.TypePool$Default$LazyTypeDescription$FieldToken
 121:           312           9984  io.netty.buffer.PoolThreadCache$SubPageMemoryRegionCache
 122:           246           9840  io.opentelemetry.javaagent.tooling.instrumentation.MuzzleMatcher
 123:           609           9744  java.util.concurrent.atomic.AtomicBoolean (java.base@21.0.6)
 124:            92           9568  java.util.jar.JarFile$JarFileEntry (java.base@21.0.6)
 125:           193           9264  jdk.internal.ref.CleanerImpl$PhantomCleanableRef (java.base@21.0.6)
 126:           385           9240  io.opentelemetry.javaagent.extension.matcher.ClassLoaderHasClassesNamedMatcher
 127:            67           9112  sun.nio.fs.UnixFileAttributes (java.base@21.0.6)
 128:           284           9088  net.bytebuddy.description.field.FieldDescription$Token
 129:           284           9088  net.bytebuddy.dynamic.DynamicType$Default$Unloaded
 130:           281           8992  java.lang.invoke.MethodTypeForm (java.base@21.0.6)
 131:           374           8976  java.util.ImmutableCollections$Set12 (java.base@21.0.6)
 132:            25           8720  [Lio.netty.buffer.PoolSubpage;
 133:           208           8320  sun.security.pkcs11.SunPKCS11$Descriptor (jdk.crypto.cryptoki@21.0.6)
 134:           518           8288  java.util.HashSet (java.base@21.0.6)
 135:           110           7920  java.lang.reflect.Constructor (java.base@21.0.6)
 136:            55           7800  [Ljava.lang.ClassValue$Entry; (java.base@21.0.6)
 137:           487           7792  io.opentelemetry.javaagent.tooling.instrumentation.indy.ForceDynamicallyTypedAssignReturnedFactory
 138:           487           7792  net.bytebuddy.asm.Advice$AssignReturned$ExceptionHandler$Factory$Enabled
 139:           487           7792  net.bytebuddy.asm.Advice$PostProcessor$Factory$Compound
 140:            93           7440  java.net.URI (java.base@21.0.6)
 141:           226           7232  org.apache.logging.log4j.core.config.plugins.processor.PluginEntry
 142:            64           7168  net.bytebuddy.pool.TypePool$Default$LazyTypeDescription
 143:           429           6864  java.lang.Integer (java.base@21.0.6)
 144:           284           6816  io.opentelemetry.javaagent.tooling.BytecodeWithUrl$ForDynamicType
 145:           277           6648  io.opentelemetry.javaagent.extension.matcher.SafeHasSuperTypeMatcher
 146:           267           6408  java.lang.Long (java.base@21.0.6)
 147:            13           6368  [Ljava.util.concurrent.atomic.AtomicReference; (java.base@21.0.6)
 148:           256           6144  io.opentelemetry.api.trace.ImmutableTraceFlags
 149:           256           6144  io.opentelemetry.javaagent.shaded.io.opentelemetry.api.trace.ImmutableTraceFlags
 150:            94           6016  java.lang.module.ModuleDescriptor (java.base@21.0.6)
 151:            94           6016  java.util.zip.Inflater (java.base@21.0.6)
 152:           247           5928  java.security.Provider$UString (java.base@21.0.6)
 153:           148           5920  io.opentelemetry.sdk.internal.RateLimiter
 154:           185           5920  java.lang.module.ModuleDescriptor$Requires (java.base@21.0.6)
 155:           185           5920  java.lang.ref.ReferenceQueue (java.base@21.0.6)
 156:           145           5800  java.util.WeakHashMap$Entry (java.base@21.0.6)
 157:           120           5760  io.netty.buffer.PoolChunkList
 158:            10           5760  io.netty.util.internal.shaded.org.jctools.queues.MpscUnboundedArrayQueue
 159:           230           5520  com.google.protobuf.ByteString$LiteralByteString
 160:           342           5472  io.opentelemetry.javaagent.tooling.field.FieldBackedImplementationInstaller$$Lambda/0x00007f5a8e12eab0
 161:           226           5424  org.apache.logging.log4j.core.config.plugins.util.PluginType
 162:           112           5376  java.util.WeakHashMap (java.base@21.0.6)
 163:            67           5360  java.util.zip.ZipFile$Source (java.base@21.0.6)
 164:           220           5280  java.util.Collections$UnmodifiableRandomAccessList (java.base@21.0.6)
 165:           328           5248  java.lang.Character$UnicodeBlock (java.base@21.0.6)
 166:           216           5184  java.util.concurrent.locks.AbstractQueuedSynchronizer$ConditionObject (java.base@21.0.6)
 167:           216           5184  sun.reflect.annotation.AnnotationInvocationHandler (java.base@21.0.6)
 168:            91           5096  jdk.internal.module.ModuleReferenceImpl (java.base@21.0.6)
 169:           212           5088  java.util.concurrent.atomic.AtomicLong (java.base@21.0.6)
 170:           307           4912  io.opentelemetry.javaagent.extension.matcher.SafeErasureMatcher
 171:           201           4824  java.util.ImmutableCollections$SetN (java.base@21.0.6)
 172:           200           4800  io.opentelemetry.javaagent.tooling.field.VirtualFieldFindRewriter
 173:            97           4656  java.util.logging.LogManager$LoggerWeakRef (java.logging@21.0.6)
 174:           277           4432  java.util.Collections$UnmodifiableSet (java.base@21.0.6)
 175:           109           4360  io.opentelemetry.javaagent.shaded.instrumentation.api.internal.cache.weaklockfree.AbstractWeakConcurrentMap$WeakKey
 176:            90           4320  com.google.protobuf.DescriptorProtos$EnumValueDescriptorProto
 177:            54           4320  com.google.protobuf.Descriptors$Descriptor
 178:           176           4224  java.lang.ProcessEnvironment$Value (java.base@21.0.6)
 179:           176           4224  java.lang.ProcessEnvironment$Variable (java.base@21.0.6)
 180:           104           4160  java.io.ObjectStreamField (java.base@21.0.6)
 181:             1           4112  [Lorg.apache.commons.collections4.map.AbstractHashedMap$HashEntry;
 182:           256           4096  io.opentelemetry.javaagent.instrumentation.opentelemetryapi.trace.BridgedTraceFlags
 183:           256           4096  java.lang.Byte (java.base@21.0.6)
 184:           256           4096  java.lang.Short (java.base@21.0.6)
 185:            83           3984  io.opentelemetry.sdk.metrics.internal.data.MutableLongPointData
 186:            55           3960  com.google.protobuf.DescriptorProtos$DescriptorProto
 187:           246           3936  io.opentelemetry.javaagent.tooling.HelperInjector$$Lambda/0x00007f5a8e252ac8
 188:            69           3864  java.io.FileCleanable (java.base@21.0.6)
 189:           110           3840  [Lcom.google.protobuf.Descriptors$FieldDescriptor;
 190:            68           3808  java.util.jar.JarFile (java.base@21.0.6)
 191:            76           3648  io.opentelemetry.sdk.metrics.internal.exemplar.ReservoirCell
 192:           228           3648  net.bytebuddy.matcher.EqualityMatcher
 193:           151           3624  java.util.ImmutableCollections$List12 (java.base@21.0.6)
 194:            89           3560  com.google.protobuf.Descriptors$EnumValueDescriptor
 195:           108           3456  io.opentelemetry.exporter.internal.marshal.AutoValue_ProtoFieldInfo
 196:            54           3456  java.lang.ClassValue$ClassValueMap (java.base@21.0.6)
 197:           214           3424  net.bytebuddy.matcher.CollectionSizeMatcher
 198:           142           3408  io.opentelemetry.javaagent.tooling.field.FieldBackedImplementationInstaller$$Lambda/0x00007f5a8e12d178
 199:           142           3408  io.opentelemetry.javaagent.tooling.field.RealFieldInjector
 200:           142           3408  java.util.AbstractMap$SimpleImmutableEntry (java.base@21.0.6)
 201:           142           3408  net.bytebuddy.description.type.TypeList$Explicit
 202:           142           3408  net.bytebuddy.description.type.TypeList$ForLoadedTypes
 203:           140           3360  io.netty.buffer.IntPriorityQueue
 204:            60           3360  java.lang.Module (java.base@21.0.6)
 205:           135           3240  java.util.ArrayDeque (java.base@21.0.6)
 206:            67           3216  jdk.internal.loader.URLClassPath$JarLoader (java.base@21.0.6)
 207:            66           3168  io.opentelemetry.javaagent.tooling.field.FieldBackedImplementationInstaller
 208:           132           3168  io.opentelemetry.javaagent.tooling.field.FieldBackedImplementationInstaller$1
 209:           192           3072  java.util.HashMap$EntrySet (java.base@21.0.6)
 210:            76           3040  java.util.TreeMap$Entry (java.base@21.0.6)
 211:           125           3000  io.netty.handler.codec.http2.HpackHeaderField
 212:            75           3000  java.io.FileDescriptor (java.base@21.0.6)
 213:            93           2976  io.opentelemetry.javaagent.shaded.io.opentelemetry.api.internal.InternalAttributeKeyImpl
 214:            91           2912  java.util.zip.ZipFile$CleanableResource (java.base@21.0.6)
 215:           176           2816  io.opentelemetry.javaagent.tooling.HelperInjector$$Lambda/0x00007f5a8e1a65a0
 216:           176           2816  io.opentelemetry.javaagent.tooling.HelperInjector$HelperClassInjector
 217:            87           2784  io.netty.util.internal.LongAdderCounter
 218:           116           2784  java.util.Collections$SetFromMap (java.base@21.0.6)
 219:           168           2688  java.util.HashMap$Values (java.base@21.0.6)
 220:            67           2680  java.io.RandomAccessFile (java.base@21.0.6)
 221:           110           2640  java.lang.Class$AnnotationData (java.base@21.0.6)
 222:            22           2640  java.lang.Thread (java.base@21.0.6)
 223:            66           2640  java.lang.invoke.DirectMethodHandle$Special (java.base@21.0.6)
 224:            47           2632  java.util.logging.Logger (java.logging@21.0.6)
 225:           106           2544  io.opentelemetry.javaagent.shaded.io.opentelemetry.api.common.ArrayBackedAttributes
 226:            53           2544  java.lang.invoke.MethodHandleImpl$AsVarargsCollector (java.base@21.0.6)
 227:           157           2512  java.util.HashMap$KeySet (java.base@21.0.6)
 228:           104           2496  sun.reflect.generics.tree.SimpleClassTypeSignature (java.base@21.0.6)
 229:            62           2480  java.security.ProtectionDomain (java.base@21.0.6)
 230:           103           2472  [[C (java.base@21.0.6)
 231:            76           2432  net.bytebuddy.description.method.MethodDescription$ForLoadedMethod
 232:            75           2400  java.io.File (java.base@21.0.6)
 233:            60           2400  java.security.CodeSource (java.base@21.0.6)
 234:            74           2368  io.opentelemetry.sdk.internal.ThrottlingLogger
 235:            49           2352  io.opentelemetry.javaagent.tooling.muzzle.AgentCachingPoolStrategy$AgentTypePool
 236:            16           2304  [Ljava.lang.invoke.MemberName; (java.base@21.0.6)
 237:           142           2272  [Lnet.bytebuddy.description.type.RecordComponentDescription$Token;
 238:            94           2256  java.util.zip.Inflater$InflaterZStreamRef (java.base@21.0.6)
 239:            91           2184  jdk.internal.module.SystemModuleFinders$2 (java.base@21.0.6)
 240:            68           2176  java.lang.invoke.LambdaForm$Kind (java.base@21.0.6)
 241:            54           2160  io.netty.buffer.PoolThreadCache$MemoryRegionCache$Entry
 242:            30           2160  java.lang.reflect.Field (java.base@21.0.6)
 243:            90           2160  jdk.internal.loader.AbstractClassLoaderValue$Sub (java.base@21.0.6)
 244:            53           2120  sun.security.util.NamedCurve (java.base@21.0.6)
 245:            88           2112  io.opentelemetry.javaagent.bootstrap.PatchLogger
 246:           132           2112  io.opentelemetry.javaagent.tooling.HelperInjector$$Lambda/0x00007f5a8e1210c8
 247:            66           2112  java.util.logging.LogManager$LogNode (java.logging@21.0.6)
 248:            87           2088  io.opentelemetry.javaagent.slf4j.simple.SimpleLogger
 249:            87           2088  java.util.concurrent.CopyOnWriteArrayList (java.base@21.0.6)
 250:            26           2080  [Ljava.util.ArrayList; (java.base@21.0.6)
 251:            52           2080  java.lang.invoke.DirectMethodHandle$Interface (java.base@21.0.6)
 252:             1           2064  [Lio.netty.handler.codec.http2.HpackStaticTable$HeaderNameIndex;
 253:            64           2048  io.opentelemetry.javaagent.shaded.instrumentation.api.internal.cache.concurrentlinkedhashmap.ConcurrentLinkedHashMap$Node
 254:            64           2048  io.opentelemetry.javaagent.tooling.muzzle.AgentCachingPoolStrategy$TypeCacheKey
 255:           128           2048  java.lang.Character (java.base@21.0.6)
 256:            85           2040  java.lang.Double (java.base@21.0.6)
 257:            63           2016  java.lang.ClassValue$Entry (java.base@21.0.6)
 258:            84           2016  java.lang.module.ResolvedModule (java.base@21.0.6)
 259:           126           2016  net.bytebuddy.matcher.StringSetMatcher
 260:            50           2000  java.lang.invoke.VarHandle$AccessDescriptor (java.base@21.0.6)
 261:            49           1960  java.util.Collections$SingletonMap (java.base@21.0.6)
 262:            49           1960  org.apache.logging.log4j.core.Logger$PrivateConfig
 263:           104           1920  [Lsun.reflect.generics.tree.TypeArgument; (java.base@21.0.6)
 264:            48           1920  java.util.logging.Logger$ConfigurationData (java.logging@21.0.6)
 265:           119           1904  okhttp3.CipherSuite
 266:           118           1888  net.bytebuddy.matcher.MethodReturnTypeMatcher
 267:            54           1880  [Lcom.google.protobuf.GeneratedMessage$FieldAccessorTable$FieldAccessor;
 268:            29           1856  java.nio.DirectByteBuffer (java.base@21.0.6)
 269:            77           1848  java.util.ImmutableCollections$ListN (java.base@21.0.6)
 270:            46           1840  io.netty.handler.codec.http2.HpackEncoder$NameValueEntry
 271:            57           1824  io.netty.handler.codec.http.HttpResponseStatus
 272:            75           1800  io.netty.util.Recycler$DefaultHandle
 273:            20           1760  java.util.regex.Pattern (java.base@21.0.6)
 274:            73           1752  java.lang.module.ModuleDescriptor$Provides (java.base@21.0.6)
 275:            72           1728  java.util.regex.Pattern$BmpCharProperty (java.base@21.0.6)
 276:            53           1696  java.security.spec.EllipticCurve (java.base@21.0.6)
 277:            53           1696  sun.security.util.ObjectIdentifier (java.base@21.0.6)
 278:            23           1656  sun.net.www.protocol.jar.URLJarFile (java.base@21.0.6)
 279:            16           1632  [D (java.base@21.0.6)
 280:           102           1632  sun.reflect.generics.tree.ClassTypeSignature (java.base@21.0.6)
 281:            67           1608  java.util.zip.ZipFile$Source$Key (java.base@21.0.6)
 282:            16           1600  [Lio.netty.buffer.PoolThreadCache$MemoryRegionCache;
 283:            69           1600  [Ljava.lang.reflect.Type; (java.base@21.0.6)
 284:            50           1600  io.netty.channel.ChannelOption
 285:           100           1600  net.bytebuddy.agent.builder.AgentBuilder$CircularityLock$WithInnerClassLoadingLock$TrivialLock
 286:            33           1584  java.lang.invoke.BoundMethodHandle$Species_LLL (java.base@21.0.6)
 287:            49           1568  org.apache.logging.log4j.core.Logger
 288:            48           1536  io.netty.handler.codec.CodecOutputList
 289:            64           1536  io.opentelemetry.javaagent.shaded.instrumentation.api.internal.cache.concurrentlinkedhashmap.ConcurrentLinkedHashMap$WeightedValue
 290:            32           1536  java.lang.StackTraceElement (java.base@21.0.6)
 291:            24           1536  sun.security.ec.SunEC$ProviderServiceA (jdk.crypto.ec@21.0.6)
 292:             1           1528  [Ljava.lang.Character$UnicodeBlock; (java.base@21.0.6)
 293:            47           1504  io.netty.util.internal.logging.Log4J2Logger
 294:            62           1488  jdk.internal.module.ServicesCatalog$ServiceProvider (java.base@21.0.6)
 295:            40           1472  [Lcom.google.protobuf.Descriptors$EnumValueDescriptor;
 296:            92           1472  java.util.WeakHashMap$KeySet (java.base@21.0.6)
 297:            46           1472  jdk.internal.reflect.DirectMethodHandleAccessor (java.base@21.0.6)
 298:            30           1440  java.time.temporal.ChronoField (java.base@21.0.6)
 299:            30           1440  java.time.temporal.ValueRange (java.base@21.0.6)
 300:            90           1440  java.util.concurrent.atomic.AtomicInteger (java.base@21.0.6)
 301:            88           1408  io.opentelemetry.javaagent.logging.simple.Slf4jSimpleLogger
 302:            88           1408  net.bytebuddy.ClassFileVersion
 303:            35           1400  java.util.IdentityHashMap (java.base@21.0.6)
 304:             1           1392  [[B (java.base@21.0.6)
 305:             1           1376  [Ljdk.internal.math.FDBigInteger; (java.base@21.0.6)
 306:            19           1368  com.google.protobuf.DescriptorProtos$FieldOptions
 307:            34           1360  java.security.AccessControlContext (java.base@21.0.6)
 308:            85           1360  jdk.internal.module.SystemModuleFinders$3 (java.base@21.0.6)
 309:            42           1344  jdk.internal.loader.BuiltinClassLoader$LoadedModule (java.base@21.0.6)
 310:            21           1344  org.apache.logging.log4j.core.util.datetime.FixedDateFormat$FixedFormat
 311:            54           1296  java.security.spec.ECPoint (java.base@21.0.6)
 312:            54           1296  jdk.internal.reflect.DirectConstructorHandleAccessor (java.base@21.0.6)
 313:            20           1280  com.google.protobuf.Descriptors$EnumDescriptor
 314:            32           1280  java.lang.Thread$FieldHolder (java.base@21.0.6)
 315:            53           1272  java.lang.RuntimePermission (java.base@21.0.6)
 316:            79           1264  java.lang.ThreadLocal (java.base@21.0.6)
 317:            26           1248  com.google.protobuf.SmallSortedMap$1
 318:            52           1248  io.netty.handler.codec.http2.HpackStaticTable$HeaderNameIndex
 319:            38           1216  com.google.protobuf.GeneratedMessage$FieldAccessorTable
 320:            38           1184  [Ljava.math.BigInteger; (java.base@21.0.6)
 321:            21           1176  com.google.protobuf.DescriptorProtos$EnumDescriptorProto
 322:            49           1176  java.security.Permissions (java.base@21.0.6)
 323:            24           1152  io.opentelemetry.sdk.metrics.internal.descriptor.AutoValue_InstrumentDescriptor
 324:            24           1152  java.lang.invoke.LambdaFormEditor$Transform (java.base@21.0.6)
 325:            24           1152  java.lang.invoke.VarHandleReferences$FieldInstanceReadWrite (java.base@21.0.6)
 326:            18           1152  sun.security.ec.SunEC$ProviderService (jdk.crypto.ec@21.0.6)
 327:            13           1144  io.netty.buffer.PooledUnsafeDirectByteBuf
 328:            47           1128  sun.security.util.LazyCodeSourcePermissionCollection (java.base@21.0.6)
 329:             1           1112  [Lsun.security.util.KnownOIDs; (java.base@21.0.6)
 330:            23           1104  java.lang.invoke.BoundMethodHandle$SpeciesData (java.base@21.0.6)
 331:            46           1104  java.lang.invoke.Invokers (java.base@21.0.6)
 332:            67           1072  sun.nio.fs.UnixFileAttributes$UnixAsBasicFileAttributes (java.base@21.0.6)
 333:            66           1056  io.opentelemetry.javaagent.tooling.field.FieldAccessorInterfaces
 334:            66           1056  io.opentelemetry.javaagent.tooling.field.VirtualFieldImplementations
 335:            66           1056  io.opentelemetry.javaagent.tooling.muzzle.VirtualFieldMappings
 336:            33           1056  sun.reflect.generics.repository.ClassRepository (java.base@21.0.6)
 337:             1           1040  [Lio.opentelemetry.api.trace.ImmutableTraceFlags;
 338:             1           1040  [Lio.opentelemetry.javaagent.instrumentation.opentelemetryapi.trace.BridgedTraceFlags;
 339:             1           1040  [Lio.opentelemetry.javaagent.shaded.io.opentelemetry.api.trace.ImmutableTraceFlags;
 340:             1           1040  [Ljava.lang.Byte; (java.base@21.0.6)
 341:             1           1040  [Ljava.lang.Integer; (java.base@21.0.6)
 342:             1           1040  [Ljava.lang.Long; (java.base@21.0.6)
 343:             1           1040  [Ljava.lang.Short; (java.base@21.0.6)
 344:            10           1040  io.netty.buffer.PoolArena$DirectArena
 345:            10           1040  io.netty.buffer.PoolArena$HeapArena
 346:            65           1040  net.bytebuddy.pool.TypePool$Resolution$Simple
 347:            43           1032  java.util.regex.Pattern$$Lambda/0x80000002a (java.base@21.0.6)
 348:            32           1024  java.util.concurrent.atomic.LongAdder (java.base@21.0.6)
 349:            42           1008  jdk.internal.module.SystemModuleFinders$SystemModuleReader (java.base@21.0.6)
 350:            62            992  [Ljava.security.Principal; (java.base@21.0.6)
 351:            31            992  io.opentelemetry.sdk.trace.data.AutoValue_ImmutableEventData
 352:            31            992  java.lang.invoke.VarHandle$AccessMode (java.base@21.0.6)
 353:            62            992  java.security.ProtectionDomain$Key (java.base@21.0.6)
 354:            24            960  java.lang.ref.Finalizer (java.base@21.0.6)
 355:            40            960  jdk.internal.module.ModuleReferenceImpl$CachedHash (java.base@21.0.6)
 356:            39            936  io.opentelemetry.sdk.metrics.internal.state.ArrayBasedStack
 357:            39            936  io.opentelemetry.sdk.metrics.internal.state.ObjectPool
 358:            39            936  io.opentelemetry.sdk.metrics.internal.state.PooledHashMap$Entry
 359:            29            928  java.util.Locale (java.base@21.0.6)
 360:            29            928  sun.reflect.annotation.AnnotationType (java.base@21.0.6)
 361:            23            920  [Ljava.lang.invoke.BoundMethodHandle$SpeciesData; (java.base@21.0.6)
 362:            23            920  java.lang.reflect.AccessFlag (java.base@21.0.6)
 363:            23            920  net.bytebuddy.utility.JavaType
 364:            38            912  java.security.BasicPermissionCollection (java.base@21.0.6)
 365:             7            896  io.netty.util.internal.InternalThreadLocalMap
 366:            56            896  jdk.proxy3.$Proxy27 (jdk.proxy3)
 367:            26            888  [Ljava.io.ObjectStreamField; (java.base@21.0.6)
 368:            37            888  io.opentelemetry.exporter.internal.marshal.AutoValue_ProtoEnumInfo
 369:            54            880  [Lcom.google.protobuf.GeneratedMessage$FieldAccessorTable$OneofAccessor;
 370:            22            880  io.opentelemetry.sdk.metrics.internal.descriptor.AutoValue_MetricDescriptor
 371:            18            864  java.util.TreeMap (java.base@21.0.6)
 372:            36            864  java.util.regex.Pattern$GroupTail (java.base@21.0.6)
 373:            54            864  jdk.proxy2.$Proxy2 (jdk.proxy2)
 374:            27            864  sun.nio.fs.UnixFileKey (java.base@21.0.6)
 375:            35            840  java.util.regex.Pattern$$Lambda/0x800000032 (java.base@21.0.6)
 376:            21            840  okio.Segment
 377:            13            832  io.netty.channel.ChannelOutboundBuffer$Entry
 378:            13            832  io.opentelemetry.sdk.metrics.internal.state.AsynchronousMetricStorage
 379:            13            832  org.jcp.xml.dsig.internal.dom.XMLDSigRI$ProviderService (java.xml.crypto@21.0.6)
 380:            34            816  java.util.regex.Pattern$GroupHead (java.base@21.0.6)
 381:            20            800  com.google.protobuf.DescriptorProtos$FieldOptions$EditionDefault
 382:             5            800  io.netty.channel.epoll.EpollEventLoop
 383:            20            800  io.netty.util.Recycler$LocalPool
 384:            25            800  io.opentelemetry.javaagent.shaded.io.opentelemetry.api.logs.Severity
 385:             2            792  [Lio.netty.handler.codec.http2.HpackHeaderField;
 386:            19            792  [Ljava.lang.invoke.MethodType; (java.base@21.0.6)
 387:            33            792  sun.reflect.generics.factory.CoreReflectionFactory (java.base@21.0.6)
 388:            33            792  sun.reflect.generics.tree.ClassSignature (java.base@21.0.6)
 389:            49            784  net.bytebuddy.dynamic.ClassFileLocator$Simple
 390:            33            768  [Lsun.reflect.generics.tree.ClassTypeSignature; (java.base@21.0.6)
 391:            48            768  java.security.SecureClassLoader$CodeSourceKey (java.base@21.0.6)
 392:            32            768  sun.reflect.generics.scope.ClassScope (java.base@21.0.6)
 393:            19            760  jdk.internal.ref.Cleaner (java.base@21.0.6)
 394:            31            744  java.security.Provider$EngineDescription (java.base@21.0.6)
 395:            31            744  java.util.jar.Attributes$Name (java.base@21.0.6)
 396:            31            744  net.bytebuddy.description.method.ParameterList$ForLoadedExecutable$OfMethod
 397:            23            736  [Ljava.security.ProtectionDomain; (java.base@21.0.6)
 398:            23            736  net.bytebuddy.utility.JavaType$LatentTypeWithSimpleName
 399:            23            736  sun.management.MappedMXBeanType$BasicMXBeanType (java.management@21.0.6)
 400:            13            728  io.opentelemetry.sdk.metrics.internal.state.MutableMeasurement
 401:            13            728  io.opentelemetry.sdk.metrics.internal.state.SdkObservableMeasurement
 402:            15            720  com.google.protobuf.DescriptorProtos$DescriptorProto$ExtensionRange
 403:             9            720  java.util.concurrent.ThreadPoolExecutor (java.base@21.0.6)
 404:            30            720  java.util.regex.Pattern$BmpCharPropertyGreedy (java.base@21.0.6)
 405:            45            720  jdk.proxy3.$Proxy28 (jdk.proxy3)
 406:            18            720  net.bytebuddy.matcher.ModifierMatcher$Mode
 407:            11            704  com.google.protobuf.DescriptorProtos$FeatureSet
 408:            22            704  java.lang.reflect.ClassFileFormatVersion (java.base@21.0.6)
 409:            22            704  java.net.InetAddress$InetAddressHolder (java.base@21.0.6)
 410:            29            696  sun.reflect.generics.reflectiveObjects.ParameterizedTypeImpl (java.base@21.0.6)
 411:            17            680  java.lang.WeakPairMap$Pair$Weak (java.base@21.0.6)
 412:             1            672  io.opentelemetry.internal.shaded.jctools.queues.MpscArrayQueue
 413:            28            672  java.util.concurrent.ConcurrentLinkedQueue$Node (java.base@21.0.6)
 414:            12            672  sun.util.calendar.ZoneInfo (java.base@21.0.6)
 415:             5            640  [Lio.netty.buffer.IntPriorityQueue;
 416:             5            640  io.netty.util.concurrent.FastThreadLocalThread
 417:            20            640  java.util.regex.Pattern$Branch (java.base@21.0.6)
 418:             3            624  [Ljava.lang.invoke.LambdaForm; (java.base@21.0.6)
 419:            26            624  com.google.protobuf.FieldSet
 420:            26            624  io.opentelemetry.sdk.metrics.internal.state.PooledHashMap
 421:            26            624  java.security.spec.ECFieldF2m (java.base@21.0.6)
 422:             7            616  io.netty.handler.codec.http2.WeightedFairQueueByteDistributor$State
 423:            19            608  com.fasterxml.jackson.core.JsonParser$Feature
 424:            19            608  com.fasterxml.jackson.core.JsonParser$Feature
 425:            19            608  java.nio.DirectByteBuffer$Deallocator (java.base@21.0.6)
 426:            15            600  com.google.protobuf.DescriptorProtos$DescriptorProto$ReservedRange
 427:            25            600  io.opentelemetry.sdk.metrics.internal.descriptor.AutoValue_Advice
 428:            25            600  java.time.LocalTime (java.base@21.0.6)
 429:            34            576  [Lsun.reflect.generics.tree.FormalTypeParameter; (java.base@21.0.6)
 430:             8            576  [S (java.base@21.0.6)
 431:            18            576  com.google.protobuf.DescriptorProtos$FieldDescriptorProto$Type
 432:            18            576  com.google.protobuf.Descriptors$FieldDescriptor$Type
 433:             9            576  io.opentelemetry.sdk.metrics.internal.state.DefaultSynchronousMetricStorage
 434:            24            576  net.bytebuddy.pool.TypePool$Default$LazyTypeDescription$AnnotationToken
 435:            36            576  net.bytebuddy.utility.dispatcher.JavaDispatcher$Dispatcher$ForNonStaticMethod
 436:             7            560  java.util.concurrent.TimeUnit (java.base@21.0.6)
 437:            14            560  javax.management.openmbean.SimpleType (java.management@21.0.6)
 438:            10            560  sun.invoke.util.Wrapper (java.base@21.0.6)
 439:            17            544  io.grpc.Status$Code
 440:            17            544  java.lang.WeakPairMap$Pair$Weak$1 (java.base@21.0.6)
 441:             1            528  [Ljava.lang.Character; (java.base@21.0.6)
 442:            11            528  com.google.protobuf.DescriptorProtos$FieldOptions$FeatureSupport
 443:            22            528  io.grpc.Status
 444:            22            528  java.util.concurrent.ConcurrentLinkedQueue (java.base@21.0.6)
 445:            16            512  com.google.protobuf.GeneratedMessageV3$FieldAccessorTable
 446:             8            512  com.sun.security.sasl.Provider$ProviderService (java.security.sasl@21.0.6)
 447:            16            512  io.opentelemetry.sdk.common.AutoValue_InstrumentationScopeInfo
 448:            16            512  java.lang.invoke.VarForm (java.base@21.0.6)
 449:            16            512  java.time.temporal.ChronoUnit (java.base@21.0.6)
 450:            15            504  [Lcom.google.protobuf.Descriptors$Descriptor;
 451:            21            504  io.opentelemetry.javaagent.tooling.muzzle.ReferenceMatcher
 452:             9            504  java.lang.invoke.BoundMethodHandle$Species_LLLLL (java.base@21.0.6)
 453:             9            504  okhttp3.HttpUrl
 454:            20            480  [Ljava.util.regex.Pattern$Node; (java.base@21.0.6)
 455:             5            480  com.google.protobuf.DescriptorProtos$FileOptions
 456:            30            480  io.opentelemetry.javaagent.extension.matcher.SafeExtendsClassMatcher
 457:             6            480  io.opentelemetry.sdk.metrics.internal.data.MutableHistogramPointData
 458:            12            480  java.lang.OutOfMemoryError (java.base@21.0.6)
 459:            10            480  java.lang.invoke.BoundMethodHandle$Species_LLLL (java.base@21.0.6)
 460:            20            480  java.time.Duration (java.base@21.0.6)
 461:            12            480  jdk.internal.vm.SharedThreadContainer (java.base@21.0.6)
 462:            20            480  net.bytebuddy.implementation.bytecode.StackManipulation$Size
 463:            18            472  [Ljava.lang.StackTraceElement; (java.base@21.0.6)
 464:             8            464  [Lio.netty.util.internal.PriorityQueueNode;
 465:            16            456  [Ljava.util.Map$Entry; (java.base@21.0.6)
 466:            14            448  com.fasterxml.jackson.core.JsonGenerator$Feature
 467:            14            448  com.fasterxml.jackson.core.JsonGenerator$Feature
 468:            14            448  com.google.protobuf.WireFormat$FieldType
 469:            14            448  io.netty.handler.codec.http2.Http2Error
 470:            28            448  io.opentelemetry.javaagent.bootstrap.CallDepth
 471:            14            448  io.opentelemetry.javaagent.shaded.io.opentelemetry.context.internal.shaded.AbstractWeakConcurrentMap$WeakKey
 472:             8            448  java.nio.HeapByteBuffer (java.base@21.0.6)
 473:             8            448  java.util.Properties (java.base@21.0.6)
 474:            28            448  java.util.regex.Pattern$BitClass (java.base@21.0.6)
 475:             8            448  javax.management.openmbean.CompositeType (java.management@21.0.6)
 476:            14            448  net.bytebuddy.description.annotation.AnnotationValue$Sort
 477:             8            448  net.bytebuddy.implementation.bytecode.assign.primitive.PrimitiveWideningDelegate
 478:            28            448  net.bytebuddy.matcher.CollectionItemMatcher
 479:             8            448  sun.management.MemoryPoolImpl (java.management@21.0.6)
 480:            14            448  sun.nio.fs.UnixPath (java.base@21.0.6)
 481:             5            440  com.google.protobuf.DescriptorProtos$FileDescriptorProto
 482:             5            440  io.netty.buffer.PoolChunk
 483:             1            432  [[[C (java.base@21.0.6)
 484:             9            432  com.fasterxml.jackson.databind.type.SimpleType
 485:             9            432  com.sun.org.apache.xerces.internal.utils.XMLSecurityManager$Limit (java.xml@21.0.6)
 486:             9            432  io.netty.handler.codec.http2.Http2Exception$StacklessHttp2Exception
 487:             6            432  io.opentelemetry.sdk.metrics.internal.aggregator.DoubleExplicitBucketHistogramAggregator$Handle
 488:             9            432  java.lang.invoke.MethodHandleImpl$IntrinsicMethodHandle (java.base@21.0.6)
 489:            27            432  java.security.spec.ECFieldFp (java.base@21.0.6)
 490:            18            432  java.text.DateFormat$Field (java.base@21.0.6)
 491:             3            432  java.text.DecimalFormat (java.base@21.0.6)
 492:            18            432  net.bytebuddy.pool.TypePool$Default$LazyTypeDescription$TypeContainment$WithinType
 493:             7            416  [Lio.opentelemetry.sdk.metrics.internal.exemplar.ReservoirCell;
 494:             1            416  [Lnet.bytebuddy.agent.builder.AgentBuilder$CircularityLock$WithInnerClassLoadingLock$TrivialLock;
 495:            13            416  io.opentelemetry.sdk.metrics.internal.state.CallbackRegistration
 496:            26            416  java.util.regex.Pattern$$Lambda/0x800000029 (java.base@21.0.6)
 497:            13            416  java.util.regex.Pattern$Curly (java.base@21.0.6)
 498:            13            416  jdk.internal.loader.NativeLibraries (java.base@21.0.6)
 499:            17            408  sun.nio.ch.OptionKey (java.base@21.0.6)
 500:            17            408  sun.nio.ch.SocketOptionRegistry$RegistryKey (java.base@21.0.6)
 501:             7            392  com.google.protobuf.Descriptors$MethodDescriptor
 502:            12            384  com.fasterxml.jackson.dataformat.yaml.YAMLGenerator$Feature
 503:            12            384  com.google.protobuf.DescriptorProtos$Edition
 504:             8            384  com.google.protobuf.DescriptorProtos$MethodDescriptorProto
 505:             8            384  com.google.protobuf.DescriptorProtos$MethodOptions
 506:            12            384  com.google.protobuf.Descriptors$DescriptorPool$PackageDescriptor
 507:             8            384  io.netty.util.collection.IntObjectHashMap
 508:            24            384  io.opentelemetry.javaagent.shaded.io.opentelemetry.context.DefaultContextKey
 509:             8            384  java.lang.reflect.ProxyGenerator$PrimitiveTypeInfo (java.base@21.0.6)
 510:            12            384  java.util.Collections$UnmodifiableMap (java.base@21.0.6)
 511:            12            384  java.util.RegularEnumSet (java.base@21.0.6)
 512:            12            384  java.util.concurrent.locks.AbstractQueuedSynchronizer$ConditionNode (java.base@21.0.6)
 513:            12            384  jdk.internal.reflect.MethodHandleObjectFieldAccessorImpl (java.base@21.0.6)
 514:             3            384  okhttp3.OkHttpClient
 515:            12            384  sun.security.jca.ProviderConfig (java.base@21.0.6)
 516:             9            360  com.google.protobuf.JavaFeaturesProto$JavaFeatures
 517:            15            360  io.netty.channel.unix.FileDescriptor
 518:            15            360  io.opentelemetry.sdk.metrics.internal.exemplar.FilteredExemplarReservoir
 519:             9            360  io.opentelemetry.sdk.metrics.internal.exemplar.RandomFixedSizeExemplarReservoir
 520:            15            360  java.lang.ThreadLocal$ThreadLocalMap (java.base@21.0.6)
 521:            15            360  java.net.Inet4Address (java.base@21.0.6)
 522:             1            360  java.util.concurrent.ForkJoinPool (java.base@21.0.6)
 523:            15            360  java.util.regex.Pattern$CharPropertyGreedy (java.base@21.0.6)
 524:             9            360  jdk.internal.loader.NativeLibraries$NativeLibraryImpl (java.base@21.0.6)
 525:            15            360  net.bytebuddy.implementation.bytecode.assign.primitive.PrimitiveWideningDelegate$WideningStackManipulation
 526:            11            352  com.google.protobuf.IntArrayList
 527:             4            352  io.netty.util.concurrent.ScheduledFutureTask
 528:            11            352  io.opentelemetry.javaagent.shaded.instrumentation.runtimemetrics.java17.JfrFeature
 529:            11            352  io.opentelemetry.sdk.metrics.SdkObservableInstrument
 530:             4            352  java.text.DecimalFormatSymbols (java.base@21.0.6)
 531:             5            336  [Lsun.invoke.util.Wrapper; (java.base@21.0.6)
 532:            14            336  io.netty.handler.codec.http2.HpackStaticTable$HeaderIndex
 533:            21            336  io.opentelemetry.exporter.internal.marshal.MarshalerContext$Key
 534:            21            336  io.opentelemetry.javaagent.tooling.muzzle.HelperClassPredicate
 535:            21            336  io.opentelemetry.javaagent.tooling.muzzle.ReferenceMatcher$$Lambda/0x00007f5a8e2aab68
 536:            14            336  io.opentelemetry.sdk.metrics.internal.aggregator.LongSumAggregator
 537:             6            336  java.nio.DirectLongBufferU (java.base@21.0.6)
 538:             3            336  java.util.GregorianCalendar (java.base@21.0.6)
 539:            21            336  java.util.IdentityHashMap$KeySet (java.base@21.0.6)
 540:             6            336  okhttp3.Address
 541:             6            336  okio.SocketAsyncTimeout
 542:             7            336  org.apache.logging.log4j.core.lookup.ConfigurationStrSubstitutor
 543:             9            320  [Ljava.lang.annotation.ElementType; (java.base@21.0.6)
 544:            10            320  com.google.protobuf.DescriptorProtos$FieldOptions$OptionTargetType
 545:            10            320  com.sun.org.apache.xerces.internal.impl.XMLEntityManager$EncodingInfo (java.xml@21.0.6)
 546:            10            320  com.sun.org.apache.xerces.internal.impl.XMLScanner$NameType (java.xml@21.0.6)
 547:            10            320  io.grpc.Metadata$AsciiKey
 548:             5            320  io.opentelemetry.javaagent.shaded.instrumentation.api.instrumenter.Instrumenter
 549:             8            320  io.opentelemetry.sdk.metrics.AutoValue_InstrumentSelector
 550:             8            320  java.util.EnumMap (java.base@21.0.6)
 551:            10            320  java.util.Hashtable$Entry (java.base@21.0.6)
 552:            10            320  java.util.concurrent.atomic.AtomicIntegerFieldUpdater$AtomicIntegerFieldUpdaterImpl (java.base@21.0.6)
 553:            20            320  java.util.regex.Pattern$BranchConn (java.base@21.0.6)
 554:             8            320  oteldemo.Demo$Ad
 555:             8            320  sun.management.MemoryPoolImpl$CollectionSensor (java.management@21.0.6)
 556:             8            320  sun.management.MemoryPoolImpl$PoolSensor (java.management@21.0.6)
 557:            14            312  [Lnet.bytebuddy.description.type.TypeDefinition;
 558:            13            312  io.netty.util.internal.DefaultPriorityQueue
 559:            13            312  io.opentelemetry.exporter.internal.otlp.InstrumentationScopeMarshaler
 560:            13            312  java.util.concurrent.ConcurrentHashMap$KeySetView (java.base@21.0.6)
 561:            13            312  net.bytebuddy.utility.dispatcher.JavaDispatcher$ProxiedInvocationHandler
 562:            11            288  [Lcom.google.protobuf.Descriptors$EnumDescriptor;
 563:             1            288  [Ljava.lang.invoke.LambdaForm$Kind; (java.base@21.0.6)
 564:             9            288  com.google.protobuf.Descriptors$FieldDescriptor$JavaType
 565:             6            288  com.google.protobuf.GeneratedMessage$FieldAccessorTable$SingularFieldAccessor$ReflectionInvoker
 566:             9            288  com.google.protobuf.WireFormat$JavaType
 567:             9            288  io.opentelemetry.exporter.internal.marshal.Serializer$RepeatedElementPairWriter
 568:             9            288  io.opentelemetry.exporter.internal.marshal.StatelessMarshalerUtil$RepeatedElementPairSizeCalculator
 569:             3            288  io.opentelemetry.javaagent.shaded.instrumentation.api.internal.cache.concurrentlinkedhashmap.ConcurrentLinkedHashMap
 570:            12            288  io.opentelemetry.javaagent.shaded.instrumentation.api.internal.cache.weaklockfree.WeakConcurrentMap$LookupKey
 571:             9            288  io.opentelemetry.sdk.metrics.internal.aggregator.LongSumAggregator$Handle
 572:            18            288  io.opentelemetry.sdk.metrics.internal.concurrent.JreLongAdder
 573:            12            288  java.lang.annotation.ElementType (java.base@21.0.6)
 574:             6            288  java.lang.invoke.BoundMethodHandle$Species_LLJ (java.base@21.0.6)
 575:            12            288  java.net.StandardSocketOptions$StdSocketOption (java.base@21.0.6)
 576:            12            288  java.util.concurrent.ConcurrentLinkedDeque$Node (java.base@21.0.6)
 577:             9            288  java.util.concurrent.SynchronousQueue (java.base@21.0.6)
 578:             9            288  java.util.concurrent.atomic.AtomicReferenceFieldUpdater$AtomicReferenceFieldUpdaterImpl (java.base@21.0.6)
 579:             6            288  java.util.concurrent.locks.ReentrantReadWriteLock$NonfairSync (java.base@21.0.6)
 580:             9            288  java.util.logging.Level (java.logging@21.0.6)
 581:             9            288  java.util.logging.Level$KnownLevel (java.logging@21.0.6)
 582:            12            288  java.util.regex.Pattern$Start (java.base@21.0.6)
 583:             6            288  java.util.stream.StreamOpFlag (java.base@21.0.6)
 584:             9            288  jdk.internal.org.objectweb.asm.Type (java.base@21.0.6)
 585:             9            288  net.bytebuddy.implementation.bytecode.constant.ClassConstant
 586:            18            288  net.bytebuddy.matcher.ModifierMatcher
 587:             4            288  okhttp3.internal.connection.RealCall
 588:             9            288  org.objectweb.asm.Type
 589:            12            288  sun.reflect.annotation.TypeAnnotation$TypeAnnotationTarget (java.base@21.0.6)
 590:             3            288  sun.util.calendar.Gregorian$Date (java.base@21.0.6)
 591:             9            288  sun.util.logging.PlatformLogger$Level (java.base@21.0.6)
 592:             7            280  com.fasterxml.jackson.core.json.JsonWriteFeature
 593:             5            280  io.netty.buffer.PoolThreadCache
 594:             7            280  io.netty.util.concurrent.DefaultPromise
 595:             7            280  io.opentelemetry.sdk.metrics.SdkMeter
 596:             5            280  java.util.concurrent.ThreadPoolExecutor$Worker (java.base@21.0.6)
 597:             7            280  net.bytebuddy.implementation.bytecode.member.MethodInvocation
 598:             1            272  [Lio.netty.handler.codec.http2.HpackStaticTable$HeaderIndex;
 599:             1            272  io.grpc.internal.ManagedChannelImpl
 600:            17            272  java.util.Collections$SingletonSet (java.base@21.0.6)
 601:            11            264  io.opentelemetry.javaagent.tooling.muzzle.AutoValue_HelperResource
 602:            11            264  io.opentelemetry.sdk.metrics.InstrumentBuilder$$Lambda/0x00007f5a8e210258
 603:            11            264  java.lang.NamedPackage (java.base@21.0.6)
 604:            11            264  java.lang.invoke.MethodHandleImpl$Intrinsic (java.base@21.0.6)
 605:            11            264  okio.Buffer
 606:             8            256  [Ljava.lang.Boolean; (java.base@21.0.6)
 607:             8            256  io.netty.buffer.PoolThreadCache$NormalMemoryRegionCache
 608:             4            256  io.netty.buffer.SizeClasses
 609:             8            256  io.opentelemetry.sdk.metrics.AutoValue_View
 610:             8            256  io.opentelemetry.sdk.metrics.internal.view.AutoValue_RegisteredView
 611:             8            256  java.lang.invoke.SimpleMethodHandle (java.base@21.0.6)
 612:             8            256  java.math.RoundingMode (java.base@21.0.6)
 613:             8            256  org.apache.logging.log4j.core.lookup.Interpolator
 614:            16            256  org.apache.logging.log4j.core.lookup.SystemPropertiesLookup
 615:             8            256  org.apache.logging.log4j.spi.StandardLevel
 616:            11            248  [Lsun.reflect.generics.tree.FieldTypeSignature; (java.base@21.0.6)
 617:             3            240  [Lio.netty.handler.codec.CodecOutputList;
 618:             5            240  [Ljava.lang.invoke.LambdaForm$NamedFunction; (java.base@21.0.6)
 619:             5            240  com.google.common.io.BaseEncoding$Alphabet
 620:            10            240  com.google.protobuf.SmallSortedMap$Entry
 621:             5            240  io.grpc.MethodDescriptor
 622:            10            240  io.grpc.protobuf.lite.ProtoLiteUtils$MessageMarshaller
 623:             6            240  io.netty.util.internal.ObjectPool$RecyclerObjectPool$1
 624:            10            240  io.opentelemetry.javaagent.tooling.muzzle.AgentCachingPoolStrategy$SharedResolutionCacheAdapter
 625:             6            240  io.opentelemetry.sdk.metrics.internal.exemplar.HistogramExemplarReservoir
 626:            10            240  io.opentelemetry.sdk.resources.AutoValue_Resource
 627:             6            240  java.lang.invoke.LambdaForm$BasicType (java.base@21.0.6)
 628:             6            240  java.lang.invoke.VarHandleInts$FieldInstanceReadWrite (java.base@21.0.6)
 629:            10            240  java.nio.charset.CoderResult (java.base@21.0.6)
 630:            10            240  java.nio.file.StandardOpenOption (java.base@21.0.6)
 631:            10            240  net.bytebuddy.description.type.TypeList$Generic$ForLoadedTypes
 632:             3            240  okhttp3.internal.connection.RealConnection
 633:            15            240  sun.invoke.util.ValueConversions$WrapperCache (java.base@21.0.6)
 634:             3            240  sun.nio.ch.NioSocketImpl (java.base@21.0.6)
 635:             5            240  sun.nio.cs.UTF_8$Encoder (java.base@21.0.6)
 636:             4            224  com.google.protobuf.Descriptors$FileDescriptor
 637:             7            224  io.grpc.InternalLogId
 638:             4            224  io.netty.buffer.PooledSlicedByteBuf
 639:             7            224  io.netty.handler.codec.http2.Http2Stream$State
 640:             7            224  io.opentelemetry.exporter.internal.marshal.CodedOutputStream$OutputStreamEncoder
 641:             7            224  io.opentelemetry.sdk.metrics.ExtendedSdkLongCounter
 642:            14            224  io.opentelemetry.sdk.metrics.internal.view.SumAggregation$$Lambda/0x00007f5a8e212178
 643:             7            224  java.lang.System$Logger$Level (java.base@21.0.6)
 644:             7            224  java.net.Inet6Address$Inet6AddressHolder (java.base@21.0.6)
 645:             7            224  java.util.ImmutableCollections$MapN (java.base@21.0.6)
 646:             7            224  java.util.Random (java.base@21.0.6)
 647:             7            224  jdk.xml.internal.JdkProperty$State (java.xml@21.0.6)
 648:             7            224  net.bytebuddy.description.modifier.MethodManifestation
 649:             7            224  net.bytebuddy.implementation.bytecode.constant.IntegerConstant
 650:             4            224  okhttp3.internal.connection.ExchangeFinder
 651:             4            224  okhttp3.internal.connection.RealCall$timeout$1
 652:             9            216  io.netty.handler.codec.http.HttpMethod$EnumNameMap$Node
 653:             3            216  io.opentelemetry.exporter.internal.http.HttpExporterBuilder
 654:             9            216  io.opentelemetry.sdk.metrics.internal.exemplar.RandomFixedSizeExemplarReservoir$RandomCellSelector
 655:             9            216  io.opentelemetry.sdk.metrics.internal.state.DefaultSynchronousMetricStorage$AggregatorHolder
 656:             9            216  java.lang.reflect.AccessFlag$Location (java.base@21.0.6)
 657:             9            216  java.nio.file.attribute.PosixFilePermission (java.base@21.0.6)
 658:             3            216  java.util.ResourceBundle$CacheKey (java.base@21.0.6)
 659:             9            216  java.util.concurrent.SynchronousQueue$Transferer (java.base@21.0.6)
 660:             9            216  java.util.regex.Pattern$SliceI (java.base@21.0.6)
 661:             3            216  sun.security.provider.NativePRNG$RandomIO (java.base@21.0.6)
 662:            13            208  io.opentelemetry.sdk.metrics.internal.state.AsynchronousMetricStorage$$Lambda/0x00007f5a8e20ee28
 663:            13            208  java.text.NumberFormat$Field (java.base@21.0.6)
 664:            13            208  net.bytebuddy.matcher.CollectionErasureMatcher
 665:            13            208  net.bytebuddy.matcher.CollectionOneToOneMatcher
 666:             2            200  [Ljava.text.DateFormat$Field; (java.base@21.0.6)
 667:             5            200  com.fasterxml.jackson.core.JsonEncoding
 668:             5            200  io.netty.buffer.LongLongHashMap
 669:             5            200  io.netty.handler.codec.http.HttpStatusClass
 670:             5            200  net.bytebuddy.implementation.bytecode.member.MethodVariableAccess
 671:             5            200  sun.util.locale.provider.LocaleProviderAdapter$Type (java.base@21.0.6)
 672:             8            192  [Lio.opentelemetry.javaagent.shaded.instrumentation.api.internal.SpanKey;
 673:             4            192  [Ljava.util.Hashtable$Entry; (java.base@21.0.6)
 674:             6            192  [Ljava.util.concurrent.atomic.AtomicLong; (java.base@21.0.6)
 675:             7            192  [[J (java.base@21.0.6)
 676:             4            192  com.google.protobuf.DescriptorProtos$FeatureSetDefaults$FeatureSetEditionDefault
 677:             6            192  com.sun.org.apache.xerces.internal.util.Status (java.xml@21.0.6)
 678:             8            192  dev.openfeature.sdk.ErrorCode
 679:             3            192  io.netty.buffer.UnpooledUnsafeDirectByteBuf
 680:             6            192  io.netty.handler.codec.http2.Http2Headers$PseudoHeaderName
 681:             8            192  io.opentelemetry.api.common.AttributeType
 682:             3            192  io.opentelemetry.exporter.internal.marshal.MarshalerContext
 683:             6            192  io.opentelemetry.exporter.internal.marshal.MarshalerContext$Pool
 684:            12            192  io.opentelemetry.javaagent.shaded.instrumentation.api.internal.SpanKey
 685:             8            192  io.opentelemetry.javaagent.shaded.io.opentelemetry.api.common.AttributeType
 686:             6            192  io.opentelemetry.sdk.internal.DynamicPrimitiveLongList
 687:             4            192  io.opentelemetry.sdk.metrics.internal.data.MutableDoublePointData
 688:             8            192  java.lang.ClassValue$Version (java.base@21.0.6)
 689:             8            192  java.lang.module.ModuleDescriptor$Opens (java.base@21.0.6)
 690:             8            192  java.net.InetSocketAddress$InetSocketAddressHolder (java.base@21.0.6)
 691:             8            192  java.net.NetPermission (java.base@21.0.6)
 692:             3            192  java.net.SocksSocketImpl (java.base@21.0.6)
 693:             3            192  java.nio.DirectByteBufferR (java.base@21.0.6)
 694:             4            192  java.util.Hashtable (java.base@21.0.6)
 695:             6            192  java.util.ResourceBundle$KeyElementReference (java.base@21.0.6)
 696:            12            192  java.util.concurrent.ConcurrentHashMap$ValuesView (java.base@21.0.6)
 697:             6            192  java.util.concurrent.CountDownLatch$Sync (java.base@21.0.6)
 698:             8            192  java.util.concurrent.Executors$DefaultThreadFactory (java.base@21.0.6)
 699:             4            192  java.util.concurrent.LinkedBlockingQueue (java.base@21.0.6)
 700:             6            192  net.bytebuddy.implementation.bytecode.member.MethodReturn
 701:             6            192  okhttp3.Protocol
 702:             8            192  okio.ByteString
 703:             8            192  org.apache.logging.log4j.Level
 704:             8            192  org.apache.logging.log4j.MarkerManager$Log4jMarker
 705:             8            192  org.apache.logging.log4j.core.lookup.PropertiesLookup
 706:             7            184  [Lio.opentelemetry.javaagent.shaded.instrumentation.api.instrumenter.AttributesExtractor;
 707:             3            184  [Ljava.lang.Double; (java.base@21.0.6)
 708:             2            176  [Lcom.google.protobuf.DescriptorProtos$FieldDescriptorProto$Type;
 709:             2            176  [Lcom.google.protobuf.Descriptors$FieldDescriptor$Type;
 710:             2            176  [Lcom.google.protobuf.WireFormat$FieldType;
 711:             2            176  [Lio.grpc.Status$Code;
 712:            11            176  io.grpc.Attributes$Key
 713:             1            176  io.grpc.netty.NettyServer
 714:             2            176  io.opentelemetry.javaagent.bootstrap.AgentClassLoader$BootstrapClassLoaderProxy
 715:            11            176  io.opentelemetry.javaagent.bootstrap.CallDepthThreadLocalMap$ThreadLocalDepth
 716:             2            176  java.util.concurrent.ScheduledThreadPoolExecutor$ScheduledFutureTask (java.base@21.0.6)
 717:            11            176  jdk.proxy2.$Proxy6 (jdk.proxy2)
 718:             2            176  net.bytebuddy.agent.builder.AgentBuilder$Default$ExecutingTransformer$ByteBuddy$ModuleSupport
 719:            11            176  net.bytebuddy.matcher.AnnotationTypeMatcher
 720:            11            176  net.bytebuddy.matcher.DeclaringAnnotationMatcher
 721:             1            168  [[Ljava.math.BigInteger; (java.base@21.0.6)
 722:             7            168  com.sun.org.apache.xerces.internal.util.FeatureState (java.xml@21.0.6)
 723:             3            168  io.grpc.CallOptions
 724:             1            168  io.grpc.netty.NettyClientHandler
 725:             7            168  io.opentelemetry.javaagent.shaded.io.opentelemetry.api.common.ValueType
 726:             7            168  io.opentelemetry.sdk.metrics.InstrumentType
 727:             7            168  io.opentelemetry.sdk.metrics.data.MetricDataType
 728:             7            168  io.opentelemetry.sdk.metrics.internal.state.MetricStorageRegistry
 729:             7            168  java.net.Inet6Address (java.base@21.0.6)
 730:             7            168  java.util.concurrent.ConcurrentSkipListMap$Node (java.base@21.0.6)
 731:             7            168  jdk.net.ExtendedSocketOptions$ExtSocketOption (jdk.net@21.0.6)
 732:             7            168  okio.RealBufferedSink
 733:             3            168  sun.nio.cs.StreamEncoder (java.base@21.0.6)
 734:             4            160  [Lio.netty.buffer.PoolArena;
 735:             2            160  [Ljava.util.concurrent.RunnableScheduledFuture; (java.base@21.0.6)
 736:             4            160  com.fasterxml.jackson.core.Base64Variant
 737:             5            160  com.fasterxml.jackson.core.JsonFactory$Feature
 738:             5            160  com.fasterxml.jackson.core.JsonFactory$Feature
 739:             2            160  com.fasterxml.jackson.databind.util.internal.PrivateMaxEntriesMap
 740:             5            160  io.grpc.Metadata$TrustedAsciiKey
 741:             5            160  io.grpc.health.v1.HealthCheckResponse$ServingStatus
 742:             1            160  io.grpc.internal.ManagedChannelImpl$ChannelStreamProvider$1RetryStream
 743:            10            160  io.grpc.internal.ReflectionLongAdderCounter
 744:             5            160  io.netty.channel.epoll.EpollEventArray
 745:             5            160  io.netty.handler.logging.LogLevel
 746:             5            160  io.opentelemetry.javaagent.slf4j.event.Level
 747:             5            160  java.lang.invoke.VarHandle$AccessType (java.base@21.0.6)
 748:             2            160  java.util.concurrent.ScheduledThreadPoolExecutor (java.base@21.0.6)
 749:             4            160  javax.xml.catalog.CatalogFeatures$Feature (java.xml@21.0.6)
 750:            10            160  jdk.internal.misc.InternalLock (java.base@21.0.6)
 751:             5            160  net.bytebuddy.description.modifier.TypeManifestation
 752:             5            160  net.bytebuddy.description.type.TypeDescription$Generic$Visitor$Validator
 753:             5            160  net.bytebuddy.dynamic.loading.ClassLoadingStrategy$Default
 754:             5            160  net.bytebuddy.utility.GraalImageCode
 755:             4            160  okhttp3.Request
 756:             5            160  okhttp3.TlsVersion
 757:             4            160  okhttp3.internal.connection.Exchange
 758:             4            160  okhttp3.internal.connection.Exchange$RequestBodySink
 759:             4            160  okhttp3.internal.http1.Http1ExchangeCodec
 760:             4            160  okio.ForwardingTimeout
 761:             4            160  org.apache.commons.collections4.map.AbstractLinkedMap$LinkEntry
 762:             4            160  org.apache.logging.log4j.core.config.Node
 763:            10            160  org.apache.logging.log4j.core.impl.ThreadContextDataInjector$ForDefaultThreadContextMap
 764:             5            160  sun.reflect.generics.reflectiveObjects.TypeVariableImpl (java.base@21.0.6)
 765:             4            160  sun.util.locale.provider.LocaleResources$ResourceReference (java.base@21.0.6)
 766:             2            152  [Ljava.lang.reflect.Method; (java.base@21.0.6)
 767:             2            152  [[Ljava.lang.String; (java.base@21.0.6)
 768:             1            152  org.apache.logging.log4j.core.config.xml.XmlConfiguration
 769:             1            144  [Lcom.fasterxml.jackson.core.sym.CharsToNameCanonicalizer$Bucket;
 770:             8            144  [Lcom.google.protobuf.Descriptors$FileDescriptor;
 771:             2            144  [Lio.netty.handler.codec.http2.Http2Error;
 772:             1            144  [Ljava.lang.invoke.VarHandle$AccessMode; (java.base@21.0.6)
 773:             3            144  com.google.protobuf.DescriptorProtos$MessageOptions
 774:             6            144  io.grpc.internal.KeepAliveManager$State
 775:             3            144  io.netty.channel.unix.IovArray
 776:             9            144  io.netty.handler.codec.http.HttpMethod
 777:             6            144  io.netty.util.Recycler$2
 778:             3            144  io.opentelemetry.exporter.internal.ExporterMetrics
 779:             6            144  io.opentelemetry.exporter.internal.marshal.MarshalerContext$IdPool
 780:             6            144  java.lang.Thread$State (java.base@21.0.6)
 781:             3            144  java.lang.ThreadGroup (java.base@21.0.6)
 782:             3            144  java.util.concurrent.ArrayBlockingQueue (java.base@21.0.6)
 783:             3            144  java.util.concurrent.ConcurrentSkipListMap (java.base@21.0.6)
 784:             9            144  java.util.regex.Pattern$$Lambda/0x800000031 (java.base@21.0.6)
 785:             6            144  jdk.internal.perf.PerfCounter (java.base@21.0.6)
 786:             6            144  net.bytebuddy.description.type.TypeDefinition$Sort
 787:             9            144  net.bytebuddy.matcher.DeclaringMethodMatcher
 788:             6            144  org.apache.logging.log4j.core.LifeCycle$State
 789:             2            144  org.apache.logging.log4j.core.config.LoggerConfig
 790:             9            144  org.apache.logging.log4j.core.lookup.JmxRuntimeInputArgumentsLookup
 791:             9            144  org.apache.logging.log4j.core.lookup.MapLookup
 792:             1            144  sun.security.pkcs11.SunPKCS11 (jdk.crypto.cryptoki@21.0.6)
 793:             7            136  [Lio.opentelemetry.javaagent.shaded.instrumentation.api.instrumenter.OperationListener;
 794:             4            136  [Ljava.lang.CharSequence; (java.base@21.0.6)
 795:             1            136  [Ljava.time.temporal.ChronoField; (java.base@21.0.6)
 796:             2            136  [Lokhttp3.CipherSuite;
 797:             1            136  io.grpc.netty.NettyClientTransport
 798:             1            136  org.apache.logging.log4j.core.config.NullConfiguration
 799:             2            128  [Lcom.google.protobuf.DescriptorProtos$Edition;
 800:             2            128  [Lio.opentelemetry.javaagent.shaded.instrumentation.runtimemetrics.java17.JfrFeature;
 801:             4            128  com.fasterxml.jackson.core.StreamReadCapability
 802:             4            128  com.google.protobuf.DescriptorProtos$FeatureSet$FieldPresence
 803:             2            128  com.sun.security.sasl.gsskerb.JdkSASL$ProviderService (jdk.security.jgss@21.0.6)
 804:             1            128  io.grpc.internal.InternalSubchannel
 805:             2            128  io.netty.buffer.PooledByteBufAllocator
 806:             2            128  io.netty.buffer.UnpooledByteBufAllocator$InstrumentedUnpooledUnsafeDirectByteBuf
 807:             2            128  io.netty.channel.AbstractChannel$CloseFuture
 808:             2            128  io.netty.channel.ChannelOutboundBuffer
 809:             2            128  io.netty.channel.DefaultChannelPipeline$HeadContext
 810:             2            128  io.netty.channel.DefaultChannelPipeline$TailContext
 811:             4            128  io.netty.channel.VoidChannelPromise
 812:             1            128  io.netty.channel.epoll.EpollSocketChannel
 813:             2            128  io.netty.handler.codec.http2.DefaultHttp2Connection$DefaultEndpoint
 814:             4            128  io.netty.handler.codec.http2.HpackEncoder$NameEntry
 815:             8            128  io.netty.util.collection.IntObjectHashMap$1
 816:             8            128  io.netty.util.collection.IntObjectHashMap$EntrySet
 817:             8            128  io.netty.util.collection.IntObjectHashMap$KeySet
 818:             4            128  io.opentelemetry.exporter.sender.okhttp.internal.OkHttpHttpSender$RawRequestBody
 819:             8            128  io.opentelemetry.javaagent.shaded.instrumentation.api.instrumenter.SpanSuppressors$BySpanKey
 820:             4            128  io.opentelemetry.javaagent.shaded.instrumentation.runtimemetrics.java8.MemoryPools$$Lambda/0x00007f5a8e2e52b0
 821:             4            128  io.opentelemetry.javaagent.slf4j.helpers.Reporter$Level
 822:             4            128  io.opentelemetry.sdk.internal.DaemonThreadFactory
 823:             4            128  io.opentelemetry.sdk.metrics.ExtendedSdkDoubleHistogram
 824:             4            128  io.opentelemetry.sdk.metrics.internal.aggregator.DoubleExplicitBucketHistogramAggregator
 825:             4            128  io.opentelemetry.sdk.metrics.internal.view.FilteredAttributes$SmallFilteredAttributes
 826:             8            128  java.lang.ClassValue$Identity (java.base@21.0.6)
 827:             2            128  java.lang.invoke.BoundMethodHandle$Species_LLLLLLL (java.base@21.0.6)
 828:             4            128  java.lang.invoke.MethodHandles$Lookup (java.base@21.0.6)
 829:             4            128  java.lang.module.ModuleDescriptor$Modifier (java.base@21.0.6)
 830:             4            128  java.lang.module.ModuleDescriptor$Requires$Modifier (java.base@21.0.6)
 831:             8            128  java.net.InetSocketAddress (java.base@21.0.6)
 832:             4            128  java.nio.file.attribute.FileTime (java.base@21.0.6)
 833:             2            128  java.security.SecureRandom (java.base@21.0.6)
 834:             2            128  java.text.DateFormatSymbols (java.base@21.0.6)
 835:             2            128  java.text.SimpleDateFormat (java.base@21.0.6)
 836:             8            128  java.util.TreeMap$KeySet (java.base@21.0.6)
 837:             4            128  java.util.concurrent.locks.AbstractQueuedSynchronizer$ExclusiveNode (java.base@21.0.6)
 838:             1            128  java.util.logging.LogManager$Cleaner (java.logging@21.0.6)
 839:             2            128  jdk.internal.icu.impl.Trie2_16 (java.base@21.0.6)
 840:             4            128  jdk.internal.logger.BootstrapLogger$LoggingBackend (java.base@21.0.6)
 841:             8            128  jdk.proxy2.$Proxy4 (jdk.proxy2)
 842:             2            128  net.bytebuddy.ByteBuddy
 843:             4            128  net.bytebuddy.description.modifier.Visibility
 844:             4            128  net.bytebuddy.dynamic.loading.ClassLoadingStrategy$Default$WrappingDispatcher
 845:             4            128  net.bytebuddy.dynamic.scaffold.MethodGraph$Node$Sort
 846:             8            128  org.apache.logging.log4j.core.lookup.ContextMapLookup
 847:             8            128  org.apache.logging.log4j.core.lookup.DateLookup
 848:             8            128  org.apache.logging.log4j.core.lookup.EnvironmentLookup
 849:             8            128  org.apache.logging.log4j.core.lookup.EventLookup
 850:             8            128  org.apache.logging.log4j.core.lookup.JavaLookup
 851:             8            128  org.apache.logging.log4j.core.lookup.Log4jLookup
 852:             8            128  org.apache.logging.log4j.core.lookup.LowerLookup
 853:             8            128  org.apache.logging.log4j.core.lookup.MainMapLookup
 854:             8            128  org.apache.logging.log4j.core.lookup.MarkerLookup
 855:             8            128  org.apache.logging.log4j.core.lookup.ResourceBundleLookup
 856:             8            128  org.apache.logging.log4j.core.lookup.StructuredDataLookup
 857:             8            128  org.apache.logging.log4j.core.lookup.UpperLookup
 858:             4            128  org.slf4j.helpers.Reporter$Level
 859:             2            128  sun.security.jgss.SunProvider$ProviderService (java.security.jgss@21.0.6)
 860:             1            120  [Lio.opentelemetry.javaagent.shaded.io.opentelemetry.api.logs.Severity;
 861:             3            120  [Ljava.lang.invoke.LambdaForm$BasicType; (java.base@21.0.6)
 862:             3            120  com.google.common.base.Stopwatch
 863:             5            120  com.google.common.collect.ImmutableMapEntry
 864:             3            120  com.google.common.collect.RegularImmutableMap
 865:             3            120  com.google.protobuf.DescriptorProtos$OneofDescriptorProto
 866:             3            120  com.google.protobuf.GeneratedMessage$FieldAccessorTable$SingularStringFieldAccessor
 867:             5            120  com.google.protobuf.LazyStringArrayList
 868:             5            120  com.sun.org.apache.xerces.internal.util.PropertyState (java.xml@21.0.6)
 869:             5            120  com.sun.org.apache.xerces.internal.utils.XMLSecurityPropertyManager$State (java.xml@21.0.6)
 870:             5            120  dev.openfeature.sdk.FlagValueType
 871:             3            120  dev.openfeature.sdk.ProviderEvaluation
 872:             5            120  dev.openfeature.sdk.ProviderState
 873:             5            120  io.grpc.ConnectivityState
 874:             5            120  io.grpc.Context$Key
 875:             5            120  io.grpc.MethodDescriptor$MethodType
 876:             3            120  io.grpc.internal.CallTracer
 877:             3            120  io.netty.buffer.ReadOnlyByteBuf
 878:             5            120  io.netty.handler.codec.http2.DefaultHttp2Connection$DefaultPropertyKey
 879:             5            120  io.netty.util.concurrent.FastThreadLocalRunnable
 880:             5            120  io.netty.util.concurrent.SingleThreadEventExecutor$4
 881:             5            120  io.netty.util.internal.ThreadExecutorMap$1
 882:             5            120  io.netty.util.internal.ThreadExecutorMap$2
 883:             5            120  io.netty.util.internal.logging.InternalLogLevel
 884:             5            120  io.opentelemetry.api.trace.SpanKind
 885:             3            120  io.opentelemetry.exporter.sender.okhttp.internal.OkHttpHttpSender
 886:             1            120  io.opentelemetry.javaagent.bootstrap.AgentClassLoader
 887:             5            120  io.opentelemetry.javaagent.bootstrap.InternalLogger$Level
 888:             5            120  io.opentelemetry.javaagent.shaded.instrumentation.api.semconv.network.internal.InternalNetworkAttributesExtractor
 889:             5            120  io.opentelemetry.javaagent.shaded.io.opentelemetry.api.trace.SpanKind
 890:             5            120  io.opentelemetry.javaagent.slf4j.simple.OutputChoice$OutputChoiceType
 891:             3            120  io.opentelemetry.sdk.internal.ComponentRegistry
 892:             5            120  io.opentelemetry.sdk.trace.ExtendedSdkTracer
 893:             3            120  java.lang.StackWalker (java.base@21.0.6)
 894:             5            120  java.lang.StringBuilder (java.base@21.0.6)
 895:             3            120  java.lang.invoke.BoundMethodHandle$Species_LI (java.base@21.0.6)
 896:             3            120  java.lang.module.Configuration (java.base@21.0.6)
 897:             1            120  java.lang.ref.Finalizer$FinalizerThread (java.base@21.0.6)
 898:             1            120  java.lang.ref.Reference$ReferenceHandler (java.base@21.0.6)
 899:             3            120  java.lang.reflect.ProxyGenerator$ProxyMethod (java.base@21.0.6)
 900:             3            120  java.net.Socket (java.base@21.0.6)
 901:             3            120  java.text.DigitList (java.base@21.0.6)
 902:             5            120  java.util.BitSet (java.base@21.0.6)
 903:             3            120  java.util.ResourceBundle$BundleReference (java.base@21.0.6)
 904:             5            120  java.util.concurrent.ConcurrentSkipListMap$Index (java.base@21.0.6)
 905:             5            120  java.util.regex.Pattern$Ques (java.base@21.0.6)
 906:             5            120  java.util.stream.StreamOpFlag$Type (java.base@21.0.6)
 907:             3            120  jdk.internal.loader.URLClassPath (java.base@21.0.6)
 908:             5            120  jdk.internal.math.FloatingDecimal$PreparedASCIIToBinaryBuffer (java.base@21.0.6)
 909:             1            120  jdk.internal.misc.InnocuousThread (java.base@21.0.6)
 910:             3            120  okhttp3.Dispatcher
 911:             3            120  okhttp3.internal.connection.RealConnectionPool
 912:             3            120  okhttp3.internal.connection.RealConnectionPool$cleanupTask$1
 913:             1            120  okio.AsyncTimeout$Watchdog
 914:             3            120  org.apache.logging.log4j.core.config.ConfigurationSource
 915:             5            120  org.apache.logging.log4j.core.pattern.PatternParser$ParserState
 916:             5            120  org.apache.logging.log4j.core.pattern.SimpleLiteralPatternConverter$StringValue
 917:             3            120  org.apache.logging.log4j.core.util.datetime.FixedDateFormat$FixedTimeZoneFormat
 918:             5            120  sun.reflect.generics.tree.FormalTypeParameter (java.base@21.0.6)
 919:             3            120  sun.util.resources.Bundles$BundleReference (java.base@21.0.6)
 920:             2            112  [Lcom.google.protobuf.DescriptorProtos$FieldOptions$OptionTargetType;
 921:             7            112  [Lio.opentelemetry.javaagent.shaded.instrumentation.api.instrumenter.ContextCustomizer;
 922:             7            112  [Lio.opentelemetry.javaagent.shaded.instrumentation.api.instrumenter.SpanLinksExtractor;
 923:             3            112  [Ljava.lang.invoke.LambdaFormEditor$Transform; (java.base@21.0.6)
 924:             1            112  [Ljava.lang.reflect.AccessFlag; (java.base@21.0.6)
 925:             5            112  [Ljava.lang.reflect.TypeVariable; (java.base@21.0.6)
 926:             2            112  [Ljava.nio.file.attribute.PosixFilePermission; (java.base@21.0.6)
 927:             1            112  [Ljava.time.LocalTime; (java.base@21.0.6)
 928:             2            112  [Ljavax.management.openmbean.OpenType; (java.management@21.0.6)
 929:             1            112  [Lnet.bytebuddy.ClassFileVersion;
 930:             1            112  [Lnet.bytebuddy.utility.JavaType;
 931:             3            112  [Lsun.invoke.util.ValueConversions$WrapperCache; (java.base@21.0.6)
 932:             2            112  com.google.protobuf.Descriptors$OneofDescriptor
 933:             1            112  dev.openfeature.contrib.providers.flagd.FlagdOptions
 934:             1            112  io.grpc.netty.NettyClientTransport$3
 935:             2            112  io.netty.channel.DefaultChannelHandlerContext
 936:             7            112  io.opentelemetry.javaagent.shaded.instrumentation.api.instrumenter.SpanSuppressors$ByContextKey
 937:             2            112  io.opentelemetry.javaagent.shaded.io.opentelemetry.context.internal.shaded.WeakConcurrentMap$WithInlinedExpunction
 938:             2            112  java.lang.invoke.BoundMethodHandle$Species_LLLLLL (java.base@21.0.6)
 939:             1            112  java.lang.invoke.BoundMethodHandle$Species_LLLLLLLLLLLLLLLLLLL (java.base@21.0.6)
 940:             2            112  java.nio.DirectIntBufferRU (java.base@21.0.6)
 941:             7            112  java.util.concurrent.atomic.AtomicReferenceArray (java.base@21.0.6)
 942:             7            112  jdk.proxy1.$Proxy0 (jdk.proxy1)
 943:             7            112  jdk.proxy1.$Proxy18 (jdk.proxy1)
 944:             1            112  net.bytebuddy.dynamic.loading.ByteArrayClassLoader
 945:             1            104  [Ljava.lang.reflect.ClassFileFormatVersion; (java.base@21.0.6)
 946:             1            104  [Lorg.apache.logging.log4j.core.util.datetime.FixedDateFormat$FixedFormat;
 947:             2            104  [Lsun.util.logging.PlatformLogger$Level; (java.base@21.0.6)
 948:             1            104  com.sun.crypto.provider.SunJCE (java.base@21.0.6)
 949:             1            104  com.sun.security.sasl.Provider (java.security.sasl@21.0.6)
 950:             1            104  com.sun.security.sasl.gsskerb.JdkSASL (jdk.security.jgss@21.0.6)
 951:             1            104  io.grpc.internal.ServerImpl
 952:             1            104  io.netty.channel.epoll.EpollServerSocketChannel
 953:             1            104  io.opentelemetry.sdk.trace.SdkSpan
 954:             1            104  jdk.internal.loader.ClassLoaders$AppClassLoader (java.base@21.0.6)
 955:             1            104  jdk.internal.loader.ClassLoaders$BootClassLoader (java.base@21.0.6)
 956:             1            104  jdk.internal.loader.ClassLoaders$PlatformClassLoader (java.base@21.0.6)
 957:             1            104  org.apache.logging.log4j.core.impl.MutableLogEvent
 958:             1            104  org.jcp.xml.dsig.internal.dom.XMLDSigRI (java.xml.crypto@21.0.6)
 959:             1            104  sun.net.www.protocol.file.FileURLConnection (java.base@21.0.6)
 960:             1            104  sun.net.www.protocol.jar.URLJarFile$URLJarFileEntry (java.base@21.0.6)
 961:             1            104  sun.security.ec.SunEC (jdk.crypto.ec@21.0.6)
 962:             1            104  sun.security.jca.ProviderList$1 (java.base@21.0.6)
 963:             1            104  sun.security.jgss.SunProvider (java.security.jgss@21.0.6)
 964:             1            104  sun.security.provider.Sun (java.base@21.0.6)
 965:             1            104  sun.security.provider.certpath.ldap.JdkLDAP (java.naming@21.0.6)
 966:             1            104  sun.security.rsa.SunRsaSign (java.base@21.0.6)
 967:             1            104  sun.security.smartcardio.SunPCSC (java.smartcardio@21.0.6)
 968:             1            104  sun.security.ssl.SunJSSE (java.base@21.0.6)
 969:             1             96  [Lcom.fasterxml.jackson.core.JsonParser$Feature;
 970:             1             96  [Lcom.fasterxml.jackson.core.JsonParser$Feature;
 971:             2             96  [Lio.opentelemetry.sdk.metrics.data.MetricDataType;
 972:             2             96  [Ljava.lang.System$Logger$Level; (java.base@21.0.6)
 973:             4             96  [Lorg.apache.logging.log4j.Marker;
 974:             2             96  [Lorg.apache.logging.log4j.spi.StandardLevel;
 975:             3             96  [Lsun.nio.fs.NativeBuffer; (java.base@21.0.6)
 976:             1             96  [Lsun.util.locale.BaseLocale; (java.base@21.0.6)
 977:             3             96  [[Ljava.util.concurrent.atomic.AtomicReference; (java.base@21.0.6)
 978:             3             96  com.google.common.io.BaseEncoding$Base64Encoding
 979:             3             96  com.google.protobuf.DescriptorProtos$FeatureSet$EnforceNamingStyle
 980:             3             96  com.google.protobuf.DescriptorProtos$FeatureSet$EnumType
 981:             3             96  com.google.protobuf.DescriptorProtos$FeatureSet$JsonFormat
 982:             3             96  com.google.protobuf.DescriptorProtos$FeatureSet$MessageEncoding
 983:             3             96  com.google.protobuf.DescriptorProtos$FeatureSet$RepeatedFieldEncoding
 984:             3             96  com.google.protobuf.DescriptorProtos$FeatureSet$Utf8Validation
 985:             2             96  com.google.protobuf.DescriptorProtos$FeatureSetDefaults
 986:             3             96  com.google.protobuf.DescriptorProtos$FieldDescriptorProto$Label
 987:             3             96  com.google.protobuf.DescriptorProtos$FieldOptions$OptionRetention
 988:             3             96  com.google.protobuf.DescriptorProtos$FileOptions$OptimizeMode
 989:             2             96  com.google.protobuf.DescriptorProtos$ServiceDescriptorProto
 990:             4             96  com.google.protobuf.Descriptors$DescriptorPool
 991:             3             96  com.google.protobuf.JavaFeaturesProto$JavaFeatures$Utf8Validation
 992:             2             96  com.sun.management.internal.GarbageCollectorExtImpl (jdk.management@21.0.6)
 993:             2             96  com.sun.management.internal.GcInfoBuilder (jdk.management@21.0.6)
 994:             3             96  com.sun.org.apache.xerces.internal.utils.XMLSecurityManager$NameMap (java.xml@21.0.6)
 995:             3             96  com.sun.org.apache.xerces.internal.xni.QName (java.xml@21.0.6)
 996:             4             96  dev.openfeature.sdk.ProviderEvent
 997:             4             96  io.grpc.CallOptions$Key
 998:             4             96  io.grpc.ChannelLogger$ChannelLogLevel
 999:             4             96  io.grpc.InternalChannelz$ChannelTrace$Event$Severity
1000:             4             96  io.grpc.internal.ClientStreamListener$RpcProgress
1001:             6             96  io.grpc.internal.SharedResourcePool
1002:             1             96  io.grpc.internal.TransportTracer
1003:             4             96  io.grpc.netty.Utils$DefaultEventLoopGroupResource
1004:             3             96  io.netty.buffer.EmptyByteBuf
1005:             2             96  io.netty.channel.DefaultChannelPipeline
1006:             4             96  io.netty.channel.DefaultChannelPipeline$AddStrategy
1007:             3             96  io.netty.handler.codec.CodecOutputList$CodecOutputLists
1008:             3             96  io.netty.util.AttributeKey
1009:             4             96  io.netty.util.ResourceLeakDetector$Level
1010:             3             96  io.netty.util.concurrent.DefaultThreadFactory
1011:             6             96  io.netty.util.internal.ObjectPool$RecyclerObjectPool
1012:             3             96  io.opentelemetry.exporter.internal.http.HttpExporter
1013:             4             96  io.opentelemetry.exporter.internal.marshal.ProtoSerializer
1014:             3             96  io.opentelemetry.exporter.internal.marshal.StatelessMarshalerUtil$Grouper
1015:             3             96  io.opentelemetry.exporter.sender.okhttp.internal.RetryInterceptor
1016:             3             96  io.opentelemetry.javaagent.extension.instrumentation.internal.injection.InjectionMode
1017:             2             96  io.opentelemetry.javaagent.shaded.instrumentation.api.semconv.http.HttpClientAttributesExtractor
1018:             4             96  io.opentelemetry.javaagent.shaded.instrumentation.api.semconv.network.internal.ServerAddressAndPortExtractor
1019:             6             96  io.opentelemetry.sdk.metrics.internal.exemplar.HistogramExemplarReservoir$HistogramCellSelector
1020:             6             96  io.opentelemetry.sdk.metrics.internal.exemplar.LongToDoubleExemplarReservoir
1021:             4             96  io.opentelemetry.sdk.metrics.internal.view.ExplicitBucketHistogramAggregation$$Lambda/0x00007f5a8e2e4418
1022:             3             96  java.io.FileInputStream (java.base@21.0.6)
1023:             2             96  java.io.PrintStream (java.base@21.0.6)
1024:             3             96  java.lang.Runtime$Version (java.base@21.0.6)
1025:             4             96  java.lang.ThreadLocal$SuppliedThreadLocal (java.base@21.0.6)
1026:             2             96  java.lang.invoke.BoundMethodHandle$Species_LJ (java.base@21.0.6)
1027:             4             96  java.net.InterfaceAddress (java.base@21.0.6)
1028:             2             96  java.net.NetworkInterface (java.base@21.0.6)
1029:             1             96  java.net.URLClassLoader (java.base@21.0.6)
1030:             3             96  java.util.HexFormat (java.base@21.0.6)
1031:             4             96  java.util.LinkedHashMap$LinkedEntrySet (java.base@21.0.6)
1032:             2             96  java.util.Locale$Category (java.base@21.0.6)
1033:             4             96  java.util.concurrent.ConcurrentLinkedDeque (java.base@21.0.6)
1034:             6             96  java.util.concurrent.CountDownLatch (java.base@21.0.6)
1035:             4             96  java.util.concurrent.LinkedBlockingQueue$Node (java.base@21.0.6)
1036:             3             96  java.util.concurrent.atomic.AtomicLongFieldUpdater$CASUpdater (java.base@21.0.6)
1037:             6             96  java.util.concurrent.locks.ReentrantReadWriteLock$ReadLock (java.base@21.0.6)
1038:             6             96  java.util.concurrent.locks.ReentrantReadWriteLock$Sync$ThreadLocalHoldCounter (java.base@21.0.6)
1039:             6             96  java.util.concurrent.locks.ReentrantReadWriteLock$WriteLock (java.base@21.0.6)
1040:             3             96  java.util.regex.Pattern$BnM (java.base@21.0.6)
1041:             2             96  java.util.regex.Pattern$GroupCurly (java.base@21.0.6)
1042:             4             96  java.util.regex.Pattern$Qtype (java.base@21.0.6)
1043:             4             96  java.util.regex.Pattern$Slice (java.base@21.0.6)
1044:             3             96  java.util.stream.MatchOps$MatchKind (java.base@21.0.6)
1045:             4             96  java.util.stream.StreamShape (java.base@21.0.6)
1046:             1             96  jdk.internal.jimage.ImageReader$SharedImageReader (java.base@21.0.6)
1047:             6             96  jdk.internal.loader.ClassLoaderValue (java.base@21.0.6)
1048:             3             96  jdk.internal.util.ClassFileDumper (java.base@21.0.6)
1049:             4             96  jdk.internal.util.OperatingSystem (java.base@21.0.6)
1050:             6             96  jdk.proxy1.$Proxy17 (jdk.proxy1)
1051:             3             96  net.bytebuddy.dynamic.scaffold.TypeWriter$MethodPool$Record$Sort
1052:             3             96  net.bytebuddy.implementation.bytecode.StackSize
1053:             4             96  net.bytebuddy.pool.TypePool$Default$LazyTypeDescription$TypeContainment$WithinMethod
1054:             4             96  net.bytebuddy.utility.RandomString
1055:             4             96  okhttp3.ConnectionSpec
1056:             3             96  okhttp3.MediaType
1057:             3             96  okhttp3.internal.concurrent.TaskQueue
1058:             4             96  okhttp3.internal.http1.HeadersReader
1059:             4             96  okhttp3.internal.http1.Http1ExchangeCodec$KnownLengthSink
1060:             2             96  org.apache.logging.log4j.core.lookup.RuntimeStrSubstitutor
1061:             3             96  org.apache.logging.log4j.core.pattern.MdcPatternConverter
1062:             4             96  org.apache.logging.log4j.util.LazyUtil$SafeLazy
1063:             3             96  sun.net.spi.DefaultProxySelector$NonProxyInfo (java.base@21.0.6)
1064:             3             96  sun.nio.fs.NativeBuffer (java.base@21.0.6)
1065:             3             96  sun.util.resources.Bundles$CacheKey (java.base@21.0.6)
1066:             1             88  [Lnet.bytebuddy.matcher.ModifierMatcher$Mode;
1067:             1             88  io.grpc.netty.NettyChannelBuilder$NettyTransportFactory
1068:             1             88  io.opentelemetry.javaagent.bootstrap.AgentClassLoader$PlatformDelegatingClassLoader
1069:             1             88  io.opentelemetry.javaagent.tooling.HelperInjector$1
1070:             1             88  io.opentelemetry.sdk.logs.export.BatchLogRecordProcessor$Worker
1071:             1             88  io.opentelemetry.sdk.trace.export.BatchSpanProcessor$Worker
1072:             2             80  [F (java.base@21.0.6)
1073:             2             80  [Lio.grpc.health.v1.HealthCheckResponse$ServingStatus;
1074:             1             80  [Lio.netty.handler.codec.http.HttpMethod$EnumNameMap$Node;
1075:             2             80  [Lio.netty.handler.codec.http.HttpStatusClass;
1076:             1             80  [Lio.netty.handler.codec.http2.HpackEncoder$NameEntry;
1077:             1             80  [Lio.netty.handler.codec.http2.HpackEncoder$NameValueEntry;
1078:             2             80  [Lio.opentelemetry.api.trace.SpanKind;
1079:             2             80  [Lio.opentelemetry.javaagent.shaded.io.opentelemetry.api.trace.SpanKind;
1080:             2             80  [Ljava.lang.OutOfMemoryError; (java.base@21.0.6)
1081:             3             80  [Ljava.lang.reflect.Field; (java.base@21.0.6)
1082:             1             80  [Ljava.time.temporal.ChronoUnit; (java.base@21.0.6)
1083:             2             80  [Ljava.util.stream.StreamOpFlag$Type; (java.base@21.0.6)
1084:             2             80  [Lorg.apache.logging.log4j.core.util.datetime.FastDatePrinter$Rule;
1085:             2             80  [Lsun.security.jca.ProviderConfig; (java.base@21.0.6)
1086:             2             80  [[Ljava.lang.invoke.MethodHandle; (java.base@21.0.6)
1087:             1             80  com.fasterxml.jackson.core.JsonFactory
1088:             5             80  com.google.common.collect.SingletonImmutableList
1089:             2             80  com.google.protobuf.DescriptorProtos$EnumDescriptorProto$EnumReservedRange
1090:             2             80  com.google.protobuf.GeneratedMessage$FieldAccessorTable$SingularMessageFieldAccessor
1091:             5             80  com.google.protobuf.SmallSortedMap$EntrySet
1092:             2             80  io.grpc.internal.ChannelTracer
1093:             1             80  io.grpc.internal.DnsNameResolver
1094:             1             80  io.grpc.internal.MessageDeframer
1095:             2             80  io.netty.channel.AbstractChannelHandlerContext$WriteTask
1096:             2             80  io.netty.channel.AdaptiveRecvByteBufAllocator
1097:             1             80  io.netty.channel.AdaptiveRecvByteBufAllocator$HandleImpl
1098:             5             80  io.netty.channel.epoll.EpollEventLoop$1
1099:             2             80  io.netty.handler.codec.http2.DefaultHttp2RemoteFlowController$FlowState
1100:             1             80  io.opentelemetry.javaagent.shaded.instrumentation.api.internal.EmbeddedInstrumentationProperties$BootstrapProxy
1101:             5             80  io.opentelemetry.javaagent.tooling.TransformSafeLogger
1102:             2             80  io.opentelemetry.sdk.trace.AutoValue_SpanLimits_SpanLimitsValue
1103:             2             80  java.io.BufferedOutputStream (java.base@21.0.6)
1104:             2             80  java.io.BufferedWriter (java.base@21.0.6)
1105:             2             80  java.lang.ModuleLayer (java.base@21.0.6)
1106:             2             80  java.lang.invoke.VarHandleBooleans$FieldInstanceReadWrite (java.base@21.0.6)
1107:             2             80  java.lang.ref.NativeReferenceQueue (java.base@21.0.6)
1108:             5             80  java.util.concurrent.ConcurrentHashMap$EntrySetView (java.base@21.0.6)
1109:             5             80  java.util.regex.Pattern$Begin (java.base@21.0.6)
1110:             2             80  jdk.internal.icu.impl.Trie2$UTrie2Header (java.base@21.0.6)
1111:             2             80  jdk.internal.math.FloatingDecimal$BinaryToASCIIBuffer (java.base@21.0.6)
1112:             5             80  jdk.proxy2.$Proxy13 (jdk.proxy2)
1113:             5             80  net.bytebuddy.description.type.TypeDescription$LazyProxy
1114:             2             80  net.bytebuddy.implementation.bytecode.member.FieldAccess
1115:             5             80  net.bytebuddy.matcher.MethodSortMatcher
1116:             1             80  net.bytebuddy.utility.dispatcher.JavaDispatcher$DynamicClassLoader
1117:             2             80  okhttp3.CacheControl
1118:             5             80  okhttp3.Headers
1119:             5             80  org.apache.logging.log4j.core.lookup.StrMatcher$CharMatcher
1120:             2             80  org.apache.logging.log4j.core.util.WatchManager
1121:             5             80  org.apache.logging.log4j.core.util.datetime.FastDatePrinter$CharacterLiteral
1122:             2             80  sun.management.MemoryManagerImpl (java.management@21.0.6)
1123:             1             80  sun.util.cldr.CLDRLocaleProviderAdapter (java.base@21.0.6)
1124:             2             80  sun.util.locale.provider.LocaleResources (java.base@21.0.6)
1125:             1             72  [Lcom.fasterxml.jackson.core.JsonGenerator$Feature;
1126:             1             72  [Lcom.fasterxml.jackson.core.JsonGenerator$Feature;
1127:             2             72  [Lcom.google.common.collect.ImmutableMapEntry;
1128:             4             72  [Lio.netty.util.AsciiString;
1129:             3             72  [Ljava.net.InetAddress; (java.base@21.0.6)
1130:             1             72  [Ljavax.management.openmbean.SimpleType; (java.management@21.0.6)
1131:             1             72  [Lnet.bytebuddy.description.annotation.AnnotationValue$Sort;
1132:             1             72  [Lorg.apache.logging.log4j.core.pattern.LogEventPatternConverter;
1133:             3             72  com.fasterxml.jackson.core.Base64Variant$PaddingReadBehaviour
1134:             1             72  com.fasterxml.jackson.core.sym.ByteQuadsCanonicalizer
1135:             3             72  com.google.protobuf.Descriptors$DescriptorPool$SearchFilter
1136:             3             72  com.google.protobuf.Descriptors$FieldDescriptor$Sensitivity
1137:             3             72  com.google.protobuf.Extension$ExtensionType
1138:             3             72  com.google.protobuf.MapField$StorageMode
1139:             3             72  dev.openfeature.sdk.internal.AutoCloseableReentrantReadWriteLock
1140:             3             72  io.grpc.Context
1141:             3             72  io.grpc.SecurityLevel
1142:             3             72  io.grpc.ServerMethodDefinition
1143:             3             72  io.grpc.TlsChannelCredentials$Feature
1144:             3             72  io.grpc.TlsServerCredentials$Feature
1145:             1             72  io.grpc.internal.ClientCallImpl
1146:             3             72  io.grpc.internal.ManagedChannelImpl$ResolutionState
1147:             1             72  io.grpc.internal.MessageFramer
1148:             3             72  io.grpc.internal.SharedResourceHolder$Instance
1149:             3             72  io.grpc.netty.NegotiationType
1150:             3             72  io.grpc.stub.ClientCalls$StubType
1151:             3             72  io.grpc.stub.ServerCalls$UnaryServerCallHandler
1152:             3             72  io.netty.buffer.UnreleasableByteBuf
1153:             3             72  io.netty.channel.ChannelMetadata
1154:             3             72  io.netty.channel.SucceededChannelFuture
1155:             1             72  io.netty.channel.epoll.EpollServerSocketChannelConfig
1156:             3             72  io.netty.handler.codec.http2.HpackDecoder$HeaderType
1157:             3             72  io.netty.handler.codec.http2.HpackUtil$IndexType
1158:             3             72  io.netty.handler.codec.http2.Http2Exception$ShutdownHint
1159:             3             72  io.netty.util.concurrent.PromiseTask$SentinelRunnable
1160:             3             72  io.opentelemetry.exporter.internal.TlsConfigHelper
1161:             1             72  io.opentelemetry.javaagent.shaded.instrumentation.api.instrumenter.PropagatingFromUpstreamInstrumenter
1162:             1             72  io.opentelemetry.javaagent.shaded.instrumentation.api.instrumenter.PropagatingToDownstreamInstrumenter
1163:             3             72  io.opentelemetry.javaagent.shaded.instrumentation.api.internal.cache.concurrentlinkedhashmap.LinkedDeque
1164:             3             72  io.opentelemetry.javaagent.shaded.instrumentation.netty.v4.common.internal.client.NettyConnectionInstrumentationFlag
1165:             3             72  io.opentelemetry.javaagent.shaded.instrumentation.runtimemetrics.java8.internal.CpuMethods$$Lambda/0x00007f5a8e2d9c20
1166:             3             72  io.opentelemetry.javaagent.shaded.io.opentelemetry.api.baggage.propagation.Parser$State
1167:             3             72  io.opentelemetry.javaagent.shaded.io.opentelemetry.api.trace.StatusCode
1168:             3             72  io.opentelemetry.javaagent.shaded.io.opentelemetry.context.internal.shaded.WeakConcurrentMap$LookupKey
1169:             3             72  io.opentelemetry.sdk.internal.ScopeConfiguratorBuilder
1170:             3             72  io.opentelemetry.sdk.logs.ExtendedSdkLogger
1171:             3             72  io.opentelemetry.sdk.metrics.internal.view.ExplicitBucketHistogramAggregation
1172:             3             72  io.opentelemetry.sdk.trace.SdkSpan$EndState
1173:             3             72  io.opentelemetry.sdk.trace.data.AutoValue_ImmutableStatusData
1174:             3             72  io.opentelemetry.sdk.trace.samplers.AutoValue_ImmutableSamplingResult
1175:             3             72  io.opentelemetry.sdk.trace.samplers.SamplingDecision
1176:             3             72  java.io.ByteArrayOutputStream (java.base@21.0.6)
1177:             3             72  java.io.OutputStreamWriter (java.base@21.0.6)
1178:             3             72  java.lang.ProcessImpl$LaunchMechanism (java.base@21.0.6)
1179:             3             72  java.lang.StackStreamFactory$WalkerState (java.base@21.0.6)
1180:             3             72  java.lang.StackWalker$Option (java.base@21.0.6)
1181:             3             72  java.lang.WeakPairMap (java.base@21.0.6)
1182:             3             72  java.lang.annotation.RetentionPolicy (java.base@21.0.6)
1183:             3             72  java.lang.invoke.MethodHandleImpl$ArrayAccess (java.base@21.0.6)
1184:             3             72  java.net.Proxy$Type (java.base@21.0.6)
1185:             3             72  java.net.Socket$SocketInputStream (java.base@21.0.6)
1186:             3             72  java.net.Socket$SocketOutputStream (java.base@21.0.6)
1187:             3             72  java.net.StandardProtocolFamily (java.base@21.0.6)
1188:             3             72  java.security.SecurityPermission (java.base@21.0.6)
1189:             3             72  java.time.Instant (java.base@21.0.6)
1190:             3             72  java.time.LocalDate (java.base@21.0.6)
1191:             3             72  java.time.ZoneOffset (java.base@21.0.6)
1192:             3             72  java.util.Comparators$NullComparator (java.base@21.0.6)
1193:             3             72  java.util.LinkedHashMap$LinkedValues (java.base@21.0.6)
1194:             3             72  java.util.concurrent.locks.ReentrantReadWriteLock (java.base@21.0.6)
1195:             3             72  java.util.stream.Collector$Characteristics (java.base@21.0.6)
1196:             3             72  java.util.zip.ZipCoder$Comparison (java.base@21.0.6)
1197:             3             72  jdk.internal.math.FloatingDecimal$ExceptionalBinaryToASCIIBuffer (java.base@21.0.6)
1198:             3             72  jdk.internal.misc.Signal (java.base@21.0.6)
1199:             3             72  net.bytebuddy.description.annotation.AnnotationValue$ForConstant
1200:             3             72  net.bytebuddy.description.annotation.AnnotationValue$State
1201:             3             72  okhttp3.Route
1202:             3             72  okio.AsyncTimeout$sink$1
1203:             3             72  okio.AsyncTimeout$source$1
1204:             3             72  okio.InputStreamSource
1205:             3             72  okio.OutputStreamSink
1206:             3             72  okio.RealBufferedSource
1207:             3             72  sun.instrument.TransformerManager$TransformerInfo (java.instrument@21.0.6)
1208:             1             72  sun.net.www.protocol.jar.JarURLConnection (java.base@21.0.6)
1209:             3             72  sun.nio.ch.Util$BufferCache (java.base@21.0.6)
1210:             3             72  sun.nio.fs.NativeBuffer$Deallocator (java.base@21.0.6)
1211:             3             72  sun.security.provider.NativePRNG$Variant (java.base@21.0.6)
1212:             1             64  [Lcom.fasterxml.jackson.dataformat.yaml.YAMLGenerator$Feature;
1213:             2             64  [Lcom.google.protobuf.DescriptorProtos$FeatureSet$EnforceNamingStyle;
1214:             2             64  [Lcom.google.protobuf.DescriptorProtos$FeatureSet$EnumType;
1215:             2             64  [Lcom.google.protobuf.DescriptorProtos$FeatureSet$FieldPresence;
1216:             2             64  [Lcom.google.protobuf.DescriptorProtos$FeatureSet$JsonFormat;
1217:             2             64  [Lcom.google.protobuf.DescriptorProtos$FeatureSet$MessageEncoding;
1218:             2             64  [Lcom.google.protobuf.DescriptorProtos$FeatureSet$RepeatedFieldEncoding;
1219:             2             64  [Lcom.google.protobuf.DescriptorProtos$FeatureSet$Utf8Validation;
1220:             2             64  [Lcom.google.protobuf.DescriptorProtos$FieldDescriptorProto$Label;
1221:             2             64  [Lcom.google.protobuf.DescriptorProtos$FieldOptions$OptionRetention;
1222:             2             64  [Lcom.google.protobuf.DescriptorProtos$FileOptions$OptimizeMode;
1223:             3             64  [Lcom.google.protobuf.Descriptors$OneofDescriptor;
1224:             2             64  [Lcom.google.protobuf.JavaFeaturesProto$JavaFeatures$Utf8Validation;
1225:             2             64  [Lio.grpc.TlsChannelCredentials$Feature;
1226:             2             64  [Lio.grpc.TlsServerCredentials$Feature;
1227:             2             64  [Ljava.lang.StackWalker$Option; (java.base@21.0.6)
1228:             2             64  [Ljava.lang.annotation.RetentionPolicy; (java.base@21.0.6)
1229:             1             64  [Ljava.lang.invoke.MethodHandleImpl$Intrinsic; (java.base@21.0.6)
1230:             2             64  [Ljava.nio.charset.CoderResult; (java.base@21.0.6)
1231:             2             64  [Ljava.util.stream.Collector$Characteristics; (java.base@21.0.6)
1232:             2             64  [Ljdk.internal.util.OperatingSystem; (java.base@21.0.6)
1233:             2             64  [Lokhttp3.Protocol;
1234:             1             64  [Lsun.reflect.annotation.TypeAnnotation$TypeAnnotationTarget; (java.base@21.0.6)
1235:             2             64  com.fasterxml.jackson.core.StreamWriteCapability
1236:             2             64  com.fasterxml.jackson.core.io.ContentReference
1237:             1             64  com.fasterxml.jackson.core.sym.CharsToNameCanonicalizer
1238:             1             64  com.fasterxml.jackson.databind.cfg.BaseSettings
1239:             2             64  com.fasterxml.jackson.dataformat.yaml.YAMLParser$Feature
1240:             2             64  com.google.common.io.BaseEncoding$StandardBaseEncoding
1241:             1             64  com.google.protobuf.CodedInputStream$ArrayDecoder
1242:             2             64  com.sun.org.apache.xerces.internal.utils.XMLSecurityPropertyManager$Property (java.xml@21.0.6)
1243:             1             64  dev.openfeature.contrib.providers.flagd.FlagdProvider
1244:             2             64  dev.openfeature.contrib.providers.flagd.resolver.rpc.cache.CacheType
1245:             2             64  io.grpc.LoadBalancer$PickResult
1246:             2             64  io.grpc.internal.CompositeReadableBuffer
1247:             1             64  io.grpc.netty.AbstractNettyHandler$FlowControlPinger
1248:             4             64  io.netty.buffer.PoolThreadCache$FreeOnFinalize
1249:             2             64  io.netty.channel.DefaultChannelId
1250:             2             64  io.netty.channel.epoll.EpollEventLoopGroup
1251:             1             64  io.netty.channel.epoll.EpollSocketChannelConfig
1252:             1             64  io.netty.handler.codec.http2.HpackEncoder
1253:             1             64  io.netty.util.concurrent.GlobalEventExecutor
1254:             2             64  io.opentelemetry.api.internal.InternalAttributeKeyImpl
1255:             2             64  io.opentelemetry.javaagent.instrumentation.opentelemetryapi.context.ContextKeyBridge
1256:             4             64  io.opentelemetry.javaagent.shaded.instrumentation.api.semconv.network.internal.InternalServerAttributesExtractor
1257:             2             64  io.opentelemetry.javaagent.shaded.instrumentation.grpc.v1_6.GrpcSpanStatusExtractor
1258:             2             64  io.opentelemetry.javaagent.shaded.io.opentelemetry.api.internal.AutoValue_ImmutableSpanContext
1259:             2             64  io.opentelemetry.sdk.common.CompletableResultCode
1260:             1             64  io.opentelemetry.sdk.internal.AttributesMap
1261:             2             64  io.opentelemetry.sdk.trace.samplers.ParentBasedSampler
1262:             2             64  java.io.ByteArrayInputStream (java.base@21.0.6)
1263:             2             64  java.io.FileOutputStream (java.base@21.0.6)
1264:             1             64  java.lang.Class$ReflectionData (java.base@21.0.6)
1265:             4             64  java.lang.Float (java.base@21.0.6)
1266:             2             64  java.lang.invoke.MethodHandles$Lookup$ClassOption (java.base@21.0.6)
1267:             2             64  java.lang.invoke.VarHandleByteArrayAsInts$ArrayHandle (java.base@21.0.6)
1268:             2             64  java.lang.invoke.VarHandleByteArrayAsLongs$ArrayHandle (java.base@21.0.6)
1269:             2             64  java.lang.management.MemoryType (java.management@21.0.6)
1270:             2             64  java.lang.module.ModuleDescriptor$Version (java.base@21.0.6)
1271:             2             64  java.lang.ref.ReferenceQueue$Null (java.base@21.0.6)
1272:             2             64  java.util.Collections$SynchronizedMap (java.base@21.0.6)
1273:             2             64  java.util.UUID (java.base@21.0.6)
1274:             2             64  java.util.concurrent.LinkedTransferQueue$DualNode (java.base@21.0.6)
1275:             2             64  java.util.concurrent.ScheduledThreadPoolExecutor$DelayedWorkQueue (java.base@21.0.6)
1276:             4             64  java.util.concurrent.atomic.AtomicLongArray (java.base@21.0.6)
1277:             1             64  java.util.logging.LogManager$RootLogger (java.logging@21.0.6)
1278:             2             64  java.util.stream.FindOps$FindOp (java.base@21.0.6)
1279:             4             64  jdk.internal.util.Preconditions$4 (java.base@21.0.6)
1280:             4             64  jdk.proxy2.$Proxy15 (jdk.proxy2)
1281:             4             64  jdk.proxy3.$Proxy29 (jdk.proxy3)
1282:             4             64  jdk.proxy3.$Proxy33 (jdk.proxy3)
1283:             2             64  net.bytebuddy.NamingStrategy$SuffixingRandom
1284:             2             64  net.bytebuddy.agent.builder.AgentBuilder$PoolStrategy$Default
1285:             2             64  net.bytebuddy.agent.builder.AgentBuilder$RawMatcher$Trivial
1286:             2             64  net.bytebuddy.agent.builder.AgentBuilderUtil$$Lambda/0x00007f5a8e12fa38
1287:             2             64  net.bytebuddy.asm.Advice$OffsetMapping$Factory$AdviceType
1288:             2             64  net.bytebuddy.description.modifier.SyntheticState
1289:             4             64  net.bytebuddy.description.type.TypeDescription$Generic$LazyProxy
1290:             2             64  net.bytebuddy.dynamic.scaffold.MethodGraph$Compiler$Default$Merger$Directional
1291:             2             64  net.bytebuddy.dynamic.scaffold.TypeValidation
1292:             2             64  net.bytebuddy.dynamic.scaffold.TypeWriter$Default$ValidatingClassVisitor$Constraint$ForClass
1293:             2             64  net.bytebuddy.dynamic.scaffold.TypeWriter$Default$ValidatingClassVisitor$Constraint$ForInterface
1294:             2             64  net.bytebuddy.dynamic.scaffold.subclass.SubclassImplementationTarget$Factory
1295:             2             64  net.bytebuddy.implementation.attribute.AnnotationRetention
1296:             2             64  net.bytebuddy.implementation.bytecode.assign.Assigner$Typing
1297:             4             64  net.bytebuddy.matcher.ArrayTypeMatcher
1298:             2             64  net.bytebuddy.pool.TypePool$Default$ReaderMode
1299:             4             64  okio.RealBufferedSink$outputStream$1
1300:             1             64  org.apache.commons.collections4.map.LRUMap
1301:             2             64  org.apache.logging.log4j.core.config.ConfigurationScheduler
1302:             1             64  org.apache.logging.log4j.core.layout.PatternLayout
1303:             4             64  org.apache.logging.log4j.core.lookup.StrMatcher$StringMatcher
1304:             2             64  org.apache.logging.log4j.core.pattern.DatePatternConverter$PatternFormatter
1305:             4             64  org.apache.logging.log4j.core.util.datetime.FastDatePrinter$TwoDigitNumberField
1306:             2             64  sun.security.provider.FileInputStreamPool$StreamRef (java.base@21.0.6)
1307:             1             64  sun.security.provider.certpath.ldap.JdkLDAP$ProviderService (java.naming@21.0.6)
1308:             1             64  sun.security.smartcardio.SunPCSC$ProviderService (java.smartcardio@21.0.6)
1309:             1             56  [Lcom.google.protobuf.Descriptors$FieldDescriptor$JavaType;
1310:             1             56  [Lcom.google.protobuf.WireFormat$JavaType;
1311:             1             56  [Lcom.sun.org.apache.xerces.internal.impl.XMLScanner$NameType; (java.xml@21.0.6)
1312:             1             56  [Lcom.sun.org.apache.xerces.internal.utils.XMLSecurityManager$Limit; (java.xml@21.0.6)
1313:             2             56  [Lio.netty.util.concurrent.EventExecutor;
1314:             1             56  [Ljava.lang.Runnable; (java.base@21.0.6)
1315:             1             56  [Ljava.lang.reflect.AccessFlag$Location; (java.base@21.0.6)
1316:             1             56  [Ljava.nio.file.StandardOpenOption; (java.base@21.0.6)
1317:             1             56  [Ljava.util.logging.Level; (java.logging@21.0.6)
1318:             1             56  [Lnet.bytebuddy.asm.Advice$Dispatcher$RelocationHandler$ForValue;
1319:             1             56  [Lnet.bytebuddy.description.annotation.AnnotationValue$ForConstant$PropertyDelegate$ForArrayType;
1320:             1             56  [Lnet.bytebuddy.description.annotation.AnnotationValue$ForConstant$PropertyDelegate$ForNonArrayType;
1321:             1             56  [Lnet.bytebuddy.implementation.bytecode.constant.ClassConstant;
1322:             1             56  [Lnet.bytebuddy.matcher.StringMatcher$Mode;
1323:             1             56  [[I (java.base@21.0.6)
1324:             3             56  [[Ljava.lang.Object; (java.base@21.0.6)
1325:             1             56  io.grpc.NameResolver$Args
1326:             1             56  io.grpc.internal.DelayedClientTransport
1327:             1             56  io.grpc.netty.NettyClientStream
1328:             1             56  io.netty.channel.ServerChannelRecvByteBufAllocator$1
1329:             1             56  io.netty.handler.codec.http2.DefaultHttp2ConnectionDecoder
1330:             1             56  io.opentelemetry.javaagent.shaded.instrumentation.api.incubator.config.internal.CommonConfig
1331:             1             56  java.lang.invoke.BoundMethodHandle$Specializer (java.base@21.0.6)
1332:             1             56  java.net.SocketPermission (java.base@21.0.6)
1333:             1             56  java.nio.HeapCharBuffer (java.base@21.0.6)
1334:             1             56  java.util.ServiceLoader (java.base@21.0.6)
1335:             1             56  java.util.logging.ConsoleHandler (java.logging@21.0.6)
1336:             1             56  java.util.logging.LogManager (java.logging@21.0.6)
1337:             1             56  java.util.zip.ZipFile$ZipFileInputStream (java.base@21.0.6)
1338:             1             56  jdk.internal.org.objectweb.asm.Label (java.base@21.0.6)
1339:             1             56  okio.AsyncTimeout
1340:             1             56  org.apache.logging.log4j.core.LoggerContext
1341:             1             56  org.apache.logging.log4j.core.impl.Log4jProvider
1342:             1             56  org.apache.logging.log4j.status.StatusLogger
1343:             1             56  org.objectweb.asm.Label
1344:             1             56  sun.security.provider.SHA (java.base@21.0.6)
1345:             1             48  [Lcom.fasterxml.jackson.core.json.JsonWriteFeature;
1346:             3             48  [Lcom.fasterxml.jackson.databind.JavaType;
1347:             1             48  [Lcom.google.protobuf.Descriptors$MethodDescriptor;
1348:             1             48  [Ldev.openfeature.sdk.ErrorCode;
1349:             1             48  [Lio.netty.handler.codec.http2.Http2Stream$State;
1350:             1             48  [Lio.opentelemetry.api.common.AttributeType;
1351:             1             48  [Lio.opentelemetry.javaagent.shaded.io.opentelemetry.api.common.AttributeType;
1352:             1             48  [Lio.opentelemetry.javaagent.shaded.io.opentelemetry.api.common.ValueType;
1353:             1             48  [Lio.opentelemetry.sdk.metrics.InstrumentType;
1354:             1             48  [Ljava.lang.management.MemoryPoolMXBean; (java.management@21.0.6)
1355:             1             48  [Ljava.lang.reflect.ProxyGenerator$PrimitiveTypeInfo; (java.base@21.0.6)
1356:             1             48  [Ljava.math.RoundingMode; (java.base@21.0.6)
1357:             2             48  [Ljava.net.InterfaceAddress; (java.base@21.0.6)
1358:             2             48  [Ljava.time.ZoneOffset; (java.base@21.0.6)
1359:             1             48  [Ljava.util.concurrent.ForkJoinPool$WorkQueue; (java.base@21.0.6)
1360:             1             48  [Ljava.util.concurrent.TimeUnit; (java.base@21.0.6)
1361:             1             48  [Ljdk.xml.internal.JdkProperty$State; (java.xml@21.0.6)
1362:             1             48  [Lnet.bytebuddy.description.modifier.MethodManifestation;
1363:             1             48  [Lnet.bytebuddy.description.type.TypeDescription$Generic$Visitor$Validator;
1364:             2             48  [Lnet.bytebuddy.implementation.bytecode.assign.Assigner$Typing;
1365:             1             48  [Lnet.bytebuddy.implementation.bytecode.assign.primitive.PrimitiveWideningDelegate;
1366:             1             48  [Lnet.bytebuddy.implementation.bytecode.constant.IntegerConstant;
1367:             1             48  [Lnet.bytebuddy.implementation.bytecode.member.MethodInvocation;
1368:             2             48  [Lorg.apache.logging.log4j.core.appender.ConsoleAppender$Target;
1369:             2             48  [Lsun.instrument.TransformerManager$TransformerInfo; (java.instrument@21.0.6)
1370:             1             48  com.fasterxml.jackson.core.StreamReadConstraints
1371:             3             48  com.fasterxml.jackson.core.util.JacksonFeatureSet
1372:             2             48  com.fasterxml.jackson.databind.util.LRUMap
1373:             1             48  com.fasterxml.jackson.databind.util.StdDateFormat
1374:             2             48  com.fasterxml.jackson.databind.util.internal.LinkedDeque
1375:             1             48  com.google.common.collect.ImmutableListMultimap
1376:             2             48  com.google.common.collect.ImmutableMapEntry$NonTerminalImmutableMapEntry
1377:             1             48  com.google.protobuf.DescriptorProtos$EnumOptions
1378:             1             48  com.google.protobuf.DescriptorProtos$EnumValueOptions
1379:             1             48  com.google.protobuf.DescriptorProtos$OneofOptions
1380:             1             48  com.google.protobuf.DescriptorProtos$ServiceOptions
1381:             1             48  com.google.protobuf.Descriptors$ServiceDescriptor
1382:             2             48  com.google.protobuf.RuntimeVersion$RuntimeDomain
1383:             3             48  com.sun.org.apache.xerces.internal.impl.dv.dtd.ListDatatypeValidator (java.xml@21.0.6)
1384:             3             48  com.sun.proxy.jdk.proxy1.$Proxy1 (jdk.proxy1)
1385:             1             48  dev.openfeature.contrib.providers.flagd.resolver.rpc.RpcResolver
1386:             1             48  dev.openfeature.flagd.grpc.evaluation.Evaluation$EventStreamResponse
1387:             1             48  dev.openfeature.flagd.grpc.evaluation.Evaluation$ResolveBooleanRequest
1388:             1             48  dev.openfeature.flagd.grpc.evaluation.Evaluation$ResolveBooleanResponse
1389:             3             48  dev.openfeature.sdk.ImmutableMetadata
1390:             1             48  dev.openfeature.sdk.OpenFeatureClient
1391:             2             48  io.grpc.ClientInterceptors$InterceptorChannel
1392:             2             48  io.grpc.DecompressorRegistry$DecompressorInfo
1393:             1             48  io.grpc.InternalChannelz$ServerSocketMap
1394:             2             48  io.grpc.InternalKnownTransport
1395:             2             48  io.grpc.LoadBalancer$CreateSubchannelArgs$Key
1396:             2             48  io.grpc.ServerServiceDefinition
1397:             2             48  io.grpc.ServiceDescriptor
1398:             2             48  io.grpc.SynchronizationContext
1399:             2             48  io.grpc.health.v1.HealthGrpc$MethodHandlers
1400:             2             48  io.grpc.internal.CallCredentialsApplyingTransportFactory
1401:             1             48  io.grpc.internal.CallCredentialsApplyingTransportFactory$CallCredentialsApplyingTransport
1402:             2             48  io.grpc.internal.ChannelLoggerImpl
1403:             2             48  io.grpc.internal.ManagedChannelImpl$ExecutorHolder
1404:             1             48  io.grpc.internal.ManagedChannelImpl$SubchannelImpl
1405:             1             48  io.grpc.internal.ManagedChannelOrphanWrapper$ManagedChannelReference
1406:             2             48  io.grpc.internal.MessageDeframer$State
1407:             1             48  io.grpc.internal.Rescheduler
1408:             2             48  io.grpc.internal.StatsTraceContext
1409:             2             48  io.grpc.netty.Utils$EventLoopGroupType
1410:             1             48  io.netty.bootstrap.ServerBootstrap$ServerBootstrapAcceptor
1411:             2             48  io.netty.buffer.PoolArena$SizeClass
1412:             2             48  io.netty.buffer.PooledByteBufAllocator$1
1413:             2             48  io.netty.buffer.PooledByteBufAllocator$PoolThreadLocalCache
1414:             1             48  io.netty.buffer.UnpooledByteBufAllocator$InstrumentedUnpooledUnsafeHeapByteBuf
1415:             1             48  io.netty.buffer.UnpooledHeapByteBuf
1416:             2             48  io.netty.channel.VoidChannelPromise$1
1417:             2             48  io.netty.channel.epoll.AbstractEpollChannel$AbstractEpollUnsafe$1
1418:             1             48  io.netty.channel.epoll.AbstractEpollServerChannel$EpollServerSocketUnsafe
1419:             1             48  io.netty.channel.epoll.EpollSocketChannel$EpollSocketChannelUnsafe
1420:             2             48  io.netty.channel.epoll.LinuxSocket
1421:             1             48  io.netty.handler.codec.http2.DefaultHttp2Connection
1422:             1             48  io.netty.handler.codec.http2.DefaultHttp2Connection$ConnectionStream
1423:             2             48  io.netty.handler.codec.http2.DefaultHttp2Connection$DefaultStream$PropertyMap
1424:             1             48  io.netty.handler.codec.http2.DefaultHttp2LocalFlowController$AutoRefillState
1425:             1             48  io.netty.handler.codec.http2.DefaultHttp2LocalFlowController$DefaultState
1426:             1             48  io.netty.handler.codec.http2.HpackDecoder
1427:             2             48  io.netty.handler.codec.http2.Http2FrameLogger$Direction
1428:             1             48  io.netty.handler.codec.http2.Http2Settings
1429:             1             48  io.netty.util.ResourceLeakDetector$TraceRecord$1
1430:             2             48  io.netty.util.concurrent.DefaultEventExecutorChooserFactory$PowerOfTwoEventExecutorChooser
1431:             2             48  io.netty.util.concurrent.MultithreadEventExecutorGroup$1
1432:             3             48  io.opentelemetry.exporter.internal.http.HttpExporterBuilder$$Lambda/0x00007f5a8e190450
1433:             3             48  io.opentelemetry.exporter.sender.okhttp.internal.RetryInterceptor$$Lambda/0x00007f5a8e1b2cd0
1434:             2             48  io.opentelemetry.javaagent.shaded.instrumentation.api.annotation.support.MethodCache
1435:             1             48  io.opentelemetry.javaagent.shaded.instrumentation.api.instrumenter.UnsafeAttributes
1436:             3             48  io.opentelemetry.javaagent.shaded.instrumentation.api.internal.cache.MapBackedCache
1437:             3             48  io.opentelemetry.javaagent.shaded.instrumentation.api.semconv.network.NetworkAttributesExtractor
1438:             2             48  io.opentelemetry.javaagent.shaded.instrumentation.grpc.v1_6.GrpcAttributesExtractor
1439:             2             48  io.opentelemetry.javaagent.shaded.instrumentation.runtimemetrics.java8.GarbageCollector$$Lambda/0x00007f5a8e2e4848
1440:             2             48  io.opentelemetry.javaagent.shaded.instrumentation.runtimemetrics.java8.GarbageCollector$GcNotificationListener
1441:             2             48  io.opentelemetry.javaagent.shaded.io.opentelemetry.semconv.AttributeKeyTemplate
1442:             3             48  io.opentelemetry.javaagent.slf4j.helpers.BasicMarkerFactory
1443:             2             48  io.opentelemetry.javaagent.slf4j.helpers.Reporter$TargetChoice
1444:             1             48  io.opentelemetry.javaagent.slf4j.simple.SimpleLoggerConfiguration
1445:             2             48  io.opentelemetry.javaagent.tooling.ignore.IgnoreAllow
1446:             3             48  io.opentelemetry.javaagent.tooling.util.TrieImpl
1447:             2             48  io.opentelemetry.sdk.common.export.MemoryMode
1448:             3             48  io.opentelemetry.sdk.internal.ScopeConfiguratorBuilder$$Lambda/0x00007f5a8e1b5888
1449:             2             48  io.opentelemetry.sdk.metrics.InstrumentBuilder$$Lambda/0x00007f5a8e2db4e0
1450:             2             48  io.opentelemetry.sdk.metrics.InstrumentValueType
1451:             2             48  io.opentelemetry.sdk.metrics.data.AggregationTemporality
1452:             1             48  io.opentelemetry.sdk.metrics.export.PeriodicMetricReader
1453:             2             48  io.opentelemetry.sdk.metrics.internal.aggregator.LongLastValueAggregator
1454:             3             48  io.opentelemetry.sdk.metrics.internal.view.AdviceAttributesProcessor
1455:             1             48  io.opentelemetry.sdk.trace.TracerSharedState
1456:             1             48  java.io.BufferedInputStream (java.base@21.0.6)
1457:             2             48  java.io.File$PathStatus (java.base@21.0.6)
1458:             1             48  java.lang.NullPointerException (java.base@21.0.6)
1459:             1             48  java.lang.invoke.BoundMethodHandle$Specializer$Factory (java.base@21.0.6)
1460:             2             48  java.lang.invoke.MethodHandleImpl$BindCaller$InjectedInvokerHolder (java.base@21.0.6)
1461:             1             48  java.lang.invoke.VarHandleReferences$Array (java.base@21.0.6)
1462:             2             48  java.lang.management.ManagementPermission (java.management@21.0.6)
1463:             3             48  java.nio.charset.CodingErrorAction (java.base@21.0.6)
1464:             3             48  java.text.AttributedCharacterIterator$Attribute (java.base@21.0.6)
1465:             2             48  java.time.LocalDateTime (java.base@21.0.6)
1466:             3             48  java.util.Collections$UnmodifiableCollection (java.base@21.0.6)
1467:             2             48  java.util.Comparator$$Lambda/0x00007f5a8e1e0388 (java.base@21.0.6)
1468:             2             48  java.util.Date (java.base@21.0.6)
1469:             3             48  java.util.Optional (java.base@21.0.6)
1470:             3             48  java.util.ResourceBundle$NoFallbackControl (java.base@21.0.6)
1471:             2             48  java.util.concurrent.Executors$RunnableAdapter (java.base@21.0.6)
1472:             2             48  java.util.concurrent.locks.ReentrantReadWriteLock$Sync$HoldCounter (java.base@21.0.6)
1473:             2             48  java.util.logging.Logger$LoggerBundle (java.logging@21.0.6)
1474:             2             48  java.util.logging.LoggingPermission (java.logging@21.0.6)
1475:             2             48  java.util.regex.Pattern$Dollar (java.base@21.0.6)
1476:             2             48  java.util.regex.Pattern$StartS (java.base@21.0.6)
1477:             1             48  java.util.zip.ZipFile$ZipFileInflaterInputStream (java.base@21.0.6)
1478:             1             48  javax.management.openmbean.TabularType (java.management@21.0.6)
1479:             1             48  jdk.internal.icu.impl.UCharacterProperty (java.base@21.0.6)
1480:             3             48  jdk.internal.icu.util.VersionInfo (java.base@21.0.6)
1481:             1             48  jdk.internal.jimage.ImageHeader (java.base@21.0.6)
1482:             2             48  jdk.internal.misc.Signal$NativeHandler (java.base@21.0.6)
1483:             2             48  jdk.internal.module.ModuleHashes (java.base@21.0.6)
1484:             3             48  jdk.internal.module.ServicesCatalog (java.base@21.0.6)
1485:             2             48  jdk.internal.reflect.ReflectionFactory$Config (java.base@21.0.6)
1486:             3             48  jdk.proxy2.$Proxy9 (jdk.proxy2)
1487:             1             48  net.bytebuddy.asm.Advice$Dispatcher$RelocationHandler$ForValue$1
1488:             1             48  net.bytebuddy.asm.Advice$Dispatcher$RelocationHandler$ForValue$2
1489:             1             48  net.bytebuddy.asm.Advice$Dispatcher$RelocationHandler$ForValue$3
1490:             1             48  net.bytebuddy.asm.Advice$Dispatcher$RelocationHandler$ForValue$4
1491:             1             48  net.bytebuddy.asm.Advice$Dispatcher$RelocationHandler$ForValue$5
1492:             1             48  net.bytebuddy.asm.Advice$Dispatcher$RelocationHandler$ForValue$6
1493:             1             48  net.bytebuddy.asm.Advice$Dispatcher$RelocationHandler$ForValue$7
1494:             1             48  net.bytebuddy.asm.Advice$Dispatcher$RelocationHandler$ForValue$8
1495:             1             48  net.bytebuddy.asm.Advice$Dispatcher$RelocationHandler$ForValue$9
1496:             2             48  net.bytebuddy.implementation.auxiliary.AuxiliaryType$NamingStrategy$SuffixingRandom
1497:             3             48  net.bytebuddy.matcher.DeclaringFieldMatcher
1498:             3             48  net.bytebuddy.matcher.HasSuperClassMatcher
1499:             3             48  net.bytebuddy.utility.dispatcher.JavaDispatcher$Dispatcher$ForInstanceCheck
1500:             3             48  okhttp3.ConnectionPool
1501:             3             48  okhttp3.internal.Util$$Lambda/0x00007f5a8e1adbb0
1502:             1             48  okhttp3.internal.concurrent.TaskRunner
1503:             3             48  okhttp3.internal.connection.RouteDatabase
1504:             1             48  okhttp3.internal.connection.RouteSelector
1505:             1             48  okio.Buffer$UnsafeCursor
1506:             1             48  org.apache.logging.log4j.core.appender.ConsoleAppender
1507:             1             48  org.apache.logging.log4j.core.config.AppenderControl
1508:             2             48  org.apache.logging.log4j.core.config.plugins.util.PluginManager
1509:             2             48  org.apache.logging.log4j.core.pattern.LoggerPatternConverter
1510:             2             48  org.apache.logging.log4j.core.util.DummyNanoClock
1511:             2             48  org.slf4j.helpers.Reporter$TargetChoice
1512:             2             48  oteldemo.AdService$AdRequestType
1513:             2             48  oteldemo.AdService$AdResponseType
1514:             2             48  sun.instrument.TransformerManager (java.instrument@21.0.6)
1515:             2             48  sun.management.NotificationEmitterSupport$ListenerInfo (java.management@21.0.6)
1516:             3             48  sun.nio.ch.NioSocketImpl$$Lambda/0x00007f5a8e3e4268 (java.base@21.0.6)
1517:             3             48  sun.nio.ch.NioSocketImpl$1 (java.base@21.0.6)
1518:             3             48  sun.nio.ch.NioSocketImpl$2 (java.base@21.0.6)
1519:             2             48  sun.reflect.generics.tree.Wildcard (java.base@21.0.6)
1520:             2             48  sun.security.jca.ProviderList (java.base@21.0.6)
1521:             2             48  sun.security.jca.ProviderList$3 (java.base@21.0.6)
1522:             1             40  [Lcom.fasterxml.jackson.core.JsonEncoding;
1523:             1             40  [Lcom.fasterxml.jackson.core.JsonFactory$Feature;
1524:             1             40  [Lcom.fasterxml.jackson.core.JsonFactory$Feature;
1525:             2             40  [Lcom.google.protobuf.Descriptors$ServiceDescriptor;
1526:             1             40  [Lcom.sun.org.apache.xerces.internal.util.Status; (java.xml@21.0.6)
1527:             1             40  [Lcom.sun.org.apache.xerces.internal.utils.XMLSecurityPropertyManager$State; (java.xml@21.0.6)
1528:             1             40  [Ldev.openfeature.sdk.FlagValueType;
1529:             1             40  [Ldev.openfeature.sdk.ProviderState;
1530:             1             40  [Lio.grpc.ConnectivityState;
1531:             1             40  [Lio.grpc.MethodDescriptor$MethodType;
1532:             1             40  [Lio.grpc.MetricInstrument;
1533:             1             40  [Lio.grpc.internal.KeepAliveManager$State;
1534:             1             40  [Lio.netty.handler.codec.http2.Http2Headers$PseudoHeaderName;
1535:             1             40  [Lio.netty.handler.logging.LogLevel;
1536:             1             40  [Lio.netty.util.internal.logging.InternalLogLevel;
1537:             1             40  [Lio.opentelemetry.javaagent.bootstrap.InternalLogger$Level;
1538:             1             40  [Lio.opentelemetry.javaagent.slf4j.event.Level;
1539:             1             40  [Lio.opentelemetry.javaagent.slf4j.simple.OutputChoice$OutputChoiceType;
1540:             1             40  [Lio.opentelemetry.javaagent.tooling.muzzle.references.Flag$ManifestationFlag;
1541:             1             40  [Ljava.lang.Thread$State; (java.base@21.0.6)
1542:             1             40  [Ljava.lang.invoke.VarHandle$AccessType; (java.base@21.0.6)
1543:             1             40  [Ljava.nio.charset.Charset; (java.base@21.0.6)
1544:             1             40  [Ljava.util.stream.StreamOpFlag; (java.base@21.0.6)
1545:             1             40  [Lnet.bytebuddy.asm.Advice$AssignReturned$DefaultValueSkip$Dispatcher;
1546:             1             40  [Lnet.bytebuddy.asm.Advice$OffsetMapping$ForInstrumentedMethod;
1547:             1             40  [Lnet.bytebuddy.description.modifier.TypeManifestation;
1548:             1             40  [Lnet.bytebuddy.description.type.TypeDefinition$Sort;
1549:             1             40  [Lnet.bytebuddy.dynamic.loading.ClassLoadingStrategy$Default;
1550:             1             40  [Lnet.bytebuddy.dynamic.scaffold.subclass.ConstructorStrategy$Default;
1551:             1             40  [Lnet.bytebuddy.implementation.bytecode.member.MethodReturn;
1552:             1             40  [Lnet.bytebuddy.implementation.bytecode.member.MethodVariableAccess;
1553:             1             40  [Lnet.bytebuddy.matcher.MethodSortMatcher$Sort;
1554:             1             40  [Lnet.bytebuddy.utility.AsmClassReader$Factory$Default;
1555:             1             40  [Lnet.bytebuddy.utility.AsmClassWriter$Factory$Default;
1556:             1             40  [Lnet.bytebuddy.utility.GraalImageCode;
1557:             1             40  [Lokhttp3.TlsVersion;
1558:             1             40  [Lokio.ByteString;
1559:             1             40  [Lorg.apache.logging.log4j.core.LifeCycle$State;
1560:             2             40  [Lorg.apache.logging.log4j.core.config.AppenderControl;
1561:             1             40  [Lorg.apache.logging.log4j.core.pattern.PatternParser$ParserState;
1562:             1             40  [Lsun.util.locale.provider.LocaleProviderAdapter$Type; (java.base@21.0.6)
1563:             1             40  [[Ljava.lang.invoke.LambdaForm$Name; (java.base@21.0.6)
1564:             1             40  com.fasterxml.jackson.core.sym.ByteQuadsCanonicalizer$TableInfo
1565:             1             40  com.google.common.io.BaseEncoding$Base16Encoding
1566:             1             40  com.google.common.util.concurrent.ThreadFactoryBuilder$1
1567:             1             40  com.google.protobuf.GeneratedMessage$GeneratedExtension
1568:             1             40  com.google.protobuf.MapEntry
1569:             1             40  com.google.protobuf.MapEntry$Metadata
1570:             1             40  com.google.protobuf.Value
1571:             1             40  com.sun.management.internal.DiagnosticCommandImpl (jdk.management@21.0.6)
1572:             1             40  com.sun.management.internal.OperatingSystemImpl$ProcessCpuTicks (jdk.management@21.0.6)
1573:             1             40  com.sun.management.internal.OperatingSystemImpl$SystemCpuTicks (jdk.management@21.0.6)
1574:             1             40  com.sun.org.apache.xerces.internal.impl.XMLEntityScanner$1 (java.xml@21.0.6)
1575:             1             40  io.grpc.health.v1.HealthCheckRequest
1576:             1             40  io.grpc.health.v1.HealthCheckResponse
1577:             1             40  io.grpc.internal.ClientCallImpl$CancellationHandler
1578:             1             40  io.grpc.internal.ManagedChannelServiceConfig
1579:             1             40  io.grpc.internal.RetriableStream$State
1580:             1             40  io.netty.channel.group.DefaultChannelGroup
1581:             1             40  io.netty.handler.codec.http.HttpStatusClass$1
1582:             1             40  io.netty.handler.codec.http2.DefaultHttp2Connection$DefaultStream
1583:             1             40  io.netty.handler.codec.http2.DefaultHttp2FrameReader
1584:             1             40  io.netty.handler.codec.http2.DefaultHttp2LocalFlowController
1585:             1             40  io.netty.handler.codec.http2.DefaultHttp2RemoteFlowController
1586:             1             40  io.netty.handler.codec.http2.HpackDynamicTable
1587:             1             40  io.netty.handler.codec.http2.StreamBufferingEncoder
1588:             1             40  io.netty.handler.codec.http2.WeightedFairQueueByteDistributor
1589:             1             40  io.netty.util.ResourceLeakDetector
1590:             1             40  io.netty.util.concurrent.DefaultPromise$StacklessCancellationException
1591:             1             40  io.opentelemetry.javaagent.shaded.instrumentation.grpc.v1_6.TracingClientInterceptor$TracingClientCall
1592:             1             40  io.opentelemetry.sdk.common.export.AutoValue_RetryPolicy
1593:             1             40  io.opentelemetry.sdk.logs.LoggerSharedState
1594:             1             40  io.opentelemetry.sdk.metrics.SdkMeterProvider
1595:             1             40  java.io.FilePermission (java.base@21.0.6)
1596:             1             40  java.lang.ArithmeticException (java.base@21.0.6)
1597:             1             40  java.lang.ArrayStoreException (java.base@21.0.6)
1598:             1             40  java.lang.ClassCastException (java.base@21.0.6)
1599:             1             40  java.lang.ExceptionInInitializerError (java.base@21.0.6)
1600:             1             40  java.lang.RuntimeException (java.base@21.0.6)
1601:             1             40  java.lang.Throwable (java.base@21.0.6)
1602:             1             40  java.lang.UnsupportedOperationException (java.base@21.0.6)
1603:             1             40  java.lang.VirtualMachineError (java.base@21.0.6)
1604:             1             40  java.lang.invoke.VarHandleLongs$Array (java.base@21.0.6)
1605:             1             40  java.lang.invoke.VarHandleLongs$FieldInstanceReadWrite (java.base@21.0.6)
1606:             1             40  java.lang.reflect.Parameter (java.base@21.0.6)
1607:             1             40  java.net.InetAddress$CachedLookup (java.base@21.0.6)
1608:             1             40  java.time.zone.ZoneRules (java.base@21.0.6)
1609:             1             40  java.util.ResourceBundle$2 (java.base@21.0.6)
1610:             1             40  java.util.ServiceLoader$LazyClassPathLookupIterator (java.base@21.0.6)
1611:             1             40  jdk.internal.event.SecurityProviderServiceEvent (java.base@21.0.6)
1612:             1             40  jdk.internal.icu.impl.CharTrie (java.base@21.0.6)
1613:             1             40  jdk.internal.icu.text.StringPrep (java.base@21.0.6)
1614:             1             40  jdk.internal.ref.CleanerImpl$CleanerCleanable (java.base@21.0.6)
1615:             1             40  net.bytebuddy.dynamic.loading.ClassInjector$UsingReflection$Dispatcher$UsingUnsafeInjection
1616:             1             40  okio.Timeout$Companion$NONE$1
1617:             1             40  org.apache.logging.log4j.core.appender.OutputStreamManager
1618:             1             40  org.apache.logging.log4j.core.pattern.DatePatternConverter
1619:             1             40  org.apache.logging.log4j.core.pattern.ExtendedThrowablePatternConverter
1620:             1             40  sun.management.MappedMXBeanType$CompositeDataMXBeanType (java.management@21.0.6)
1621:             1             40  sun.management.MappedMXBeanType$MapMXBeanType (java.management@21.0.6)
1622:             1             40  sun.net.www.MessageHeader (java.base@21.0.6)
1623:             1             40  sun.nio.cs.StandardCharsets$Aliases (java.base@21.0.6)
1624:             1             40  sun.nio.cs.StandardCharsets$Cache (java.base@21.0.6)
1625:             1             40  sun.reflect.generics.repository.MethodRepository (java.base@21.0.6)
1626:             1             40  sun.security.util.KnownOIDs$1 (java.base@21.0.6)
1627:             1             40  sun.security.util.KnownOIDs$10 (java.base@21.0.6)
1628:             1             40  sun.security.util.KnownOIDs$2 (java.base@21.0.6)
1629:             1             40  sun.security.util.KnownOIDs$3 (java.base@21.0.6)
1630:             1             40  sun.security.util.KnownOIDs$4 (java.base@21.0.6)
1631:             1             40  sun.security.util.KnownOIDs$5 (java.base@21.0.6)
1632:             1             40  sun.security.util.KnownOIDs$6 (java.base@21.0.6)
1633:             1             40  sun.security.util.KnownOIDs$7 (java.base@21.0.6)
1634:             1             40  sun.security.util.KnownOIDs$8 (java.base@21.0.6)
1635:             1             40  sun.security.util.KnownOIDs$9 (java.base@21.0.6)
1636:             1             40  sun.util.locale.InternalLocaleBuilder (java.base@21.0.6)
1637:             1             40  sun.util.resources.Bundles$1 (java.base@21.0.6)
1638:             1             32  [Lcom.fasterxml.jackson.core.Base64Variant$PaddingReadBehaviour;
1639:             1             32  [Lcom.fasterxml.jackson.core.StreamReadCapability;
1640:             1             32  [Lcom.fasterxml.jackson.databind.util.internal.PrivateMaxEntriesMap$DrainStatus;
1641:             1             32  [Lcom.google.protobuf.Descriptors$DescriptorPool$SearchFilter;
1642:             1             32  [Lcom.google.protobuf.Descriptors$FieldDescriptor$Sensitivity;
1643:             1             32  [Lcom.google.protobuf.Extension$ExtensionType;
1644:             1             32  [Lcom.google.protobuf.MapField$StorageMode;
1645:             1             32  [Lcom.google.protobuf.WireFormat$Utf8Validation;
1646:             1             32  [Lcom.sun.org.apache.xerces.internal.utils.XMLSecurityManager$NameMap; (java.xml@21.0.6)
1647:             1             32  [Ldev.openfeature.contrib.providers.flagd.Config$Resolver;
1648:             1             32  [Ldev.openfeature.sdk.ProviderEvent;
1649:             1             32  [Lio.grpc.ChannelLogger$ChannelLogLevel;
1650:             1             32  [Lio.grpc.InternalChannelz$ChannelTrace$Event$Severity;
1651:             1             32  [Lio.grpc.SecurityLevel;
1652:             1             32  [Lio.grpc.internal.ClientStreamListener$RpcProgress;
1653:             1             32  [Lio.grpc.internal.ManagedChannelImpl$ResolutionState;
1654:             1             32  [Lio.grpc.netty.NegotiationType;
1655:             1             32  [Lio.grpc.stub.ClientCalls$StubType;
1656:             1             32  [Lio.netty.channel.DefaultChannelPipeline$AddStrategy;
1657:             1             32  [Lio.netty.handler.codec.http2.HpackDecoder$HeaderType;
1658:             1             32  [Lio.netty.handler.codec.http2.HpackUtil$IndexType;
1659:             1             32  [Lio.netty.handler.codec.http2.Http2Exception$ShutdownHint;
1660:             1             32  [Lio.netty.util.ResourceLeakDetector$Level;
1661:             1             32  [Lio.opentelemetry.javaagent.extension.instrumentation.internal.injection.InjectionMode;
1662:             1             32  [Lio.opentelemetry.javaagent.shaded.instrumentation.api.instrumenter.SpanSuppressionStrategy;
1663:             1             32  [Lio.opentelemetry.javaagent.shaded.instrumentation.api.internal.cache.concurrentlinkedhashmap.ConcurrentLinkedHashMap$DrainStatus;
1664:             1             32  [Lio.opentelemetry.javaagent.shaded.instrumentation.netty.v4.common.internal.client.NettyConnectionInstrumentationFlag;
1665:             1             32  [Lio.opentelemetry.javaagent.shaded.io.opentelemetry.api.baggage.propagation.Parser$State;
1666:             1             32  [Lio.opentelemetry.javaagent.shaded.io.opentelemetry.api.trace.StatusCode;
1667:             1             32  [Lio.opentelemetry.javaagent.slf4j.helpers.Reporter$Level;
1668:             1             32  [Lio.opentelemetry.javaagent.tooling.muzzle.references.Flag$MinimumVisibilityFlag;
1669:             1             32  [Lio.opentelemetry.javaagent.tooling.muzzle.references.Flag$VisibilityFlag;
1670:             1             32  [Lio.opentelemetry.sdk.trace.SdkSpan$EndState;
1671:             1             32  [Lio.opentelemetry.sdk.trace.samplers.SamplingDecision;
1672:             1             32  [Ljava.lang.ProcessImpl$LaunchMechanism; (java.base@21.0.6)
1673:             1             32  [Ljava.lang.StackStreamFactory$WalkerState; (java.base@21.0.6)
1674:             1             32  [Ljava.lang.ThreadGroup; (java.base@21.0.6)
1675:             2             32  [Ljava.lang.Throwable; (java.base@21.0.6)
1676:             1             32  [Ljava.lang.invoke.MethodHandleImpl$ArrayAccess; (java.base@21.0.6)
1677:             1             32  [Ljava.lang.management.MemoryManagerMXBean; (java.management@21.0.6)
1678:             1             32  [Ljava.lang.module.ModuleDescriptor$Modifier; (java.base@21.0.6)
1679:             1             32  [Ljava.lang.module.ModuleDescriptor$Requires$Modifier; (java.base@21.0.6)
1680:             2             32  [Ljava.net.NetworkInterface; (java.base@21.0.6)
1681:             1             32  [Ljava.net.Proxy$Type; (java.base@21.0.6)
1682:             1             32  [Ljava.net.StandardProtocolFamily; (java.base@21.0.6)
1683:             2             32  [Ljava.security.cert.Certificate; (java.base@21.0.6)
1684:             1             32  [Ljava.util.regex.Pattern$Qtype; (java.base@21.0.6)
1685:             1             32  [Ljava.util.stream.MatchOps$MatchKind; (java.base@21.0.6)
1686:             1             32  [Ljava.util.stream.StreamShape; (java.base@21.0.6)
1687:             1             32  [Ljava.util.zip.ZipCoder$Comparison; (java.base@21.0.6)
1688:             1             32  [Ljavax.xml.catalog.CatalogFeatures$Feature; (java.xml@21.0.6)
1689:             1             32  [Ljdk.internal.logger.BootstrapLogger$LoggingBackend; (java.base@21.0.6)
1690:             1             32  [Ljdk.internal.module.ServicesCatalog; (java.base@21.0.6)
1691:             1             32  [Lnet.bytebuddy.agent.builder.AgentBuilder$DescriptionStrategy$Default;
1692:             1             32  [Lnet.bytebuddy.agent.builder.AgentBuilder$RedefinitionStrategy;
1693:             1             32  [Lnet.bytebuddy.agent.builder.AgentBuilder$TypeStrategy$Default;
1694:             1             32  [Lnet.bytebuddy.asm.Advice$ExceptionHandler$Default;
1695:             1             32  [Lnet.bytebuddy.asm.Advice$StackMapFrameHandler$Default$TranslationMode;
1696:             1             32  [Lnet.bytebuddy.description.annotation.AnnotationValue$State;
1697:             1             32  [Lnet.bytebuddy.description.modifier.Visibility;
1698:             1             32  [Lnet.bytebuddy.dynamic.VisibilityBridgeStrategy$Default;
1699:             1             32  [Lnet.bytebuddy.dynamic.scaffold.MethodGraph$Node$Sort;
1700:             1             32  [Lnet.bytebuddy.dynamic.scaffold.TypeWriter$MethodPool$Record$Sort;
1701:             1             32  [Lnet.bytebuddy.implementation.Implementation$Context$FrameGeneration;
1702:             1             32  [Lnet.bytebuddy.implementation.MethodCall$TerminationHandler$Simple;
1703:             1             32  [Lnet.bytebuddy.implementation.bytecode.StackSize;
1704:             1             32  [Lorg.apache.logging.log4j.core.config.LoggerConfig$LoggerConfigPredicate;
1705:             2             32  [Lorg.apache.logging.log4j.core.config.Property;
1706:             1             32  [Lorg.apache.logging.log4j.core.util.datetime.FixedDateFormat$FixedTimeZoneFormat;
1707:             1             32  [Lorg.slf4j.helpers.Reporter$Level;
1708:             2             32  [Lsun.reflect.annotation.TypeAnnotation; (java.base@21.0.6)
1709:             1             32  [Lsun.security.provider.NativePRNG$Variant; (java.base@21.0.6)
1710:             1             32  com.fasterxml.jackson.core.io.SerializedString
1711:             1             32  com.fasterxml.jackson.core.io.SerializedString
1712:             1             32  com.fasterxml.jackson.core.sym.CharsToNameCanonicalizer$TableInfo
1713:             1             32  com.fasterxml.jackson.databind.introspect.DefaultAccessorNamingStrategy$Provider
1714:             1             32  com.fasterxml.jackson.databind.type.TypeBindings
1715:             1             32  com.fasterxml.jackson.databind.type.TypeFactory
1716:             1             32  com.google.common.base.Splitter
1717:             2             32  com.google.common.collect.RegularImmutableList
1718:             1             32  com.google.protobuf.DescriptorMessageInfoFactory$IsInitializedCheckAnalyzer
1719:             1             32  com.google.protobuf.ExtensionRegistry
1720:             1             32  com.google.protobuf.GeneratedMessage$FieldAccessorTable$SingularFieldAccessor
1721:             1             32  com.google.protobuf.Struct
1722:             1             32  com.google.protobuf.WireFormat$FieldType$1
1723:             1             32  com.google.protobuf.WireFormat$FieldType$2
1724:             1             32  com.google.protobuf.WireFormat$FieldType$3
1725:             1             32  com.google.protobuf.WireFormat$FieldType$4
1726:             1             32  com.sun.management.internal.OperatingSystemImpl (jdk.management@21.0.6)
1727:             2             32  com.sun.org.apache.xerces.internal.impl.dv.dtd.ENTITYDatatypeValidator (java.xml@21.0.6)
1728:             1             32  dev.openfeature.contrib.providers.flagd.resolver.common.ChannelConnector
1729:             1             32  dev.openfeature.flagd.grpc.evaluation.Evaluation$EventStreamRequest
1730:             2             32  dev.openfeature.flagd.grpc.evaluation.ServiceGrpc$ServiceMethodDescriptorSupplier
1731:             1             32  dev.openfeature.sdk.OpenFeatureAPI
1732:             1             32  dev.openfeature.sdk.ProviderRepository
1733:             2             32  io.grpc.Attributes
1734:             2             32  io.grpc.Codec$Gzip
1735:             1             32  io.grpc.Deadline
1736:             1             32  io.grpc.InternalChannelz
1737:             1             32  io.grpc.MetricInstrumentRegistry
1738:             1             32  io.grpc.NameResolverRegistry
1739:             2             32  io.grpc.health.v1.HealthGrpc$HealthMethodDescriptorSupplier
1740:             1             32  io.grpc.internal.AutoConfiguredLoadBalancerFactory$AutoConfiguredLoadBalancer
1741:             1             32  io.grpc.internal.BackoffPolicyRetryScheduler
1742:             2             32  io.grpc.internal.ExponentialBackoffPolicy$Provider
1743:             2             32  io.grpc.internal.GrpcUtil$AcceptEncodingMarshaller
1744:             1             32  io.grpc.internal.ManagedChannelImpl$RealChannel
1745:             1             32  io.grpc.internal.ManagedChannelImpl$UncommittedRetriableStreamsRegistry
1746:             1             32  io.grpc.internal.PickFirstLoadBalancer
1747:             1             32  io.grpc.internal.ReadableBuffers$ByteArrayWrapper
1748:             1             32  io.grpc.internal.RetriableStream$BufferSizeTracer
1749:             1             32  io.grpc.internal.RetryingNameResolver
1750:             1             32  io.grpc.internal.ScParser
1751:             1             32  io.grpc.internal.SerializingExecutor
1752:             1             32  io.grpc.netty.ClientTransportLifecycleManager
1753:             1             32  io.grpc.netty.GrpcHttp2HeadersUtils$GrpcHttp2ClientHeadersDecoder
1754:             1             32  io.grpc.netty.NettyServer$1
1755:             2             32  io.grpc.netty.ProtocolNegotiators$PlaintextProtocolNegotiator
1756:             1             32  io.grpc.netty.WriteQueue
1757:             1             32  io.grpc.protobuf.services.HealthServiceImpl
1758:             1             32  io.grpc.stub.ClientCalls$CallToStreamObserverAdapter
1759:             2             32  io.grpc.util.SecretRoundRobinLoadBalancerProvider$Provider
1760:             2             32  io.netty.buffer.PooledByteBufAllocatorMetric
1761:             2             32  io.netty.channel.DefaultMaxMessagesRecvByteBufAllocator$MaxMessageHandle$1
1762:             2             32  io.netty.channel.ReflectiveChannelFactory
1763:             1             32  io.netty.channel.epoll.EpollRecvByteAllocatorHandle
1764:             2             32  io.netty.channel.epoll.EpollRecvByteAllocatorHandle$1
1765:             1             32  io.netty.channel.epoll.EpollRecvByteAllocatorStreamingHandle
1766:             2             32  io.netty.channel.unix.PreferredDirectByteBufAllocator
1767:             1             32  io.netty.handler.codec.http2.DefaultHttp2Connection$ActiveStreams
1768:             1             32  io.netty.handler.codec.http2.DefaultHttp2ConnectionEncoder
1769:             1             32  io.netty.handler.codec.http2.DefaultHttp2RemoteFlowController$WritabilityMonitor
1770:             1             32  io.netty.handler.codec.http2.HpackHuffmanEncoder
1771:             1             32  io.netty.handler.codec.http2.HpackHuffmanEncoder$EncodeProcessor
1772:             1             32  io.netty.handler.codec.http2.Http2FrameLogger
1773:             2             32  io.netty.util.concurrent.ThreadPerTaskExecutor
1774:             1             32  io.netty.util.internal.RecyclableArrayList
1775:             1             32  io.opentelemetry.api.internal.AutoValue_ImmutableSpanContext
1776:             2             32  io.opentelemetry.context.DefaultContextKey
1777:             1             32  io.opentelemetry.exporter.otlp.http.metrics.OtlpHttpMetricExporter
1778:             1             32  io.opentelemetry.javaagent.extension.matcher.ClassLoaderHasClassesNamedMatcher$Manager
1779:             2             32  io.opentelemetry.javaagent.instrumentation.executors.ExecutorMatchers$1
1780:             2             32  io.opentelemetry.javaagent.instrumentation.opentelemetryapi.trace.ApplicationTracer
1781:             1             32  io.opentelemetry.javaagent.instrumentation.opentelemetryapi.v1_27.ApplicationOpenTelemetry127
1782:             1             32  io.opentelemetry.javaagent.instrumentation.opentelemetryapi.v1_38.metrics.ApplicationMeter138
1783:             1             32  io.opentelemetry.javaagent.shaded.instrumentation.api.annotation.support.MethodSpanAttributesExtractor
1784:             2             32  io.opentelemetry.javaagent.shaded.instrumentation.api.incubator.semconv.code.CodeAttributesExtractor
1785:             1             32  io.opentelemetry.javaagent.shaded.instrumentation.api.instrumenter.SpanSuppressionStrategy$2
1786:             1             32  io.opentelemetry.javaagent.shaded.instrumentation.api.internal.SupportabilityMetrics
1787:             2             32  io.opentelemetry.javaagent.shaded.instrumentation.api.semconv.http.HostAddressAndPortExtractor
1788:             2             32  io.opentelemetry.javaagent.shaded.instrumentation.api.semconv.network.ServerAttributesExtractor
1789:             1             32  io.opentelemetry.javaagent.shaded.instrumentation.grpc.v1_6.GrpcRequest
1790:             1             32  io.opentelemetry.javaagent.shaded.instrumentation.grpc.v1_6.TracingClientInterceptor$TracingClientCall$TracingClientCallListener
1791:             1             32  io.opentelemetry.javaagent.shaded.instrumentation.log4j.appender.v2_17.internal.LogEventMapper
1792:             1             32  io.opentelemetry.javaagent.shaded.instrumentation.runtimemetrics.java17.RuntimeMetrics
1793:             2             32  io.opentelemetry.javaagent.shaded.io.opentelemetry.context.ArrayBasedContext
1794:             2             32  io.opentelemetry.javaagent.shaded.io.opentelemetry.context.propagation.DefaultContextPropagators
1795:             2             32  io.opentelemetry.javaagent.slf4j.helpers.NOPMDCAdapter
1796:             1             32  io.opentelemetry.javaagent.tooling.AgentStarterImpl
1797:             1             32  io.opentelemetry.javaagent.tooling.muzzle.AgentCachingPoolStrategy
1798:             1             32  io.opentelemetry.sdk.OpenTelemetrySdk
1799:             1             32  io.opentelemetry.sdk.logs.SdkLoggerProvider
1800:             2             32  io.opentelemetry.sdk.logs.internal.AutoValue_LoggerConfig
1801:             2             32  io.opentelemetry.sdk.metrics.internal.AutoValue_MeterConfig
1802:             2             32  io.opentelemetry.sdk.metrics.internal.exemplar.NoopExemplarReservoir
1803:             1             32  io.opentelemetry.sdk.metrics.internal.export.RegisteredReader
1804:             1             32  io.opentelemetry.sdk.metrics.internal.state.AutoValue_MeterProviderSharedState
1805:             2             32  io.opentelemetry.sdk.metrics.internal.view.LastValueAggregation$$Lambda/0x00007f5a8e20d9d8
1806:             1             32  io.opentelemetry.sdk.trace.AnchoredClock
1807:             1             32  io.opentelemetry.sdk.trace.MultiSpanProcessor
1808:             2             32  io.opentelemetry.sdk.trace.internal.AutoValue_TracerConfig
1809:             2             32  java.lang.Boolean (java.base@21.0.6)
1810:             1             32  java.lang.Module$ArchivedData (java.base@21.0.6)
1811:             1             32  java.lang.ProcessHandleImpl (java.base@21.0.6)
1812:             2             32  java.lang.Shutdown$Lock (java.base@21.0.6)
1813:             1             32  java.lang.invoke.VarHandleByteArrayAsChars$ArrayHandle (java.base@21.0.6)
1814:             1             32  java.lang.invoke.VarHandleByteArrayAsDoubles$ArrayHandle (java.base@21.0.6)
1815:             1             32  java.lang.invoke.VarHandleByteArrayAsFloats$ArrayHandle (java.base@21.0.6)
1816:             1             32  java.lang.invoke.VarHandleByteArrayAsShorts$ArrayHandle (java.base@21.0.6)
1817:             2             32  java.lang.ref.NativeReferenceQueue$Lock (java.base@21.0.6)
1818:             1             32  java.net.InetAddress$CachedLocalHost (java.base@21.0.6)
1819:             2             32  java.nio.ByteOrder (java.base@21.0.6)
1820:             2             32  java.nio.file.attribute.PosixFilePermissions$1 (java.base@21.0.6)
1821:             1             32  java.security.MessageDigest$Delegate$CloneableDelegate (java.base@21.0.6)
1822:             1             32  java.text.DontCareFieldPosition (java.base@21.0.6)
1823:             2             32  java.util.Collections$UnmodifiableMap$UnmodifiableEntrySet (java.base@21.0.6)
1824:             2             32  java.util.Comparator$$Lambda/0x00007f5a8e065c78 (java.base@21.0.6)
1825:             2             32  java.util.ResourceBundle$SingleFormatControl (java.base@21.0.6)
1826:             1             32  java.util.ServiceLoader$ModuleServicesLookupIterator (java.base@21.0.6)
1827:             1             32  java.util.Stack (java.base@21.0.6)
1828:             1             32  java.util.concurrent.ThreadLocalRandom (java.base@21.0.6)
1829:             1             32  java.util.zip.ZipCoder$UTF8ZipCoder (java.base@21.0.6)
1830:             1             32  javax.management.ObjectName (java.management@21.0.6)
1831:             1             32  jdk.internal.icu.impl.UCharacterProperty$1 (java.base@21.0.6)
1832:             1             32  jdk.internal.loader.ArchivedClassLoaders (java.base@21.0.6)
1833:             1             32  jdk.internal.module.ArchivedModuleGraph (java.base@21.0.6)
1834:             2             32  jdk.internal.module.ModuleTarget (java.base@21.0.6)
1835:             1             32  jdk.internal.org.objectweb.asm.ConstantDynamic (java.base@21.0.6)
1836:             1             32  jdk.internal.org.objectweb.asm.Handle (java.base@21.0.6)
1837:             1             32  jdk.net.ExtendedSocketOptions$1 (jdk.net@21.0.6)
1838:             2             32  jdk.proxy2.$Proxy20 (jdk.proxy2)
1839:             2             32  jdk.proxy2.$Proxy26 (jdk.proxy2)
1840:             1             32  net.bytebuddy.agent.builder.AgentBuilder$DescriptionStrategy$Default$1
1841:             1             32  net.bytebuddy.agent.builder.AgentBuilder$DescriptionStrategy$Default$2
1842:             1             32  net.bytebuddy.agent.builder.AgentBuilder$DescriptionStrategy$Default$3
1843:             2             32  net.bytebuddy.agent.builder.AgentBuilder$Listener$Compound
1844:             1             32  net.bytebuddy.agent.builder.AgentBuilder$RedefinitionStrategy$1
1845:             1             32  net.bytebuddy.agent.builder.AgentBuilder$RedefinitionStrategy$2
1846:             1             32  net.bytebuddy.agent.builder.AgentBuilder$RedefinitionStrategy$3
1847:             2             32  net.bytebuddy.agent.builder.AgentBuilderUtil$TransformContext
1848:             1             32  net.bytebuddy.description.type.TypeDescription$Generic$Visitor$Validator$1
1849:             1             32  net.bytebuddy.description.type.TypeDescription$Generic$Visitor$Validator$2
1850:             1             32  net.bytebuddy.description.type.TypeDescription$Generic$Visitor$Validator$3
1851:             1             32  net.bytebuddy.dynamic.loading.ByteArrayClassLoader$PersistenceHandler$1
1852:             1             32  net.bytebuddy.dynamic.loading.ByteArrayClassLoader$PersistenceHandler$2
1853:             1             32  net.bytebuddy.dynamic.scaffold.MethodGraph$Compiler$Default
1854:             1             32  net.bytebuddy.implementation.Implementation$Context$FrameGeneration$1
1855:             1             32  net.bytebuddy.implementation.Implementation$Context$FrameGeneration$2
1856:             1             32  net.bytebuddy.implementation.Implementation$Context$FrameGeneration$3
1857:             2             32  net.bytebuddy.implementation.bytecode.assign.primitive.PrimitiveTypeAwareAssigner
1858:             2             32  net.bytebuddy.implementation.bytecode.assign.primitive.VoidAwareAssigner
1859:             2             32  net.bytebuddy.matcher.BooleanMatcher
1860:             2             32  net.bytebuddy.matcher.DeclaringTypeMatcher
1861:             2             32  net.bytebuddy.matcher.MethodExceptionTypeMatcher
1862:             1             32  net.bytebuddy.matcher.MethodSortMatcher$Sort$1
1863:             1             32  net.bytebuddy.matcher.MethodSortMatcher$Sort$2
1864:             1             32  net.bytebuddy.matcher.MethodSortMatcher$Sort$3
1865:             1             32  net.bytebuddy.matcher.MethodSortMatcher$Sort$4
1866:             1             32  net.bytebuddy.matcher.MethodSortMatcher$Sort$5
1867:             1             32  net.bytebuddy.matcher.StringMatcher$Mode$1
1868:             1             32  net.bytebuddy.matcher.StringMatcher$Mode$2
1869:             1             32  net.bytebuddy.matcher.StringMatcher$Mode$3
1870:             1             32  net.bytebuddy.matcher.StringMatcher$Mode$4
1871:             1             32  net.bytebuddy.matcher.StringMatcher$Mode$5
1872:             1             32  net.bytebuddy.matcher.StringMatcher$Mode$6
1873:             1             32  net.bytebuddy.matcher.StringMatcher$Mode$7
1874:             1             32  net.bytebuddy.matcher.StringMatcher$Mode$8
1875:             1             32  net.bytebuddy.matcher.StringMatcher$Mode$9
1876:             2             32  net.bytebuddy.matcher.SuperTypeMatcher
1877:             2             32  net.bytebuddy.utility.dispatcher.JavaDispatcher$Dispatcher$ForStaticMethod
1878:             1             32  net.bytebuddy.utility.dispatcher.JavaDispatcher$DynamicClassLoader$Resolver$ForModuleSystem
1879:             1             32  okhttp3.RequestBody$Companion$toRequestBody$2
1880:             1             32  okhttp3.ResponseBody$Companion$asResponseBody$1
1881:             1             32  org.apache.logging.log4j.core.LoggerContext$1
1882:             1             32  org.apache.logging.log4j.core.appender.DefaultErrorHandler
1883:             2             32  org.apache.logging.log4j.core.config.AppenderControlArraySet
1884:             1             32  org.apache.logging.log4j.core.config.AwaitCompletionReliabilityStrategy
1885:             2             32  org.apache.logging.log4j.core.config.DefaultAdvertiser
1886:             1             32  org.apache.logging.log4j.core.impl.ThrowableFormatOptions
1887:             1             32  org.apache.logging.log4j.core.layout.StringBuilderEncoder
1888:             2             32  org.apache.logging.log4j.core.lookup.StrMatcher$CharSetMatcher
1889:             1             32  org.apache.logging.log4j.core.pattern.DatePatternConverter$CachedTime
1890:             1             32  org.apache.logging.log4j.core.pattern.NameAbbreviator$MaxElementAbbreviator$Strategy$1
1891:             1             32  org.apache.logging.log4j.core.pattern.NameAbbreviator$MaxElementAbbreviator$Strategy$2
1892:             1             32  org.apache.logging.log4j.core.util.DefaultShutdownCallbackRegistry
1893:             2             32  org.apache.logging.log4j.core.util.SystemClock
1894:             1             32  org.apache.logging.log4j.core.util.datetime.FastDatePrinter
1895:             1             32  org.apache.logging.log4j.core.util.internal.InternalLoggerRegistry
1896:             1             32  org.apache.logging.log4j.status.StatusConsoleListener
1897:             1             32  org.apache.logging.log4j.status.StatusLogger$Config
1898:             2             32  org.apache.logging.log4j.util.EnvironmentPropertySource
1899:             1             32  org.apache.logging.log4j.util.SortedArrayStringMap
1900:             2             32  org.apache.logging.log4j.util.SystemPropertiesPropertySource
1901:             2             32  org.slf4j.helpers.BasicMarkerFactory
1902:             1             32  oteldemo.Demo$AdRequest
1903:             1             32  oteldemo.Demo$AdResponse
1904:             1             32  sun.instrument.InstrumentationImpl (java.instrument@21.0.6)
1905:             1             32  sun.management.MappedMXBeanType$InProgress (java.management@21.0.6)
1906:             2             32  sun.net.www.protocol.jar.Handler (java.base@21.0.6)
1907:             1             32  sun.nio.fs.LinuxFileSystem (java.base@21.0.6)
1908:             2             32  sun.reflect.generics.tree.ArrayTypeSignature (java.base@21.0.6)
1909:             1             32  sun.reflect.generics.tree.MethodTypeSignature (java.base@21.0.6)
1910:             2             32  sun.security.provider.FileInputStreamPool$UnclosableInputStream (java.base@21.0.6)
1911:             2             32  sun.security.provider.NativePRNG (java.base@21.0.6)
1912:             1             32  sun.security.provider.SecureRandom (java.base@21.0.6)
1913:             1             24  [Lcom.fasterxml.jackson.core.StreamWriteCapability;
1914:             1             24  [Lcom.fasterxml.jackson.dataformat.yaml.YAMLParser$Feature;
1915:             1             24  [Lcom.google.common.util.concurrent.DirectExecutor;
1916:             1             24  [Lcom.google.protobuf.MessageInfoFactory;
1917:             1             24  [Lcom.google.protobuf.RuntimeVersion$RuntimeDomain;
1918:             1             24  [Lcom.sun.org.apache.xerces.internal.utils.XMLSecurityPropertyManager$Property; (java.xml@21.0.6)
1919:             1             24  [Ldev.openfeature.contrib.providers.flagd.resolver.rpc.cache.CacheType;
1920:             1             24  [Lio.grpc.ClientStreamTracer;
1921:             1             24  [Lio.grpc.InternalKnownTransport;
1922:             1             24  [Lio.grpc.ServerInterceptor;
1923:             1             24  [Lio.grpc.internal.DnsNameResolver$JdkAddressResolver;
1924:             1             24  [Lio.grpc.internal.MessageDeframer$State;
1925:             1             24  [Lio.grpc.netty.Utils$EventLoopGroupType;
1926:             1             24  [Lio.netty.buffer.PoolArena$SizeClass;
1927:             1             24  [Lio.netty.handler.codec.http2.Http2FrameLogger$Direction;
1928:             1             24  [Lio.netty.util.concurrent.GenericFutureListener;
1929:             1             24  [Lio.opentelemetry.context.ThreadLocalContextStorage;
1930:             1             24  [Lio.opentelemetry.javaagent.instrumentation.instrumentationannotations.MethodCodeAttributesGetter;
1931:             1             24  [Lio.opentelemetry.javaagent.instrumentation.instrumentationannotations.MethodRequestCodeAttributesGetter;
1932:             1             24  [Lio.opentelemetry.javaagent.instrumentation.instrumentationannotations.WithSpanParameterAttributeNamesExtractor;
1933:             1             24  [Lio.opentelemetry.javaagent.instrumentation.log4j.appender.v2_17.Log4jHelper$ContextDataAccessorImpl;
1934:             1             24  [Lio.opentelemetry.javaagent.shaded.instrumentation.api.annotation.support.EmptyAttributeBindings;
1935:             1             24  [Lio.opentelemetry.javaagent.shaded.instrumentation.api.annotation.support.async.Jdk8AsyncOperationEndStrategy;
1936:             1             24  [Lio.opentelemetry.javaagent.shaded.instrumentation.api.instrumenter.SpanSuppressors$Noop;
1937:             1             24  [Lio.opentelemetry.javaagent.shaded.instrumentation.api.internal.cache.concurrentlinkedhashmap.ConcurrentLinkedHashMap$DiscardingListener;
1938:             1             24  [Lio.opentelemetry.javaagent.shaded.instrumentation.api.internal.cache.concurrentlinkedhashmap.Weighers$SingletonEntryWeigher;
1939:             1             24  [Lio.opentelemetry.javaagent.shaded.instrumentation.api.semconv.http.HttpStatusCodeConverter;
1940:             1             24  [Lio.opentelemetry.javaagent.shaded.instrumentation.grpc.v1_6.GrpcRequestGetter;
1941:             1             24  [Lio.opentelemetry.javaagent.shaded.instrumentation.grpc.v1_6.GrpcRpcAttributesGetter;
1942:             1             24  [Lio.opentelemetry.javaagent.shaded.instrumentation.grpc.v1_6.GrpcSpanStatusExtractor;
1943:             1             24  [Lio.opentelemetry.javaagent.shaded.instrumentation.grpc.v1_6.MetadataSetter;
1944:             1             24  [Lio.opentelemetry.javaagent.shaded.instrumentation.netty.v4.common.internal.client.HttpRequestHeadersSetter;
1945:             1             24  [Lio.opentelemetry.javaagent.shaded.instrumentation.netty.v4.common.internal.client.NettyConnectHttpAttributesGetter;
1946:             1             24  [Lio.opentelemetry.javaagent.shaded.instrumentation.netty.v4_1.internal.ProtocolEventHandler$Noop;
1947:             1             24  [Lio.opentelemetry.javaagent.shaded.io.opentelemetry.context.ThreadLocalContextStorage$NoopScope;
1948:             1             24  [Lio.opentelemetry.javaagent.shaded.io.opentelemetry.context.ThreadLocalContextStorage;
1949:             1             24  [Lio.opentelemetry.javaagent.shaded.io.opentelemetry.context.propagation.TextMapPropagator;
1950:             1             24  [Lio.opentelemetry.javaagent.slf4j.helpers.Reporter$TargetChoice;
1951:             1             24  [Lio.opentelemetry.javaagent.tooling.field.FieldBackedImplementationInstaller$NoOpTransformer;
1952:             1             24  [Lio.opentelemetry.javaagent.tooling.ignore.IgnoreAllow;
1953:             1             24  [Lio.opentelemetry.javaagent.tooling.muzzle.references.Flag$OwnershipFlag;
1954:             1             24  [Lio.opentelemetry.sdk.common.export.MemoryMode;
1955:             1             24  [Lio.opentelemetry.sdk.metrics.InstrumentValueType;
1956:             1             24  [Lio.opentelemetry.sdk.metrics.data.AggregationTemporality;
1957:             1             24  [Lio.opentelemetry.sdk.metrics.internal.debug.NoSourceInfo;
1958:             1             24  [Lio.opentelemetry.sdk.trace.RandomIdGenerator;
1959:             1             24  [Lio.opentelemetry.sdk.trace.samplers.AlwaysOffSampler;
1960:             1             24  [Lio.opentelemetry.sdk.trace.samplers.AlwaysOnSampler;
1961:             1             24  [Ljava.io.File$PathStatus; (java.base@21.0.6)
1962:             1             24  [Ljava.lang.StackWalker$ExtendedOption; (java.base@21.0.6)
1963:             1             24  [Ljava.lang.invoke.MethodHandles$Lookup$ClassOption; (java.base@21.0.6)
1964:             1             24  [Ljava.lang.management.MemoryType; (java.management@21.0.6)
1965:             1             24  [Ljava.lang.reflect.Constructor; (java.base@21.0.6)
1966:             1             24  [Ljava.lang.reflect.Parameter; (java.base@21.0.6)
1967:             1             24  [Ljava.net.URL; (java.base@21.0.6)
1968:             1             24  [Ljava.util.Comparators$NaturalOrderComparator; (java.base@21.0.6)
1969:             1             24  [Ljava.util.Locale$Category; (java.base@21.0.6)
1970:             1             24  [Ljava.util.jar.Manifest; (java.base@21.0.6)
1971:             1             24  [Lnet.bytebuddy.ClassFileVersion$VersionLocator$Resolver;
1972:             1             24  [Lnet.bytebuddy.NamingStrategy$Suffixing$BaseNameResolver$ForUnnamedType;
1973:             1             24  [Lnet.bytebuddy.agent.builder.AgentBuilder$ClassFileBufferStrategy$Default;
1974:             1             24  [Lnet.bytebuddy.agent.builder.AgentBuilder$Default$ExecutingTransformer$Factory$CreationAction;
1975:             1             24  [Lnet.bytebuddy.agent.builder.AgentBuilder$Default$NativeMethodStrategy$Disabled;
1976:             1             24  [Lnet.bytebuddy.agent.builder.AgentBuilder$Default$WarmupStrategy$NoOp;
1977:             1             24  [Lnet.bytebuddy.agent.builder.AgentBuilder$InitializationStrategy$NoOp;
1978:             1             24  [Lnet.bytebuddy.agent.builder.AgentBuilder$InjectionStrategy$UsingReflection;
1979:             1             24  [Lnet.bytebuddy.agent.builder.AgentBuilder$InstallationListener$NoOp;
1980:             1             24  [Lnet.bytebuddy.agent.builder.AgentBuilder$LambdaInstrumentationStrategy;
1981:             1             24  [Lnet.bytebuddy.agent.builder.AgentBuilder$Listener$NoOp;
1982:             1             24  [Lnet.bytebuddy.agent.builder.AgentBuilder$LocationStrategy$ForClassLoader;
1983:             1             24  [Lnet.bytebuddy.agent.builder.AgentBuilder$PatchMode$Handler$NoOp;
1984:             1             24  [Lnet.bytebuddy.agent.builder.AgentBuilder$PoolStrategy$Default;
1985:             1             24  [Lnet.bytebuddy.agent.builder.AgentBuilder$RawMatcher$Trivial;
1986:             1             24  [Lnet.bytebuddy.agent.builder.AgentBuilder$RedefinitionStrategy$BatchAllocator$ForTotal;
1987:             1             24  [Lnet.bytebuddy.agent.builder.AgentBuilder$RedefinitionStrategy$DiscoveryStrategy$Reiterating;
1988:             1             24  [Lnet.bytebuddy.agent.builder.AgentBuilder$RedefinitionStrategy$DiscoveryStrategy$SinglePass;
1989:             1             24  [Lnet.bytebuddy.agent.builder.AgentBuilder$RedefinitionStrategy$Listener$NoOp;
1990:             1             24  [Lnet.bytebuddy.agent.builder.AgentBuilder$RedefinitionStrategy$ResubmissionEnforcer$Disabled;
1991:             1             24  [Lnet.bytebuddy.agent.builder.AgentBuilder$RedefinitionStrategy$ResubmissionStrategy$Disabled;
1992:             1             24  [Lnet.bytebuddy.agent.builder.AgentBuilder$TransformerDecorator$NoOp;
1993:             1             24  [Lnet.bytebuddy.asm.Advice$ArgumentHandler$Factory;
1994:             1             24  [Lnet.bytebuddy.asm.Advice$AssignReturned$ExceptionHandler$Factory$NoOp;
1995:             1             24  [Lnet.bytebuddy.asm.Advice$AssignReturned$ToAllArguments$Handler$Factory;
1996:             1             24  [Lnet.bytebuddy.asm.Advice$AssignReturned$ToArguments$Handler$Factory;
1997:             1             24  [Lnet.bytebuddy.asm.Advice$AssignReturned$ToFields$Handler$Factory;
1998:             1             24  [Lnet.bytebuddy.asm.Advice$AssignReturned$ToReturned$Handler$Factory;
1999:             1             24  [Lnet.bytebuddy.asm.Advice$AssignReturned$ToThis$Handler$Factory;
2000:             1             24  [Lnet.bytebuddy.asm.Advice$AssignReturned$ToThrown$Handler$Factory;
2001:             1             24  [Lnet.bytebuddy.asm.Advice$Delegator$ForRegularInvocation$Factory;
2002:             1             24  [Lnet.bytebuddy.asm.Advice$Dispatcher$Inactive;
2003:             1             24  [Lnet.bytebuddy.asm.Advice$Dispatcher$RelocationHandler$Disabled;
2004:             1             24  [Lnet.bytebuddy.asm.Advice$Dispatcher$SuppressionHandler$NoOp;
2005:             1             24  [Lnet.bytebuddy.asm.Advice$MethodSizeHandler$NoOp;
2006:             1             24  [Lnet.bytebuddy.asm.Advice$OffsetMapping$Factory$AdviceType;
2007:             1             24  [Lnet.bytebuddy.asm.Advice$OffsetMapping$ForAllArguments$Factory;
2008:             1             24  [Lnet.bytebuddy.asm.Advice$OffsetMapping$ForArgument$Unresolved$Factory;
2009:             1             24  [Lnet.bytebuddy.asm.Advice$OffsetMapping$ForDynamicConstant$Factory;
2010:             1             24  [Lnet.bytebuddy.asm.Advice$OffsetMapping$ForField$Unresolved$Factory;
2011:             1             24  [Lnet.bytebuddy.asm.Advice$OffsetMapping$ForFieldHandle$Unresolved$ReaderFactory;
2012:             1             24  [Lnet.bytebuddy.asm.Advice$OffsetMapping$ForFieldHandle$Unresolved$WriterFactory;
2013:             1             24  [Lnet.bytebuddy.asm.Advice$OffsetMapping$ForHandle$Factory;
2014:             1             24  [Lnet.bytebuddy.asm.Advice$OffsetMapping$ForOrigin$Factory;
2015:             1             24  [Lnet.bytebuddy.asm.Advice$OffsetMapping$ForOrigin$Renderer$ForMethodName;
2016:             1             24  [Lnet.bytebuddy.asm.Advice$OffsetMapping$ForReturnValue$Factory;
2017:             1             24  [Lnet.bytebuddy.asm.Advice$OffsetMapping$ForSelfCallHandle$Factory;
2018:             1             24  [Lnet.bytebuddy.asm.Advice$OffsetMapping$ForStubValue;
2019:             1             24  [Lnet.bytebuddy.asm.Advice$OffsetMapping$ForThisReference$Factory;
2020:             1             24  [Lnet.bytebuddy.asm.Advice$OffsetMapping$ForThrowable$Factory;
2021:             1             24  [Lnet.bytebuddy.asm.Advice$OffsetMapping$ForUnusedValue$Factory;
2022:             1             24  [Lnet.bytebuddy.asm.Advice$OffsetMapping$Sort;
2023:             1             24  [Lnet.bytebuddy.asm.Advice$PostProcessor$NoOp;
2024:             1             24  [Lnet.bytebuddy.asm.Advice$StackMapFrameHandler$Default$Initialization;
2025:             1             24  [Lnet.bytebuddy.asm.AsmVisitorWrapper$NoOp;
2026:             1             24  [Lnet.bytebuddy.asm.TypeConstantAdjustment;
2027:             1             24  [Lnet.bytebuddy.description.modifier.SyntheticState;
2028:             1             24  [Lnet.bytebuddy.description.type.TypeDescription$Generic$AnnotationReader$NoOp;
2029:             1             24  [Lnet.bytebuddy.description.type.TypeDescription$Generic$Visitor$NoOp;
2030:             1             24  [Lnet.bytebuddy.description.type.TypeDescription$Generic$Visitor$Reifying;
2031:             1             24  [Lnet.bytebuddy.description.type.TypeDescription$Generic$Visitor$Validator$ForTypeAnnotations;
2032:             1             24  [Lnet.bytebuddy.dynamic.ClassFileLocator$ForClassLoader$BootLoaderProxyCreationAction;
2033:             1             24  [Lnet.bytebuddy.dynamic.ClassFileLocator$NoOp;
2034:             1             24  [Lnet.bytebuddy.dynamic.NexusAccessor$Dispatcher$CreationAction;
2035:             1             24  [Lnet.bytebuddy.dynamic.Transformer$NoOp;
2036:             1             24  [Lnet.bytebuddy.dynamic.TypeResolutionStrategy$Disabled;
2037:             1             24  [Lnet.bytebuddy.dynamic.TypeResolutionStrategy$Passive;
2038:             1             24  [Lnet.bytebuddy.dynamic.loading.ByteArrayClassLoader$PackageLookupStrategy$CreationAction;
2039:             1             24  [Lnet.bytebuddy.dynamic.loading.ByteArrayClassLoader$PersistenceHandler;
2040:             1             24  [Lnet.bytebuddy.dynamic.loading.ByteArrayClassLoader$SynchronizationStrategy$CreationAction;
2041:             1             24  [Lnet.bytebuddy.dynamic.loading.ClassFilePostProcessor$NoOp;
2042:             1             24  [Lnet.bytebuddy.dynamic.loading.ClassInjector$UsingReflection$Dispatcher$CreationAction;
2043:             1             24  [Lnet.bytebuddy.dynamic.loading.ClassInjector$UsingUnsafe$Dispatcher$CreationAction;
2044:             1             24  [Lnet.bytebuddy.dynamic.loading.PackageDefinitionStrategy$Definition$Trivial;
2045:             1             24  [Lnet.bytebuddy.dynamic.loading.PackageDefinitionStrategy$NoOp;
2046:             1             24  [Lnet.bytebuddy.dynamic.loading.PackageDefinitionStrategy$Trivial;
2047:             1             24  [Lnet.bytebuddy.dynamic.scaffold.InstrumentedType$Factory$Default;
2048:             1             24  [Lnet.bytebuddy.dynamic.scaffold.MethodGraph$Compiler$Default$Harmonizer$ForJavaMethod;
2049:             1             24  [Lnet.bytebuddy.dynamic.scaffold.MethodGraph$Compiler$Default$Merger$Directional;
2050:             1             24  [Lnet.bytebuddy.dynamic.scaffold.MethodGraph$Compiler$ForDeclaredMethods;
2051:             1             24  [Lnet.bytebuddy.dynamic.scaffold.MethodGraph$Empty;
2052:             1             24  [Lnet.bytebuddy.dynamic.scaffold.MethodRegistry$Handler$ForAbstractMethod;
2053:             1             24  [Lnet.bytebuddy.dynamic.scaffold.TypeInitializer$None;
2054:             1             24  [Lnet.bytebuddy.dynamic.scaffold.TypeValidation;
2055:             1             24  [Lnet.bytebuddy.dynamic.scaffold.TypeWriter$Default$ClassDumpAction$Dispatcher$Disabled;
2056:             1             24  [Lnet.bytebuddy.dynamic.scaffold.TypeWriter$Default$ValidatingClassVisitor$Constraint$ForClass;
2057:             1             24  [Lnet.bytebuddy.dynamic.scaffold.TypeWriter$Default$ValidatingClassVisitor$Constraint$ForInterface;
2058:             1             24  [Lnet.bytebuddy.dynamic.scaffold.TypeWriter$FieldPool$Disabled;
2059:             1             24  [Lnet.bytebuddy.dynamic.scaffold.TypeWriter$RecordComponentPool$Disabled;
2060:             1             24  [Lnet.bytebuddy.dynamic.scaffold.inline.MethodRebaseResolver$Disabled;
2061:             1             24  [Lnet.bytebuddy.dynamic.scaffold.subclass.SubclassImplementationTarget$Factory;
2062:             1             24  [Lnet.bytebuddy.dynamic.scaffold.subclass.SubclassImplementationTarget$OriginTypeResolver;
2063:             1             24  [Lnet.bytebuddy.implementation.Implementation$Context$Default$Factory;
2064:             1             24  [Lnet.bytebuddy.implementation.Implementation$Context$Disabled$Factory;
2065:             1             24  [Lnet.bytebuddy.implementation.Implementation$Target$AbstractBase$DefaultMethodInvocation;
2066:             1             24  [Lnet.bytebuddy.implementation.LoadedTypeInitializer$NoOp;
2067:             1             24  [Lnet.bytebuddy.implementation.MethodCall$ArgumentLoader$ForMethodParameter$OfInstrumentedMethod;
2068:             1             24  [Lnet.bytebuddy.implementation.MethodCall$MethodInvoker$ForContextualInvocation$Factory;
2069:             1             24  [Lnet.bytebuddy.implementation.MethodCall$MethodInvoker$ForSuperMethodInvocation$Factory;
2070:             1             24  [Lnet.bytebuddy.implementation.MethodCall$MethodInvoker$ForVirtualInvocation$WithImplicitType;
2071:             1             24  [Lnet.bytebuddy.implementation.MethodCall$TargetHandler$ForSelfOrStaticInvocation$Factory;
2072:             1             24  [Lnet.bytebuddy.implementation.SuperMethodCall$Appender$TerminationHandler;
2073:             1             24  [Lnet.bytebuddy.implementation.SuperMethodCall;
2074:             1             24  [Lnet.bytebuddy.implementation.attribute.AnnotationRetention;
2075:             1             24  [Lnet.bytebuddy.implementation.attribute.AnnotationValueFilter$Default;
2076:             1             24  [Lnet.bytebuddy.implementation.attribute.MethodAttributeAppender$ForInstrumentedMethod;
2077:             1             24  [Lnet.bytebuddy.implementation.attribute.MethodAttributeAppender$NoOp;
2078:             1             24  [Lnet.bytebuddy.implementation.attribute.TypeAttributeAppender$ForInstrumentedType;
2079:             1             24  [Lnet.bytebuddy.implementation.bytecode.StackManipulation$Illegal;
2080:             1             24  [Lnet.bytebuddy.implementation.bytecode.StackManipulation$Trivial;
2081:             1             24  [Lnet.bytebuddy.implementation.bytecode.assign.reference.GenericTypeAwareAssigner;
2082:             1             24  [Lnet.bytebuddy.implementation.bytecode.assign.reference.ReferenceTypeAwareAssigner;
2083:             1             24  [Lnet.bytebuddy.implementation.bytecode.member.FieldAccess;
2084:             1             24  [Lnet.bytebuddy.implementation.bytecode.member.MethodVariableAccess$MethodLoading$TypeCastingHandler$NoOp;
2085:             1             24  [Lnet.bytebuddy.pool.TypePool$CacheProvider$NoOp;
2086:             1             24  [Lnet.bytebuddy.pool.TypePool$Default$ComponentTypeLocator$Illegal;
2087:             1             24  [Lnet.bytebuddy.pool.TypePool$Default$LazyTypeDescription$GenericTypeToken$Resolution$Raw;
2088:             1             24  [Lnet.bytebuddy.pool.TypePool$Default$LazyTypeDescription$TypeContainment$SelfContained;
2089:             1             24  [Lnet.bytebuddy.pool.TypePool$Default$ReaderMode;
2090:             1             24  [Lnet.bytebuddy.pool.TypePool$Empty;
2091:             1             24  [Lnet.bytebuddy.utility.AsmClassWriter$Factory$Default$EmptyAsmClassReader;
2092:             1             24  [Lnet.bytebuddy.utility.ConstructorComparator;
2093:             1             24  [Lnet.bytebuddy.utility.FieldComparator;
2094:             1             24  [Lnet.bytebuddy.utility.MethodComparator;
2095:             1             24  [Lnet.bytebuddy.utility.dispatcher.JavaDispatcher$DynamicClassLoader$Resolver$CreationAction;
2096:             1             24  [Lokhttp3.ConnectionSpec;
2097:             1             24  [Lorg.apache.logging.log4j.core.async.ThreadNameCachingStrategy;
2098:             1             24  [Lorg.apache.logging.log4j.core.config.AppenderRef;
2099:             1             24  [Lorg.apache.logging.log4j.core.pattern.NameAbbreviator$MaxElementAbbreviator$Strategy;
2100:             1             24  [Lorg.slf4j.helpers.Reporter$TargetChoice;
2101:             1             24  [Loteldemo.AdService$AdRequestType;
2102:             1             24  [Loteldemo.AdService$AdResponseType;
2103:             1             24  [Lsun.reflect.generics.tree.TypeSignature; (java.base@21.0.6)
2104:             1             24  com.fasterxml.jackson.core.ErrorReportConfiguration
2105:             1             24  com.fasterxml.jackson.databind.cfg.DefaultCacheProvider
2106:             1             24  com.fasterxml.jackson.databind.introspect.JacksonAnnotationIntrospector
2107:             1             24  com.fasterxml.jackson.databind.util.internal.PrivateMaxEntriesMap$DrainStatus$1
2108:             1             24  com.fasterxml.jackson.databind.util.internal.PrivateMaxEntriesMap$DrainStatus$2
2109:             1             24  com.fasterxml.jackson.databind.util.internal.PrivateMaxEntriesMap$DrainStatus$3
2110:             1             24  com.google.cloud.opentelemetry.detection.GCPMetadataConfig
2111:             1             24  com.google.cloud.opentelemetry.detection.GCPPlatformDetector
2112:             1             24  com.google.common.collect.Iterators$ArrayItr
2113:             1             24  com.google.common.util.concurrent.AbstractFuture$Listener
2114:             1             24  com.google.common.util.concurrent.AbstractFuture$Waiter
2115:             1             24  com.google.common.util.concurrent.DirectExecutor
2116:             1             24  com.google.common.util.concurrent.LazyLogger
2117:             1             24  com.google.protobuf.GeneratedMessage$GeneratedExtension$1
2118:             1             24  com.google.protobuf.Protobuf
2119:             1             24  com.google.protobuf.WireFormat$Utf8Validation$1
2120:             1             24  com.google.protobuf.WireFormat$Utf8Validation$2
2121:             1             24  com.google.protobuf.WireFormat$Utf8Validation$3
2122:             1             24  com.sun.management.internal.HotSpotThreadImpl (jdk.management@21.0.6)
2123:             1             24  com.sun.management.internal.PlatformMBeanProviderImpl$2 (jdk.management@21.0.6)
2124:             1             24  com.sun.management.internal.PlatformMBeanProviderImpl$5 (jdk.management@21.0.6)
2125:             1             24  com.sun.org.apache.xerces.internal.impl.Constants$ArrayEnumeration (java.xml@21.0.6)
2126:             1             24  com.sun.org.apache.xerces.internal.jaxp.SAXParserFactoryImpl (java.xml@21.0.6)
2127:             1             24  dev.openfeature.contrib.providers.flagd.Config$Resolver$1
2128:             1             24  dev.openfeature.contrib.providers.flagd.Config$Resolver$2
2129:             1             24  dev.openfeature.contrib.providers.flagd.Config$Resolver$3
2130:             1             24  dev.openfeature.contrib.providers.flagd.FlagdProviderSyncResources
2131:             1             24  dev.openfeature.contrib.providers.flagd.resolver.common.ChannelConnector$$Lambda/0x00007f5a8e4f4880
2132:             1             24  dev.openfeature.contrib.providers.flagd.resolver.common.FlagdGrpcInterceptor$1
2133:             1             24  dev.openfeature.contrib.providers.flagd.resolver.rpc.RpcResolver$$Lambda/0x00007f5a8e4f6028
2134:             1             24  dev.openfeature.contrib.providers.flagd.resolver.rpc.cache.Cache
2135:             1             24  dev.openfeature.flagd.grpc.evaluation.ServiceGrpc$ServiceStub
2136:             1             24  dev.openfeature.sdk.EventSupport
2137:             1             24  dev.openfeature.sdk.FeatureProviderStateManager
2138:             1             24  io.grpc.ConfiguratorRegistry
2139:             1             24  io.grpc.ConnectivityStateInfo
2140:             1             24  io.grpc.DecompressorRegistry
2141:             1             24  io.grpc.EquivalentAddressGroup
2142:             1             24  io.grpc.LoadBalancer$CreateSubchannelArgs
2143:             1             24  io.grpc.LoadBalancerRegistry
2144:             1             24  io.grpc.Metadata
2145:             1             24  io.grpc.NameResolver$ConfigOrError
2146:             1             24  io.grpc.PersistentHashArrayMappedTrie$Leaf
2147:             1             24  io.grpc.ServerRegistry
2148:             1             24  io.grpc.internal.AtomicBackoff
2149:             1             24  io.grpc.internal.AtomicBackoff$State
2150:             1             24  io.grpc.internal.AutoConfiguredLoadBalancerFactory
2151:             1             24  io.grpc.internal.ClientCallImpl$ClientStreamListenerImpl
2152:             1             24  io.grpc.internal.ConnectivityStateManager
2153:             1             24  io.grpc.internal.ConnectivityStateManager$Listener
2154:             1             24  io.grpc.internal.DelayedClientTransport$1
2155:             1             24  io.grpc.internal.DelayedClientTransport$2
2156:             1             24  io.grpc.internal.DelayedClientTransport$3
2157:             1             24  io.grpc.internal.DelayedClientTransport$PickerState
2158:             1             24  io.grpc.internal.DnsNameResolver$JdkAddressResolver
2159:             1             24  io.grpc.internal.InstantTimeProvider
2160:             1             24  io.grpc.internal.InternalHandlerRegistry
2161:             1             24  io.grpc.internal.InternalSubchannel$1
2162:             1             24  io.grpc.internal.InternalSubchannel$CallTracingTransport
2163:             1             24  io.grpc.internal.InternalSubchannel$CallTracingTransport$1
2164:             1             24  io.grpc.internal.InternalSubchannel$CallTracingTransport$1$1
2165:             1             24  io.grpc.internal.InternalSubchannel$Index
2166:             1             24  io.grpc.internal.InternalSubchannel$TransportListener
2167:             1             24  io.grpc.internal.LogExceptionRunnable
2168:             1             24  io.grpc.internal.ManagedChannelImpl$1ChannelCallTracerFactory
2169:             1             24  io.grpc.internal.ManagedChannelImpl$ChannelStreamProvider
2170:             1             24  io.grpc.internal.ManagedChannelImpl$IdleModeStateAggregator
2171:             1             24  io.grpc.internal.ManagedChannelImpl$IdleModeTimer
2172:             1             24  io.grpc.internal.ManagedChannelImpl$LbHelperImpl
2173:             1             24  io.grpc.internal.ManagedChannelImpl$NameResolverListener
2174:             1             24  io.grpc.internal.ManagedChannelImpl$SubchannelImpl$1ManagedInternalSubchannelCallback
2175:             1             24  io.grpc.internal.ManagedChannelOrphanWrapper
2176:             1             24  io.grpc.internal.MetricRecorderImpl
2177:             1             24  io.grpc.internal.PickFirstLoadBalancer$1
2178:             1             24  io.grpc.internal.ProxyDetectorImpl
2179:             1             24  io.grpc.internal.Rescheduler$FutureRunnable
2180:             1             24  io.grpc.internal.RetriableStream$Sublistener
2181:             1             24  io.grpc.internal.RetriableStream$Substream
2182:             1             24  io.grpc.internal.RetryingNameResolver$RetryingListener
2183:             1             24  io.grpc.internal.SharedResourceHolder
2184:             1             24  io.grpc.netty.NettyChannelBuilder$NettyTransportFactory$1
2185:             1             24  io.grpc.netty.NettyClientHandler$1
2186:             1             24  io.grpc.netty.NettyClientHandler$2
2187:             1             24  io.grpc.netty.NettyClientHandler$FrameListener
2188:             1             24  io.grpc.netty.NettyClientHandler$PingCountingFrameWriter
2189:             1             24  io.grpc.netty.NettyServer$3
2190:             1             24  io.grpc.netty.NettyServer$ListenSocket
2191:             1             24  io.grpc.netty.NettyServer$SharedResourceReferenceCounter
2192:             1             24  io.grpc.netty.ProtocolNegotiationEvent
2193:             1             24  io.grpc.netty.Utils$FlowControlReader
2194:             1             24  io.grpc.netty.WriteQueue$1
2195:             1             24  io.grpc.stub.ClientCalls$StreamObserverToCallListenerAdapter
2196:             1             24  io.netty.bootstrap.ServerBootstrap$ServerBootstrapAcceptor$1
2197:             1             24  io.netty.buffer.UnpooledByteBufAllocator
2198:             1             24  io.netty.buffer.UnpooledByteBufAllocator$UnpooledByteBufAllocatorMetric
2199:             1             24  io.netty.channel.ChannelOption$1
2200:             1             24  io.netty.channel.ServerChannelRecvByteBufAllocator
2201:             1             24  io.netty.channel.WriteBufferWaterMark
2202:             1             24  io.netty.channel.epoll.AbstractEpollStreamChannel$1
2203:             1             24  io.netty.channel.group.DefaultChannelGroup$1
2204:             1             24  io.netty.channel.group.VoidChannelGroupFuture
2205:             1             24  io.netty.handler.codec.http.HttpMethod$EnumNameMap
2206:             1             24  io.netty.handler.codec.http2.DefaultHttp2Connection$PropertyKeyRegistry
2207:             1             24  io.netty.handler.codec.http2.DefaultHttp2FrameWriter
2208:             1             24  io.netty.handler.codec.http2.DefaultHttp2HeadersEncoder
2209:             1             24  io.netty.handler.codec.http2.HpackHuffmanDecoder
2210:             1             24  io.netty.handler.codec.http2.HpackHuffmanEncoder$EncodedLengthProcessor
2211:             1             24  io.netty.handler.codec.http2.Http2ConnectionHandler$FrameDecoder
2212:             1             24  io.netty.handler.codec.http2.Http2InboundFrameLogger
2213:             1             24  io.netty.handler.codec.http2.Http2OutboundFrameLogger
2214:             1             24  io.netty.handler.codec.http2.ReadOnlyHttp2Headers
2215:             1             24  io.netty.resolver.DefaultAddressResolverGroup
2216:             1             24  io.netty.util.AttributeKey$1
2217:             1             24  io.netty.util.ResourceLeakDetectorFactory$DefaultResourceLeakDetectorFactory
2218:             1             24  io.netty.util.concurrent.DefaultFutureListeners
2219:             1             24  io.netty.util.concurrent.FailedFuture
2220:             1             24  io.netty.util.concurrent.GlobalEventExecutor$1
2221:             1             24  io.netty.util.concurrent.GlobalEventExecutor$TaskRunner
2222:             1             24  io.netty.util.internal.ThreadExecutorMap$3
2223:             1             24  io.opentelemetry.api.baggage.ImmutableBaggage
2224:             1             24  io.opentelemetry.api.common.ArrayBackedAttributes
2225:             1             24  io.opentelemetry.context.ThreadLocalContextStorage
2226:             1             24  io.opentelemetry.exporter.internal.otlp.ResourceMarshaler
2227:             1             24  io.opentelemetry.exporter.internal.otlp.logs.LogReusableDataMarshaler
2228:             1             24  io.opentelemetry.exporter.internal.otlp.logs.LowAllocationLogsRequestMarshaler
2229:             1             24  io.opentelemetry.exporter.internal.otlp.metrics.LowAllocationMetricsRequestMarshaler
2230:             1             24  io.opentelemetry.exporter.internal.otlp.metrics.MetricReusableDataMarshaler
2231:             1             24  io.opentelemetry.exporter.internal.otlp.traces.LowAllocationTraceRequestMarshaler
2232:             1             24  io.opentelemetry.exporter.internal.otlp.traces.SpanReusableDataMarshaler
2233:             1             24  io.opentelemetry.exporter.otlp.http.logs.OtlpHttpLogRecordExporter
2234:             1             24  io.opentelemetry.exporter.otlp.http.trace.OtlpHttpSpanExporter
2235:             1             24  io.opentelemetry.javaagent.bootstrap.CallDepthThreadLocalMap$1
2236:             1             24  io.opentelemetry.javaagent.bootstrap.InstrumentedTaskClasses$1
2237:             1             24  io.opentelemetry.javaagent.bootstrap.internal.ExperimentalConfig
2238:             1             24  io.opentelemetry.javaagent.instrumentation.executors.FutureInstrumentation$1
2239:             1             24  io.opentelemetry.javaagent.instrumentation.instrumentationannotations.MethodCodeAttributesGetter
2240:             1             24  io.opentelemetry.javaagent.instrumentation.instrumentationannotations.MethodRequestCodeAttributesGetter
2241:             1             24  io.opentelemetry.javaagent.instrumentation.instrumentationannotations.WithSpanParameterAttributeNamesExtractor
2242:             1             24  io.opentelemetry.javaagent.instrumentation.kotlinxcoroutines.instrumentationannotations.WithSpanInstrumentation
2243:             1             24  io.opentelemetry.javaagent.instrumentation.log4j.appender.v2_17.Log4jHelper$ContextDataAccessorImpl
2244:             1             24  io.opentelemetry.javaagent.instrumentation.netty.v4.common.FutureListenerWrappers$1
2245:             1             24  io.opentelemetry.javaagent.instrumentation.netty.v4.common.FutureListenerWrappers$WrappedFutureListener
2246:             1             24  io.opentelemetry.javaagent.instrumentation.opentelemetryapi.context.AgentContextStorage
2247:             1             24  io.opentelemetry.javaagent.instrumentation.opentelemetryapi.context.AgentContextWrapper
2248:             1             24  io.opentelemetry.javaagent.instrumentation.opentelemetryapi.v1_10.metrics.ApplicationMeterProvider
2249:             1             24  io.opentelemetry.javaagent.instrumentation.opentelemetryapi.v1_27.logs.ApplicationLoggerProvider
2250:             1             24  io.opentelemetry.javaagent.instrumentation.opentelemetryapi.v1_4.trace.ApplicationTracerProvider14
2251:             1             24  io.opentelemetry.javaagent.shaded.instrumentation.api.annotation.support.CombinedAttributeBindings
2252:             1             24  io.opentelemetry.javaagent.shaded.instrumentation.api.annotation.support.EmptyAttributeBindings
2253:             1             24  io.opentelemetry.javaagent.shaded.instrumentation.api.annotation.support.SpanAttributesExtractor
2254:             1             24  io.opentelemetry.javaagent.shaded.instrumentation.api.annotation.support.async.Jdk8AsyncOperationEndStrategy
2255:             1             24  io.opentelemetry.javaagent.shaded.instrumentation.api.incubator.semconv.http.HttpClientPeerServiceAttributesExtractor
2256:             1             24  io.opentelemetry.javaagent.shaded.instrumentation.api.incubator.semconv.rpc.AutoValue_RpcClientMetrics_State
2257:             1             24  io.opentelemetry.javaagent.shaded.instrumentation.api.instrumenter.SpanSuppressionStrategy$1
2258:             1             24  io.opentelemetry.javaagent.shaded.instrumentation.api.instrumenter.SpanSuppressionStrategy$3
2259:             1             24  io.opentelemetry.javaagent.shaded.instrumentation.api.instrumenter.SpanSuppressors$Noop
2260:             1             24  io.opentelemetry.javaagent.shaded.instrumentation.api.internal.cache.concurrentlinkedhashmap.ConcurrentLinkedHashMap$DiscardingListener
2261:             1             24  io.opentelemetry.javaagent.shaded.instrumentation.api.internal.cache.concurrentlinkedhashmap.ConcurrentLinkedHashMap$DrainStatus$1
2262:             1             24  io.opentelemetry.javaagent.shaded.instrumentation.api.internal.cache.concurrentlinkedhashmap.ConcurrentLinkedHashMap$DrainStatus$2
2263:             1             24  io.opentelemetry.javaagent.shaded.instrumentation.api.internal.cache.concurrentlinkedhashmap.ConcurrentLinkedHashMap$DrainStatus$3
2264:             1             24  io.opentelemetry.javaagent.shaded.instrumentation.api.internal.cache.concurrentlinkedhashmap.Weighers$SingletonEntryWeigher
2265:             1             24  io.opentelemetry.javaagent.shaded.instrumentation.api.semconv.http.HttpSpanNameExtractor$Client
2266:             1             24  io.opentelemetry.javaagent.shaded.instrumentation.api.semconv.http.HttpSpanStatusExtractor
2267:             1             24  io.opentelemetry.javaagent.shaded.instrumentation.api.semconv.http.HttpStatusCodeConverter$1
2268:             1             24  io.opentelemetry.javaagent.shaded.instrumentation.api.semconv.http.HttpStatusCodeConverter$2
2269:             1             24  io.opentelemetry.javaagent.shaded.instrumentation.grpc.v1_6.GrpcRequestGetter
2270:             1             24  io.opentelemetry.javaagent.shaded.instrumentation.grpc.v1_6.GrpcRpcAttributesGetter
2271:             1             24  io.opentelemetry.javaagent.shaded.instrumentation.grpc.v1_6.MetadataSetter
2272:             1             24  io.opentelemetry.javaagent.shaded.instrumentation.grpc.v1_6.TracingClientInterceptor
2273:             1             24  io.opentelemetry.javaagent.shaded.instrumentation.grpc.v1_6.TracingServerInterceptor
2274:             1             24  io.opentelemetry.javaagent.shaded.instrumentation.grpc.v1_6.internal.ContextStorageBridge
2275:             1             24  io.opentelemetry.javaagent.shaded.instrumentation.netty.v4.common.internal.client.HttpRequestHeadersSetter
2276:             1             24  io.opentelemetry.javaagent.shaded.instrumentation.netty.v4.common.internal.client.NettyConnectHttpAttributesGetter
2277:             1             24  io.opentelemetry.javaagent.shaded.instrumentation.netty.v4_1.internal.ProtocolEventHandler$Noop
2278:             1             24  io.opentelemetry.javaagent.shaded.instrumentation.netty.v4_1.internal.client.NettyClientHandlerFactory
2279:             1             24  io.opentelemetry.javaagent.shaded.io.opentelemetry.api.baggage.ImmutableBaggage
2280:             1             24  io.opentelemetry.javaagent.shaded.io.opentelemetry.context.ThreadLocalContextStorage
2281:             1             24  io.opentelemetry.javaagent.shaded.io.opentelemetry.context.ThreadLocalContextStorage$NoopScope
2282:             1             24  io.opentelemetry.javaagent.shaded.io.opentelemetry.context.propagation.MultiTextMapPropagator
2283:             1             24  io.opentelemetry.javaagent.slf4j.helpers.BasicMDCAdapter
2284:             1             24  io.opentelemetry.javaagent.slf4j.helpers.BasicMDCAdapter$1
2285:             1             24  io.opentelemetry.javaagent.slf4j.helpers.FormattingTuple
2286:             1             24  io.opentelemetry.javaagent.slf4j.helpers.NOP_FallbackServiceProvider
2287:             1             24  io.opentelemetry.javaagent.slf4j.helpers.SubstituteLoggerFactory
2288:             1             24  io.opentelemetry.javaagent.slf4j.helpers.SubstituteServiceProvider
2289:             1             24  io.opentelemetry.javaagent.slf4j.simple.OutputChoice
2290:             1             24  io.opentelemetry.javaagent.slf4j.simple.SimpleServiceProvider
2291:             1             24  io.opentelemetry.javaagent.tooling.DefineClassHandler$DefineClassContextImpl
2292:             1             24  io.opentelemetry.javaagent.tooling.field.FieldBackedImplementationInstaller$NoOpTransformer
2293:             1             24  io.opentelemetry.javaagent.tooling.instrumentation.InstrumentationModuleInstaller
2294:             1             24  io.opentelemetry.javaagent.tooling.muzzle.AgentLocationStrategy
2295:             1             24  io.opentelemetry.javaagent.tooling.muzzle.references.Flag$ManifestationFlag$1
2296:             1             24  io.opentelemetry.javaagent.tooling.muzzle.references.Flag$ManifestationFlag$2
2297:             1             24  io.opentelemetry.javaagent.tooling.muzzle.references.Flag$ManifestationFlag$3
2298:             1             24  io.opentelemetry.javaagent.tooling.muzzle.references.Flag$ManifestationFlag$4
2299:             1             24  io.opentelemetry.javaagent.tooling.muzzle.references.Flag$ManifestationFlag$5
2300:             1             24  io.opentelemetry.javaagent.tooling.muzzle.references.Flag$MinimumVisibilityFlag$1
2301:             1             24  io.opentelemetry.javaagent.tooling.muzzle.references.Flag$MinimumVisibilityFlag$2
2302:             1             24  io.opentelemetry.javaagent.tooling.muzzle.references.Flag$MinimumVisibilityFlag$3
2303:             1             24  io.opentelemetry.javaagent.tooling.muzzle.references.Flag$MinimumVisibilityFlag$4
2304:             1             24  io.opentelemetry.javaagent.tooling.muzzle.references.Flag$OwnershipFlag$1
2305:             1             24  io.opentelemetry.javaagent.tooling.muzzle.references.Flag$OwnershipFlag$2
2306:             1             24  io.opentelemetry.javaagent.tooling.muzzle.references.Flag$VisibilityFlag$1
2307:             1             24  io.opentelemetry.javaagent.tooling.muzzle.references.Flag$VisibilityFlag$2
2308:             1             24  io.opentelemetry.javaagent.tooling.muzzle.references.Flag$VisibilityFlag$3
2309:             1             24  io.opentelemetry.javaagent.tooling.muzzle.references.Flag$VisibilityFlag$4
2310:             1             24  io.opentelemetry.sdk.logs.AutoValue_LogLimits
2311:             1             24  io.opentelemetry.sdk.logs.export.BatchLogRecordProcessor
2312:             1             24  io.opentelemetry.sdk.metrics.SdkMeterProvider$LeasedMetricProducer
2313:             1             24  io.opentelemetry.sdk.metrics.SdkMeterProvider$SdkCollectionRegistration
2314:             1             24  io.opentelemetry.sdk.metrics.export.PeriodicMetricReader$Scheduled
2315:             1             24  io.opentelemetry.sdk.metrics.internal.aggregator.DoubleLastValueAggregator
2316:             1             24  io.opentelemetry.sdk.metrics.internal.aggregator.DoubleSumAggregator
2317:             1             24  io.opentelemetry.sdk.metrics.internal.aggregator.DropAggregator$2
2318:             1             24  io.opentelemetry.sdk.metrics.internal.data.AutoValue_ImmutableHistogramData
2319:             1             24  io.opentelemetry.sdk.metrics.internal.data.AutoValue_ImmutableSumData
2320:             1             24  io.opentelemetry.sdk.metrics.internal.debug.NoSourceInfo
2321:             1             24  io.opentelemetry.sdk.metrics.internal.view.ViewRegistry
2322:             1             24  io.opentelemetry.sdk.trace.RandomIdGenerator
2323:             1             24  io.opentelemetry.sdk.trace.SdkTracerProvider
2324:             1             24  io.opentelemetry.sdk.trace.export.BatchSpanProcessor
2325:             1             24  io.opentelemetry.sdk.trace.samplers.AlwaysOffSampler
2326:             1             24  io.opentelemetry.sdk.trace.samplers.AlwaysOnSampler
2327:             1             24  io.perfmark.Link
2328:             1             24  io.perfmark.Tag
2329:             1             24  java.io.FilePermissionCollection (java.base@21.0.6)
2330:             1             24  java.io.UnixFileSystem (java.base@21.0.6)
2331:             1             24  java.lang.ProcessEnvironment$StringEnvironment (java.base@21.0.6)
2332:             1             24  java.lang.ProcessHandleImpl$$Lambda/0x00007f5a8e1797a8 (java.base@21.0.6)
2333:             1             24  java.lang.StackWalker$ExtendedOption (java.base@21.0.6)
2334:             1             24  java.lang.invoke.MethodHandleImpl$ArrayAccessor$1 (java.base@21.0.6)
2335:             1             24  java.lang.invoke.MethodHandleImpl$BindCaller$1 (java.base@21.0.6)
2336:             1             24  java.lang.reflect.Executable$ParameterData (java.base@21.0.6)
2337:             1             24  java.lang.reflect.Proxy$1 (java.base@21.0.6)
2338:             1             24  java.lang.reflect.ReflectPermission (java.base@21.0.6)
2339:             1             24  java.net.Inet6AddressImpl (java.base@21.0.6)
2340:             1             24  java.net.Proxy (java.base@21.0.6)
2341:             1             24  java.time.ZoneRegion (java.base@21.0.6)
2342:             1             24  java.time.zone.TzdbZoneRulesProvider (java.base@21.0.6)
2343:             1             24  java.util.Collections$3 (java.base@21.0.6)
2344:             1             24  java.util.Collections$EmptyMap (java.base@21.0.6)
2345:             1             24  java.util.Collections$SynchronizedCollection (java.base@21.0.6)
2346:             1             24  java.util.Comparator$$Lambda/0x00007f5a8e1e0848 (java.base@21.0.6)
2347:             1             24  java.util.Comparators$NaturalOrderComparator (java.base@21.0.6)
2348:             1             24  java.util.Locale$Cache (java.base@21.0.6)
2349:             1             24  java.util.ResourceBundle$Control$CandidateListCache (java.base@21.0.6)
2350:             1             24  java.util.ServiceLoader$2 (java.base@21.0.6)
2351:             1             24  java.util.concurrent.CopyOnWriteArrayList$COWIterator (java.base@21.0.6)
2352:             1             24  java.util.concurrent.Executors$DelegatedScheduledExecutorService (java.base@21.0.6)
2353:             1             24  java.util.jar.Manifest (java.base@21.0.6)
2354:             1             24  java.util.logging.LogManager$LoggerContext (java.logging@21.0.6)
2355:             1             24  java.util.logging.LogManager$SystemLoggerContext (java.logging@21.0.6)
2356:             1             24  java.util.regex.Pattern$Pos (java.base@21.0.6)
2357:             1             24  java.util.zip.ZipFile$InflaterCleanupAction (java.base@21.0.6)
2358:             1             24  jdk.internal.jimage.ImageReader (java.base@21.0.6)
2359:             1             24  jdk.internal.logger.BootstrapLogger$RedirectedLoggers (java.base@21.0.6)
2360:             1             24  jdk.internal.module.ModuleBootstrap$SafeModuleFinder (java.base@21.0.6)
2361:             1             24  jdk.internal.module.SystemModuleFinders$SystemModuleFinder (java.base@21.0.6)
2362:             1             24  jdk.internal.ref.CleanerImpl (java.base@21.0.6)
2363:             1             24  jdk.internal.util.ReferencedKeyMap (java.base@21.0.6)
2364:             1             24  jdk.internal.vm.ThreadContainers$RootContainer$TrackingRootContainer (java.base@21.0.6)
2365:             1             24  jdk.management.jfr.internal.FlightRecorderMXBeanProvider$SingleMBeanComponent (jdk.management.jfr@21.0.6)
2366:             1             24  kotlin.text.Regex
2367:             1             24  net.bytebuddy.ClassFileVersion$VersionLocator$Resolver
2368:             1             24  net.bytebuddy.NamingStrategy$Suffixing$BaseNameResolver$ForUnnamedType
2369:             1             24  net.bytebuddy.agent.builder.AgentBuilder$CircularityLock$Default
2370:             1             24  net.bytebuddy.agent.builder.AgentBuilder$ClassFileBufferStrategy$Default$1
2371:             1             24  net.bytebuddy.agent.builder.AgentBuilder$ClassFileBufferStrategy$Default$2
2372:             1             24  net.bytebuddy.agent.builder.AgentBuilder$Default$ExecutingTransformer$Factory$CreationAction
2373:             1             24  net.bytebuddy.agent.builder.AgentBuilder$Default$NativeMethodStrategy$Disabled
2374:             1             24  net.bytebuddy.agent.builder.AgentBuilder$Default$WarmupStrategy$NoOp
2375:             1             24  net.bytebuddy.agent.builder.AgentBuilder$InitializationStrategy$NoOp
2376:             1             24  net.bytebuddy.agent.builder.AgentBuilder$InjectionStrategy$UsingReflection
2377:             1             24  net.bytebuddy.agent.builder.AgentBuilder$InstallationListener$NoOp
2378:             1             24  net.bytebuddy.agent.builder.AgentBuilder$LambdaInstrumentationStrategy$1
2379:             1             24  net.bytebuddy.agent.builder.AgentBuilder$LambdaInstrumentationStrategy$2
2380:             1             24  net.bytebuddy.agent.builder.AgentBuilder$Listener$NoOp
2381:             1             24  net.bytebuddy.agent.builder.AgentBuilder$LocationStrategy$ForClassLoader$1
2382:             1             24  net.bytebuddy.agent.builder.AgentBuilder$LocationStrategy$ForClassLoader$2
2383:             1             24  net.bytebuddy.agent.builder.AgentBuilder$PatchMode$Handler$NoOp
2384:             1             24  net.bytebuddy.agent.builder.AgentBuilder$RedefinitionStrategy$BatchAllocator$ForTotal
2385:             1             24  net.bytebuddy.agent.builder.AgentBuilder$RedefinitionStrategy$DiscoveryStrategy$Reiterating
2386:             1             24  net.bytebuddy.agent.builder.AgentBuilder$RedefinitionStrategy$DiscoveryStrategy$SinglePass
2387:             1             24  net.bytebuddy.agent.builder.AgentBuilder$RedefinitionStrategy$Listener$NoOp
2388:             1             24  net.bytebuddy.agent.builder.AgentBuilder$RedefinitionStrategy$ResubmissionEnforcer$Disabled
2389:             1             24  net.bytebuddy.agent.builder.AgentBuilder$RedefinitionStrategy$ResubmissionStrategy$Disabled
2390:             1             24  net.bytebuddy.agent.builder.AgentBuilder$TransformerDecorator$NoOp
2391:             1             24  net.bytebuddy.agent.builder.AgentBuilder$TypeStrategy$Default$1
2392:             1             24  net.bytebuddy.agent.builder.AgentBuilder$TypeStrategy$Default$2
2393:             1             24  net.bytebuddy.agent.builder.AgentBuilder$TypeStrategy$Default$3
2394:             1             24  net.bytebuddy.agent.builder.AgentBuilder$TypeStrategy$Default$4
2395:             1             24  net.bytebuddy.asm.Advice$ArgumentHandler$Factory$1
2396:             1             24  net.bytebuddy.asm.Advice$ArgumentHandler$Factory$2
2397:             1             24  net.bytebuddy.asm.Advice$AssignReturned$DefaultValueSkip$Dispatcher$1
2398:             1             24  net.bytebuddy.asm.Advice$AssignReturned$DefaultValueSkip$Dispatcher$2
2399:             1             24  net.bytebuddy.asm.Advice$AssignReturned$DefaultValueSkip$Dispatcher$3
2400:             1             24  net.bytebuddy.asm.Advice$AssignReturned$DefaultValueSkip$Dispatcher$4
2401:             1             24  net.bytebuddy.asm.Advice$AssignReturned$DefaultValueSkip$Dispatcher$5
2402:             1             24  net.bytebuddy.asm.Advice$AssignReturned$ExceptionHandler$Factory$NoOp
2403:             1             24  net.bytebuddy.asm.Advice$AssignReturned$ToAllArguments$Handler$Factory
2404:             1             24  net.bytebuddy.asm.Advice$AssignReturned$ToArguments$Handler$Factory
2405:             1             24  net.bytebuddy.asm.Advice$AssignReturned$ToFields$Handler$Factory
2406:             1             24  net.bytebuddy.asm.Advice$AssignReturned$ToReturned$Handler$Factory
2407:             1             24  net.bytebuddy.asm.Advice$AssignReturned$ToThis$Handler$Factory
2408:             1             24  net.bytebuddy.asm.Advice$AssignReturned$ToThrown$Handler$Factory
2409:             1             24  net.bytebuddy.asm.Advice$Delegator$ForRegularInvocation$Factory
2410:             1             24  net.bytebuddy.asm.Advice$Dispatcher$Inactive
2411:             1             24  net.bytebuddy.asm.Advice$Dispatcher$RelocationHandler$Disabled
2412:             1             24  net.bytebuddy.asm.Advice$Dispatcher$SuppressionHandler$NoOp
2413:             1             24  net.bytebuddy.asm.Advice$ExceptionHandler$Default$1
2414:             1             24  net.bytebuddy.asm.Advice$ExceptionHandler$Default$2
2415:             1             24  net.bytebuddy.asm.Advice$ExceptionHandler$Default$3
2416:             1             24  net.bytebuddy.asm.Advice$MethodSizeHandler$NoOp
2417:             1             24  net.bytebuddy.asm.Advice$OffsetMapping$ForAllArguments$Factory
2418:             1             24  net.bytebuddy.asm.Advice$OffsetMapping$ForArgument$Unresolved$Factory
2419:             1             24  net.bytebuddy.asm.Advice$OffsetMapping$ForDynamicConstant$Factory
2420:             1             24  net.bytebuddy.asm.Advice$OffsetMapping$ForField$Unresolved$Factory
2421:             1             24  net.bytebuddy.asm.Advice$OffsetMapping$ForFieldHandle$Unresolved$ReaderFactory
2422:             1             24  net.bytebuddy.asm.Advice$OffsetMapping$ForFieldHandle$Unresolved$WriterFactory
2423:             1             24  net.bytebuddy.asm.Advice$OffsetMapping$ForHandle$Factory
2424:             1             24  net.bytebuddy.asm.Advice$OffsetMapping$ForInstrumentedMethod$1
2425:             1             24  net.bytebuddy.asm.Advice$OffsetMapping$ForInstrumentedMethod$2
2426:             1             24  net.bytebuddy.asm.Advice$OffsetMapping$ForInstrumentedMethod$3
2427:             1             24  net.bytebuddy.asm.Advice$OffsetMapping$ForInstrumentedMethod$4
2428:             1             24  net.bytebuddy.asm.Advice$OffsetMapping$ForInstrumentedMethod$5
2429:             1             24  net.bytebuddy.asm.Advice$OffsetMapping$ForOrigin$Factory
2430:             1             24  net.bytebuddy.asm.Advice$OffsetMapping$ForOrigin$Renderer$ForMethodName
2431:             1             24  net.bytebuddy.asm.Advice$OffsetMapping$ForReturnValue$Factory
2432:             1             24  net.bytebuddy.asm.Advice$OffsetMapping$ForSelfCallHandle$Factory
2433:             1             24  net.bytebuddy.asm.Advice$OffsetMapping$ForStubValue
2434:             1             24  net.bytebuddy.asm.Advice$OffsetMapping$ForThisReference$Factory
2435:             1             24  net.bytebuddy.asm.Advice$OffsetMapping$ForThrowable$Factory
2436:             1             24  net.bytebuddy.asm.Advice$OffsetMapping$ForUnusedValue$Factory
2437:             1             24  net.bytebuddy.asm.Advice$OffsetMapping$Sort$1
2438:             1             24  net.bytebuddy.asm.Advice$OffsetMapping$Sort$2
2439:             1             24  net.bytebuddy.asm.Advice$PostProcessor$NoOp
2440:             1             24  net.bytebuddy.asm.Advice$StackMapFrameHandler$Default$Initialization$1
2441:             1             24  net.bytebuddy.asm.Advice$StackMapFrameHandler$Default$Initialization$2
2442:             1             24  net.bytebuddy.asm.Advice$StackMapFrameHandler$Default$TranslationMode$1
2443:             1             24  net.bytebuddy.asm.Advice$StackMapFrameHandler$Default$TranslationMode$2
2444:             1             24  net.bytebuddy.asm.Advice$StackMapFrameHandler$Default$TranslationMode$3
2445:             1             24  net.bytebuddy.asm.AsmVisitorWrapper$NoOp
2446:             1             24  net.bytebuddy.asm.TypeConstantAdjustment
2447:             1             24  net.bytebuddy.description.annotation.AnnotationValue$ForConstant$PropertyDelegate$ForArrayType$1
2448:             1             24  net.bytebuddy.description.annotation.AnnotationValue$ForConstant$PropertyDelegate$ForArrayType$2
2449:             1             24  net.bytebuddy.description.annotation.AnnotationValue$ForConstant$PropertyDelegate$ForArrayType$3
2450:             1             24  net.bytebuddy.description.annotation.AnnotationValue$ForConstant$PropertyDelegate$ForArrayType$4
2451:             1             24  net.bytebuddy.description.annotation.AnnotationValue$ForConstant$PropertyDelegate$ForArrayType$5
2452:             1             24  net.bytebuddy.description.annotation.AnnotationValue$ForConstant$PropertyDelegate$ForArrayType$6
2453:             1             24  net.bytebuddy.description.annotation.AnnotationValue$ForConstant$PropertyDelegate$ForArrayType$7
2454:             1             24  net.bytebuddy.description.annotation.AnnotationValue$ForConstant$PropertyDelegate$ForArrayType$8
2455:             1             24  net.bytebuddy.description.annotation.AnnotationValue$ForConstant$PropertyDelegate$ForArrayType$9
2456:             1             24  net.bytebuddy.description.annotation.AnnotationValue$ForConstant$PropertyDelegate$ForNonArrayType$1
2457:             1             24  net.bytebuddy.description.annotation.AnnotationValue$ForConstant$PropertyDelegate$ForNonArrayType$2
2458:             1             24  net.bytebuddy.description.annotation.AnnotationValue$ForConstant$PropertyDelegate$ForNonArrayType$3
2459:             1             24  net.bytebuddy.description.annotation.AnnotationValue$ForConstant$PropertyDelegate$ForNonArrayType$4
2460:             1             24  net.bytebuddy.description.annotation.AnnotationValue$ForConstant$PropertyDelegate$ForNonArrayType$5
2461:             1             24  net.bytebuddy.description.annotation.AnnotationValue$ForConstant$PropertyDelegate$ForNonArrayType$6
2462:             1             24  net.bytebuddy.description.annotation.AnnotationValue$ForConstant$PropertyDelegate$ForNonArrayType$7
2463:             1             24  net.bytebuddy.description.annotation.AnnotationValue$ForConstant$PropertyDelegate$ForNonArrayType$8
2464:             1             24  net.bytebuddy.description.annotation.AnnotationValue$ForConstant$PropertyDelegate$ForNonArrayType$9
2465:             1             24  net.bytebuddy.description.enumeration.EnumerationDescription$ForLoadedEnumeration
2466:             1             24  net.bytebuddy.description.field.FieldList$ForLoadedFields
2467:             1             24  net.bytebuddy.description.method.MethodList$ForLoadedMethods
2468:             1             24  net.bytebuddy.description.type.TypeDescription$Generic$AnnotationReader$NoOp
2469:             1             24  net.bytebuddy.description.type.TypeDescription$Generic$Visitor$NoOp
2470:             1             24  net.bytebuddy.description.type.TypeDescription$Generic$Visitor$Reifying$1
2471:             1             24  net.bytebuddy.description.type.TypeDescription$Generic$Visitor$Reifying$2
2472:             1             24  net.bytebuddy.description.type.TypeDescription$Generic$Visitor$Validator$ForTypeAnnotations
2473:             1             24  net.bytebuddy.dynamic.ClassFileLocator$ForClassLoader$BootLoaderProxyCreationAction
2474:             1             24  net.bytebuddy.dynamic.ClassFileLocator$NoOp
2475:             1             24  net.bytebuddy.dynamic.NexusAccessor$Dispatcher$Available
2476:             1             24  net.bytebuddy.dynamic.NexusAccessor$Dispatcher$CreationAction
2477:             1             24  net.bytebuddy.dynamic.Transformer$NoOp
2478:             1             24  net.bytebuddy.dynamic.TypeResolutionStrategy$Disabled
2479:             1             24  net.bytebuddy.dynamic.TypeResolutionStrategy$Passive
2480:             1             24  net.bytebuddy.dynamic.VisibilityBridgeStrategy$Default$1
2481:             1             24  net.bytebuddy.dynamic.VisibilityBridgeStrategy$Default$2
2482:             1             24  net.bytebuddy.dynamic.VisibilityBridgeStrategy$Default$3
2483:             1             24  net.bytebuddy.dynamic.loading.ByteArrayClassLoader$PackageLookupStrategy$CreationAction
2484:             1             24  net.bytebuddy.dynamic.loading.ByteArrayClassLoader$SynchronizationStrategy$CreationAction
2485:             1             24  net.bytebuddy.dynamic.loading.ByteArrayClassLoader$SynchronizationStrategy$ForJava8CapableVm
2486:             1             24  net.bytebuddy.dynamic.loading.ClassFilePostProcessor$NoOp
2487:             1             24  net.bytebuddy.dynamic.loading.ClassInjector$UsingReflection$Dispatcher$CreationAction
2488:             1             24  net.bytebuddy.dynamic.loading.ClassInjector$UsingUnsafe$Dispatcher$CreationAction
2489:             1             24  net.bytebuddy.dynamic.loading.ClassInjector$UsingUnsafe$Dispatcher$Enabled
2490:             1             24  net.bytebuddy.dynamic.loading.ClassLoadingStrategy$Default$InjectionDispatcher
2491:             1             24  net.bytebuddy.dynamic.loading.PackageDefinitionStrategy$Definition$Trivial
2492:             1             24  net.bytebuddy.dynamic.loading.PackageDefinitionStrategy$NoOp
2493:             1             24  net.bytebuddy.dynamic.loading.PackageDefinitionStrategy$Trivial
2494:             1             24  net.bytebuddy.dynamic.scaffold.InstrumentedType$Factory$Default$1
2495:             1             24  net.bytebuddy.dynamic.scaffold.InstrumentedType$Factory$Default$2
2496:             1             24  net.bytebuddy.dynamic.scaffold.MethodGraph$Compiler$Default$Harmonizer$ForJavaMethod
2497:             1             24  net.bytebuddy.dynamic.scaffold.MethodGraph$Compiler$ForDeclaredMethods
2498:             1             24  net.bytebuddy.dynamic.scaffold.MethodGraph$Empty
2499:             1             24  net.bytebuddy.dynamic.scaffold.MethodRegistry$Handler$ForAbstractMethod
2500:             1             24  net.bytebuddy.dynamic.scaffold.TypeInitializer$None
2501:             1             24  net.bytebuddy.dynamic.scaffold.TypeWriter$Default$ClassDumpAction$Dispatcher$Disabled
2502:             1             24  net.bytebuddy.dynamic.scaffold.TypeWriter$FieldPool$Disabled
2503:             1             24  net.bytebuddy.dynamic.scaffold.TypeWriter$RecordComponentPool$Disabled
2504:             1             24  net.bytebuddy.dynamic.scaffold.inline.MethodRebaseResolver$Disabled
2505:             1             24  net.bytebuddy.dynamic.scaffold.subclass.ConstructorStrategy$Default$1
2506:             1             24  net.bytebuddy.dynamic.scaffold.subclass.ConstructorStrategy$Default$2
2507:             1             24  net.bytebuddy.dynamic.scaffold.subclass.ConstructorStrategy$Default$3
2508:             1             24  net.bytebuddy.dynamic.scaffold.subclass.ConstructorStrategy$Default$4
2509:             1             24  net.bytebuddy.dynamic.scaffold.subclass.ConstructorStrategy$Default$5
2510:             1             24  net.bytebuddy.dynamic.scaffold.subclass.SubclassImplementationTarget$OriginTypeResolver$1
2511:             1             24  net.bytebuddy.dynamic.scaffold.subclass.SubclassImplementationTarget$OriginTypeResolver$2
2512:             1             24  net.bytebuddy.implementation.Implementation$Context$Default$Factory
2513:             1             24  net.bytebuddy.implementation.Implementation$Context$Disabled$Factory
2514:             1             24  net.bytebuddy.implementation.Implementation$Target$AbstractBase$DefaultMethodInvocation$1
2515:             1             24  net.bytebuddy.implementation.Implementation$Target$AbstractBase$DefaultMethodInvocation$2
2516:             1             24  net.bytebuddy.implementation.LoadedTypeInitializer$NoOp
2517:             1             24  net.bytebuddy.implementation.MethodCall$ArgumentLoader$ForMethodParameter$OfInstrumentedMethod
2518:             1             24  net.bytebuddy.implementation.MethodCall$MethodInvoker$ForContextualInvocation$Factory
2519:             1             24  net.bytebuddy.implementation.MethodCall$MethodInvoker$ForSuperMethodInvocation$Factory
2520:             1             24  net.bytebuddy.implementation.MethodCall$MethodInvoker$ForVirtualInvocation$WithImplicitType
2521:             1             24  net.bytebuddy.implementation.MethodCall$TargetHandler$ForSelfOrStaticInvocation$Factory
2522:             1             24  net.bytebuddy.implementation.MethodCall$TerminationHandler$Simple$1
2523:             1             24  net.bytebuddy.implementation.MethodCall$TerminationHandler$Simple$2
2524:             1             24  net.bytebuddy.implementation.MethodCall$TerminationHandler$Simple$3
2525:             1             24  net.bytebuddy.implementation.SuperMethodCall
2526:             1             24  net.bytebuddy.implementation.SuperMethodCall$Appender$TerminationHandler$1
2527:             1             24  net.bytebuddy.implementation.SuperMethodCall$Appender$TerminationHandler$2
2528:             1             24  net.bytebuddy.implementation.attribute.AnnotationValueFilter$Default$1
2529:             1             24  net.bytebuddy.implementation.attribute.AnnotationValueFilter$Default$2
2530:             1             24  net.bytebuddy.implementation.attribute.MethodAttributeAppender$ForInstrumentedMethod$1
2531:             1             24  net.bytebuddy.implementation.attribute.MethodAttributeAppender$ForInstrumentedMethod$2
2532:             1             24  net.bytebuddy.implementation.attribute.MethodAttributeAppender$NoOp
2533:             1             24  net.bytebuddy.implementation.attribute.TypeAttributeAppender$ForInstrumentedType
2534:             1             24  net.bytebuddy.implementation.bytecode.ByteCodeAppender$Size
2535:             1             24  net.bytebuddy.implementation.bytecode.StackManipulation$Illegal
2536:             1             24  net.bytebuddy.implementation.bytecode.StackManipulation$Trivial
2537:             1             24  net.bytebuddy.implementation.bytecode.assign.reference.GenericTypeAwareAssigner
2538:             1             24  net.bytebuddy.implementation.bytecode.assign.reference.ReferenceTypeAwareAssigner
2539:             1             24  net.bytebuddy.implementation.bytecode.member.MethodVariableAccess$MethodLoading$TypeCastingHandler$NoOp
2540:             1             24  net.bytebuddy.implementation.bytecode.member.MethodVariableAccess$OffsetLoading
2541:             1             24  net.bytebuddy.pool.TypePool$CacheProvider$NoOp
2542:             1             24  net.bytebuddy.pool.TypePool$Default$ComponentTypeLocator$Illegal
2543:             1             24  net.bytebuddy.pool.TypePool$Default$LazyTypeDescription$GenericTypeToken$Resolution$Raw
2544:             1             24  net.bytebuddy.pool.TypePool$Default$LazyTypeDescription$TypeContainment$SelfContained
2545:             1             24  net.bytebuddy.pool.TypePool$Empty
2546:             1             24  net.bytebuddy.utility.AsmClassReader$Factory$Default$1
2547:             1             24  net.bytebuddy.utility.AsmClassReader$Factory$Default$2
2548:             1             24  net.bytebuddy.utility.AsmClassReader$Factory$Default$3
2549:             1             24  net.bytebuddy.utility.AsmClassReader$Factory$Default$4
2550:             1             24  net.bytebuddy.utility.AsmClassReader$Factory$Default$5
2551:             1             24  net.bytebuddy.utility.AsmClassWriter$Factory$Default$1
2552:             1             24  net.bytebuddy.utility.AsmClassWriter$Factory$Default$2
2553:             1             24  net.bytebuddy.utility.AsmClassWriter$Factory$Default$3
2554:             1             24  net.bytebuddy.utility.AsmClassWriter$Factory$Default$4
2555:             1             24  net.bytebuddy.utility.AsmClassWriter$Factory$Default$5
2556:             1             24  net.bytebuddy.utility.AsmClassWriter$Factory$Default$EmptyAsmClassReader
2557:             1             24  net.bytebuddy.utility.ConstructorComparator
2558:             1             24  net.bytebuddy.utility.FieldComparator
2559:             1             24  net.bytebuddy.utility.MethodComparator
2560:             1             24  net.bytebuddy.utility.dispatcher.JavaDispatcher$DynamicClassLoader$Resolver$CreationAction
2561:             1             24  okhttp3.CertificatePinner
2562:             1             24  okhttp3.internal.Util$$Lambda/0x00007f5a8e19f3e0
2563:             1             24  okhttp3.internal.concurrent.TaskRunner$runnable$1
2564:             1             24  okhttp3.internal.connection.RouteSelector$Selection
2565:             1             24  okio.Options
2566:             1             24  org.apache.logging.log4j.core.appender.ConsoleAppender$Target$1
2567:             1             24  org.apache.logging.log4j.core.appender.ConsoleAppender$Target$2
2568:             1             24  org.apache.logging.log4j.core.async.ThreadNameCachingStrategy$1
2569:             1             24  org.apache.logging.log4j.core.async.ThreadNameCachingStrategy$2
2570:             1             24  org.apache.logging.log4j.core.config.AppenderRef
2571:             1             24  org.apache.logging.log4j.core.config.LoggerConfig$LoggerConfigPredicate$1
2572:             1             24  org.apache.logging.log4j.core.config.LoggerConfig$LoggerConfigPredicate$2
2573:             1             24  org.apache.logging.log4j.core.config.LoggerConfig$LoggerConfigPredicate$3
2574:             1             24  org.apache.logging.log4j.core.config.Loggers
2575:             1             24  org.apache.logging.log4j.core.config.json.JsonConfigurationFactory
2576:             1             24  org.apache.logging.log4j.core.config.plugins.util.PluginRegistry
2577:             1             24  org.apache.logging.log4j.core.config.yaml.YamlConfigurationFactory
2578:             1             24  org.apache.logging.log4j.core.impl.Log4jContextFactory
2579:             1             24  org.apache.logging.log4j.core.pattern.FormattingInfo
2580:             1             24  org.apache.logging.log4j.core.pattern.LevelPatternConverter$SimpleLevelPatternConverter
2581:             1             24  org.apache.logging.log4j.core.pattern.LineSeparatorPatternConverter
2582:             1             24  org.apache.logging.log4j.core.pattern.MessagePatternConverter$SimpleMessagePatternConverter
2583:             1             24  org.apache.logging.log4j.core.pattern.NameAbbreviator$MaxElementAbbreviator
2584:             1             24  org.apache.logging.log4j.core.pattern.PatternParser
2585:             1             24  org.apache.logging.log4j.core.pattern.SimpleLiteralPatternConverter$Space
2586:             1             24  org.apache.logging.log4j.core.pattern.ThreadNamePatternConverter
2587:             1             24  org.apache.logging.log4j.core.time.MutableInstant
2588:             1             24  org.apache.logging.log4j.core.util.DefaultShutdownCallbackRegistry$RegisteredCancellable
2589:             1             24  org.apache.logging.log4j.core.util.Source
2590:             1             24  org.apache.logging.log4j.core.util.datetime.FastDatePrinter$PaddedNumberField
2591:             1             24  org.apache.logging.log4j.core.util.datetime.FormatCache$MultipartKey
2592:             1             24  org.apache.logging.log4j.message.DefaultFlowMessageFactory
2593:             1             24  org.apache.logging.log4j.message.ReusableMessageFactory
2594:             1             24  org.apache.logging.log4j.message.SimpleMessage
2595:             1             24  org.apache.logging.log4j.util.LazyBoolean
2596:             1             24  org.apache.logging.log4j.util.PropertiesUtil$Environment
2597:             1             24  org.apache.logging.log4j.util.PropertyFilePropertySource
2598:             1             24  org.slf4j.helpers.BasicMDCAdapter
2599:             1             24  org.slf4j.helpers.BasicMDCAdapter$1
2600:             1             24  org.slf4j.helpers.NOP_FallbackServiceProvider
2601:             1             24  org.slf4j.helpers.SubstituteLoggerFactory
2602:             1             24  org.slf4j.helpers.SubstituteServiceProvider
2603:             1             24  oteldemo.AdService
2604:             1             24  oteldemo.AdService$$Lambda/0x00007f5a8e574c50
2605:             1             24  oteldemo.AdServiceGrpc$MethodHandlers
2606:             1             24  oteldemo.problempattern.CPULoad
2607:             1             24  sun.management.RuntimeImpl (java.management@21.0.6)
2608:             1             24  sun.management.VMManagementImpl (java.management@21.0.6)
2609:             1             24  sun.net.sdp.SdpProvider (java.base@21.0.6)
2610:             1             24  sun.net.www.protocol.http.Handler (java.base@21.0.6)
2611:             1             24  sun.net.www.protocol.jar.JarURLConnection$JarURLInputStream (java.base@21.0.6)
2612:             1             24  sun.nio.cs.ISO_8859_1 (java.base@21.0.6)
2613:             1             24  sun.nio.cs.StandardCharsets (java.base@21.0.6)
2614:             1             24  sun.nio.cs.US_ASCII (java.base@21.0.6)
2615:             1             24  sun.nio.cs.UTF_16 (java.base@21.0.6)
2616:             1             24  sun.nio.cs.UTF_16BE (java.base@21.0.6)
2617:             1             24  sun.nio.cs.UTF_16LE (java.base@21.0.6)
2618:             1             24  sun.nio.cs.UTF_8 (java.base@21.0.6)
2619:             1             24  sun.reflect.annotation.TypeAnnotation$LocationInfo (java.base@21.0.6)
2620:             1             24  sun.reflect.generics.reflectiveObjects.WildcardTypeImpl (java.base@21.0.6)
2621:             1             24  sun.reflect.generics.scope.MethodScope (java.base@21.0.6)
2622:             1             24  sun.util.cldr.CLDRCalendarDataProviderImpl (java.base@21.0.6)
2623:             1             24  sun.util.locale.BaseLocale$Cache (java.base@21.0.6)
2624:             1             24  sun.util.locale.provider.CalendarProviderImpl (java.base@21.0.6)
2625:             1             24  sun.util.locale.provider.DateFormatSymbolsProviderImpl (java.base@21.0.6)
2626:             1             24  sun.util.locale.provider.DecimalFormatSymbolsProviderImpl (java.base@21.0.6)
2627:             1             24  sun.util.locale.provider.LocaleServiceProviderPool (java.base@21.0.6)
2628:             1             24  sun.util.locale.provider.NumberFormatProviderImpl (java.base@21.0.6)
2629:             1             16  [Lcom.fasterxml.jackson.databind.util.ClassUtil$Ctor;
2630:             1             16  [Lio.grpc.StreamTracer;
2631:             1             16  [Lio.netty.util.DefaultAttributeMap$DefaultAttribute;
2632:             1             16  [Lio.opentelemetry.exporter.internal.otlp.KeyValueMarshaler;
2633:             1             16  [Ljava.lang.management.LockInfo; (java.management@21.0.6)
2634:             1             16  [Ljava.lang.management.MonitorInfo; (java.management@21.0.6)
2635:             1             16  [Ljava.lang.reflect.AnnotatedType; (java.base@21.0.6)
2636:             1             16  [Ljava.nio.file.attribute.FileAttribute; (java.base@21.0.6)
2637:             1             16  [Ljava.security.Provider; (java.base@21.0.6)
2638:             1             16  [Ljava.security.cert.X509Certificate; (java.base@21.0.6)
2639:             1             16  [Ljava.text.FieldPosition; (java.base@21.0.6)
2640:             1             16  [Ljava.time.LocalDateTime; (java.base@21.0.6)
2641:             1             16  [Ljava.time.zone.ZoneOffsetTransitionRule; (java.base@21.0.6)
2642:             1             16  [Ljava.util.logging.Handler; (java.logging@21.0.6)
2643:             1             16  [Ljavax.management.ObjectName$Property; (java.management@21.0.6)
2644:             1             16  [Ljavax.security.cert.X509Certificate; (java.base@21.0.6)
2645:             1             16  [Lorg.apache.logging.log4j.Level;
2646:             1             16  [Lorg.apache.logging.log4j.core.Appender;
2647:             1             16  [Lorg.apache.logging.log4j.core.pattern.FormattingInfo;
2648:             1             16  [Lorg.apache.logging.log4j.core.pattern.PatternFormatter;
2649:             1             16  [Lorg.apache.logging.log4j.spi.LoggerContext;
2650:             1             16  [Lorg.objectweb.asm.Attribute;
2651:             1             16  [Lsun.reflect.annotation.TypeAnnotation$LocationInfo$Location; (java.base@21.0.6)
2652:             1             16  com.fasterxml.jackson.core.StreamWriteConstraints
2653:             1             16  com.fasterxml.jackson.core.io.JsonStringEncoder
2654:             1             16  com.fasterxml.jackson.core.io.JsonStringEncoder
2655:             1             16  com.fasterxml.jackson.core.util.JacksonFeatureSet
2656:             1             16  com.fasterxml.jackson.core.util.JsonRecyclerPools$ThreadLocalPool
2657:             1             16  com.fasterxml.jackson.databind.ext.Java7SupportImpl
2658:             1             16  com.fasterxml.jackson.databind.jsontype.impl.LaissezFaireSubTypeValidator
2659:             1             16  com.fasterxml.jackson.databind.type.TypeParser
2660:             1             16  com.google.cloud.opentelemetry.detection.EnvironmentVariables$$Lambda/0x00007f5a8e15d518
2661:             1             16  com.google.common.base.CharMatcher$Is
2662:             1             16  com.google.common.base.CharMatcher$None
2663:             1             16  com.google.common.base.CharMatcher$Whitespace
2664:             1             16  com.google.common.base.Joiner
2665:             1             16  com.google.common.base.Platform$JdkPatternCompiler
2666:             1             16  com.google.common.base.Splitter$1
2667:             1             16  com.google.common.base.Ticker$1
2668:             1             16  com.google.common.collect.ImmutableMultimap$Values
2669:             1             16  com.google.common.collect.RegularImmutableMap$Values
2670:             1             16  com.google.common.util.concurrent.AbstractFuture$UnsafeAtomicHelper
2671:             1             16  com.google.protobuf.ByteString$2
2672:             1             16  com.google.protobuf.ByteString$ArraysByteArrayCopier
2673:             1             16  com.google.protobuf.DescriptorMessageInfoFactory
2674:             1             16  com.google.protobuf.DescriptorProtos$DescriptorProto$1
2675:             1             16  com.google.protobuf.DescriptorProtos$DescriptorProto$ExtensionRange$1
2676:             1             16  com.google.protobuf.DescriptorProtos$DescriptorProto$ReservedRange$1
2677:             1             16  com.google.protobuf.DescriptorProtos$Edition$1
2678:             1             16  com.google.protobuf.DescriptorProtos$EnumDescriptorProto$1
2679:             1             16  com.google.protobuf.DescriptorProtos$EnumDescriptorProto$EnumReservedRange$1
2680:             1             16  com.google.protobuf.DescriptorProtos$EnumOptions$1
2681:             1             16  com.google.protobuf.DescriptorProtos$EnumValueDescriptorProto$1
2682:             1             16  com.google.protobuf.DescriptorProtos$EnumValueOptions$1
2683:             1             16  com.google.protobuf.DescriptorProtos$FeatureSet$1
2684:             1             16  com.google.protobuf.DescriptorProtos$FeatureSet$EnforceNamingStyle$1
2685:             1             16  com.google.protobuf.DescriptorProtos$FeatureSet$EnumType$1
2686:             1             16  com.google.protobuf.DescriptorProtos$FeatureSet$FieldPresence$1
2687:             1             16  com.google.protobuf.DescriptorProtos$FeatureSet$JsonFormat$1
2688:             1             16  com.google.protobuf.DescriptorProtos$FeatureSet$MessageEncoding$1
2689:             1             16  com.google.protobuf.DescriptorProtos$FeatureSet$RepeatedFieldEncoding$1
2690:             1             16  com.google.protobuf.DescriptorProtos$FeatureSet$Utf8Validation$1
2691:             1             16  com.google.protobuf.DescriptorProtos$FeatureSetDefaults$1
2692:             1             16  com.google.protobuf.DescriptorProtos$FeatureSetDefaults$FeatureSetEditionDefault$1
2693:             1             16  com.google.protobuf.DescriptorProtos$FieldDescriptorProto$1
2694:             1             16  com.google.protobuf.DescriptorProtos$FieldDescriptorProto$Label$1
2695:             1             16  com.google.protobuf.DescriptorProtos$FieldDescriptorProto$Type$1
2696:             1             16  com.google.protobuf.DescriptorProtos$FieldOptions$1
2697:             1             16  com.google.protobuf.DescriptorProtos$FieldOptions$2
2698:             1             16  com.google.protobuf.DescriptorProtos$FieldOptions$EditionDefault$1
2699:             1             16  com.google.protobuf.DescriptorProtos$FieldOptions$FeatureSupport$1
2700:             1             16  com.google.protobuf.DescriptorProtos$FieldOptions$OptionRetention$1
2701:             1             16  com.google.protobuf.DescriptorProtos$FieldOptions$OptionTargetType$1
2702:             1             16  com.google.protobuf.DescriptorProtos$FileDescriptorProto$1
2703:             1             16  com.google.protobuf.DescriptorProtos$FileOptions$1
2704:             1             16  com.google.protobuf.DescriptorProtos$FileOptions$OptimizeMode$1
2705:             1             16  com.google.protobuf.DescriptorProtos$MessageOptions$1
2706:             1             16  com.google.protobuf.DescriptorProtos$MethodDescriptorProto$1
2707:             1             16  com.google.protobuf.DescriptorProtos$MethodOptions$1
2708:             1             16  com.google.protobuf.DescriptorProtos$OneofDescriptorProto$1
2709:             1             16  com.google.protobuf.DescriptorProtos$OneofOptions$1
2710:             1             16  com.google.protobuf.DescriptorProtos$ServiceDescriptorProto$1
2711:             1             16  com.google.protobuf.DescriptorProtos$ServiceOptions$1
2712:             1             16  com.google.protobuf.Descriptors$EnumValueDescriptor$1
2713:             1             16  com.google.protobuf.Descriptors$EnumValueDescriptor$2
2714:             1             16  com.google.protobuf.Descriptors$FieldDescriptor$1
2715:             1             16  com.google.protobuf.ExtensionRegistryLite
2716:             1             16  com.google.protobuf.GeneratedMessageInfoFactory
2717:             1             16  com.google.protobuf.JavaFeaturesProto$JavaFeatures$1
2718:             1             16  com.google.protobuf.JavaFeaturesProto$JavaFeatures$Utf8Validation$1
2719:             1             16  com.google.protobuf.ManifestSchemaFactory
2720:             1             16  com.google.protobuf.ManifestSchemaFactory$1
2721:             1             16  com.google.protobuf.ManifestSchemaFactory$CompositeMessageInfoFactory
2722:             1             16  com.google.protobuf.MapEntry$Metadata$1
2723:             1             16  com.google.protobuf.Struct$1
2724:             1             16  com.google.protobuf.Struct$Builder$FieldsConverter
2725:             1             16  com.google.protobuf.UnknownFieldSet
2726:             1             16  com.google.protobuf.UnknownFieldSet$Parser
2727:             1             16  com.google.protobuf.UnsafeUtil$JvmMemoryAccessor
2728:             1             16  com.google.protobuf.Utf8$UnsafeProcessor
2729:             1             16  com.google.protobuf.Value$1
2730:             1             16  com.sun.management.internal.PlatformMBeanProviderImpl$$Lambda/0x00007f5a8e172f30 (jdk.management@21.0.6)
2731:             1             16  com.sun.management.internal.PlatformMBeanProviderImpl$1 (jdk.management@21.0.6)
2732:             1             16  com.sun.management.internal.PlatformMBeanProviderImpl$3 (jdk.management@21.0.6)
2733:             1             16  com.sun.management.internal.PlatformMBeanProviderImpl$4 (jdk.management@21.0.6)
2734:             1             16  com.sun.org.apache.xerces.internal.dom.CharacterDataImpl$1 (java.xml@21.0.6)
2735:             1             16  com.sun.org.apache.xerces.internal.impl.dv.dtd.IDDatatypeValidator (java.xml@21.0.6)
2736:             1             16  com.sun.org.apache.xerces.internal.impl.dv.dtd.IDREFDatatypeValidator (java.xml@21.0.6)
2737:             1             16  com.sun.org.apache.xerces.internal.impl.dv.dtd.NMTOKENDatatypeValidator (java.xml@21.0.6)
2738:             1             16  com.sun.org.apache.xerces.internal.impl.dv.dtd.NOTATIONDatatypeValidator (java.xml@21.0.6)
2739:             1             16  com.sun.org.apache.xerces.internal.impl.dv.dtd.StringDatatypeValidator (java.xml@21.0.6)
2740:             1             16  dev.openfeature.contrib.providers.flagd.FlagdOptions$$Lambda/0x00007f5a8e42c0e0
2741:             1             16  dev.openfeature.contrib.providers.flagd.FlagdOptions$FlagdOptionsBuilder$$Lambda/0x00007f5a8e426948
2742:             1             16  dev.openfeature.contrib.providers.flagd.FlagdProvider$$Lambda/0x00007f5a8e432258
2743:             1             16  dev.openfeature.contrib.providers.flagd.FlagdProvider$$Lambda/0x00007f5a8e4eafe8
2744:             1             16  dev.openfeature.contrib.providers.flagd.FlagdProvider$$Lambda/0x00007f5a8e58ac00
2745:             1             16  dev.openfeature.contrib.providers.flagd.SyncMetadataHook
2746:             1             16  dev.openfeature.contrib.providers.flagd.resolver.common.FlagdGrpcInterceptor
2747:             1             16  dev.openfeature.contrib.providers.flagd.resolver.common.FlagdGrpcInterceptor$Setter
2748:             1             16  dev.openfeature.contrib.providers.flagd.resolver.common.QueueingStreamObserver
2749:             1             16  dev.openfeature.contrib.providers.flagd.resolver.rpc.RpcResolver$$Lambda/0x00007f5a8e433c80
2750:             1             16  dev.openfeature.contrib.providers.flagd.resolver.rpc.strategy.TracedResolving
2751:             1             16  dev.openfeature.flagd.grpc.evaluation.Evaluation$EventStreamRequest$1
2752:             1             16  dev.openfeature.flagd.grpc.evaluation.Evaluation$EventStreamResponse$1
2753:             1             16  dev.openfeature.flagd.grpc.evaluation.Evaluation$ResolveBooleanRequest$1
2754:             1             16  dev.openfeature.flagd.grpc.evaluation.Evaluation$ResolveBooleanResponse$1
2755:             1             16  dev.openfeature.sdk.EventSupport$$Lambda/0x00007f5a8e4edbc8
2756:             1             16  dev.openfeature.sdk.EventSupport$HandlerStore
2757:             1             16  dev.openfeature.sdk.HookSupport
2758:             1             16  dev.openfeature.sdk.ImmutableContext
2759:             1             16  dev.openfeature.sdk.ImmutableStructure
2760:             1             16  dev.openfeature.sdk.ImmutableStructure$$Lambda/0x00007f5a8e5c3e28
2761:             1             16  dev.openfeature.sdk.NoOpTransactionContextPropagator
2762:             1             16  dev.openfeature.sdk.OpenFeatureAPI$$Lambda/0x00007f5a8e4ef100
2763:             1             16  dev.openfeature.sdk.OpenFeatureAPI$$Lambda/0x00007f5a8e58d5d8
2764:             1             16  dev.openfeature.sdk.OpenFeatureClient$$Lambda/0x00007f5a8e5c3008
2765:             1             16  dev.openfeature.sdk.OpenFeatureClient$$Lambda/0x00007f5a8e5c3bf8
2766:             1             16  dev.openfeature.sdk.ProviderRepository$$Lambda/0x00007f5a8e4ed140
2767:             1             16  dev.openfeature.sdk.ProviderRepository$$Lambda/0x00007f5a8e58a590
2768:             1             16  io.grpc.ClientInterceptors$2
2769:             1             16  io.grpc.Codec$Identity
2770:             1             16  io.grpc.CompressorRegistry
2771:             1             16  io.grpc.Deadline$SystemTicker
2772:             1             16  io.grpc.InternalMethodDescriptor
2773:             1             16  io.grpc.LoadBalancer$1
2774:             1             16  io.grpc.LoadBalancerProvider$UnknownConfig
2775:             1             16  io.grpc.Metadata$1
2776:             1             16  io.grpc.Metadata$2
2777:             1             16  io.grpc.NameResolverRegistry$NameResolverFactory
2778:             1             16  io.grpc.Status$StatusCodeMarshaller
2779:             1             16  io.grpc.Status$StatusMessageMarshaller
2780:             1             16  io.grpc.ThreadLocalContextStorage
2781:             1             16  io.grpc.health.v1.HealthCheckRequest$1
2782:             1             16  io.grpc.health.v1.HealthCheckResponse$1
2783:             1             16  io.grpc.health.v1.HealthCheckResponse$ServingStatus$1
2784:             1             16  io.grpc.health.v1.HealthGrpc$HealthFileDescriptorSupplier
2785:             1             16  io.grpc.internal.CallCredentialsApplyingTransportFactory$CallCredentialsApplyingTransport$1
2786:             1             16  io.grpc.internal.CallTracer$1
2787:             1             16  io.grpc.internal.CompositeReadableBuffer$1
2788:             1             16  io.grpc.internal.CompositeReadableBuffer$2
2789:             1             16  io.grpc.internal.CompositeReadableBuffer$3
2790:             1             16  io.grpc.internal.CompositeReadableBuffer$4
2791:             1             16  io.grpc.internal.CompositeReadableBuffer$5
2792:             1             16  io.grpc.internal.DelayedClientCall$8
2793:             1             16  io.grpc.internal.DnsNameResolverProvider
2794:             1             16  io.grpc.internal.FixedObjectPool
2795:             1             16  io.grpc.internal.GrpcUtil$1
2796:             1             16  io.grpc.internal.GrpcUtil$2
2797:             1             16  io.grpc.internal.GrpcUtil$3
2798:             1             16  io.grpc.internal.GrpcUtil$4
2799:             1             16  io.grpc.internal.GrpcUtil$5
2800:             1             16  io.grpc.internal.GrpcUtil$TimeoutMarshaller
2801:             1             16  io.grpc.internal.Http2ClientStreamTransportState$1
2802:             1             16  io.grpc.internal.InsightBuilder
2803:             1             16  io.grpc.internal.InternalSubchannel$TransportLogger
2804:             1             16  io.grpc.internal.JndiResourceResolverFactory
2805:             1             16  io.grpc.internal.KeepAliveEnforcer$SystemTicker
2806:             1             16  io.grpc.internal.ManagedChannelImpl$1
2807:             1             16  io.grpc.internal.ManagedChannelImpl$2
2808:             1             16  io.grpc.internal.ManagedChannelImpl$3
2809:             1             16  io.grpc.internal.ManagedChannelImpl$5
2810:             1             16  io.grpc.internal.ManagedChannelImpl$DelayedTransportListener
2811:             1             16  io.grpc.internal.ManagedChannelImpl$RealChannel$1
2812:             1             16  io.grpc.internal.ManagedChannelImpl$RestrictedScheduledExecutor
2813:             1             16  io.grpc.internal.MessageFramer$OutputStreamAdapter
2814:             1             16  io.grpc.internal.NoopClientStream
2815:             1             16  io.grpc.internal.PickFirstLoadBalancer$Picker
2816:             1             16  io.grpc.internal.PickFirstLoadBalancerProvider
2817:             1             16  io.grpc.internal.ProxyDetectorImpl$1
2818:             1             16  io.grpc.internal.ProxyDetectorImpl$2
2819:             1             16  io.grpc.internal.RetriableStream$1
2820:             1             16  io.grpc.internal.RetriableStream$ChannelBufferMeter
2821:             1             16  io.grpc.internal.SerializingExecutor$FieldUpdaterAtomicHelper
2822:             1             16  io.grpc.internal.ServerImpl$NoopListener
2823:             1             16  io.grpc.internal.ServerImpl$ServerListenerImpl
2824:             1             16  io.grpc.internal.ServerImplBuilder$DefaultFallbackRegistry
2825:             1             16  io.grpc.internal.SharedResourceHolder$1
2826:             1             16  io.grpc.internal.TransportTracer$Factory
2827:             1             16  io.grpc.netty.NettyAdaptiveCumulator
2828:             1             16  io.grpc.netty.NettyChannelBuilder$LocalSocketPicker
2829:             1             16  io.grpc.netty.NettyClientStream$Sink
2830:             1             16  io.grpc.netty.NettyServerProvider
2831:             1             16  io.grpc.netty.NettyWritableBufferAllocator
2832:             1             16  io.grpc.netty.UdsNameResolverProvider
2833:             1             16  io.grpc.protobuf.services.HealthStatusManager
2834:             1             16  io.grpc.protobuf.services.internal.HealthCheckingRoundRobinLoadBalancerProvider
2835:             1             16  io.grpc.util.OutlierDetectionLoadBalancerProvider
2836:             1             16  io.netty.bootstrap.ChannelInitializerExtensions$EmptyExtensions
2837:             1             16  io.netty.buffer.AbstractReferenceCountedByteBuf$1
2838:             1             16  io.netty.buffer.ByteBufUtil$1
2839:             1             16  io.netty.buffer.ByteBufUtil$2
2840:             1             16  io.netty.buffer.CompositeByteBuf$1
2841:             1             16  io.netty.buffer.CompositeByteBuf$2
2842:             1             16  io.netty.buffer.PoolThreadCache$MemoryRegionCache$1
2843:             1             16  io.netty.buffer.PooledSlicedByteBuf$1
2844:             1             16  io.netty.buffer.PooledUnsafeDirectByteBuf$1
2845:             1             16  io.netty.channel.AbstractChannelHandlerContext$WriteTask$1
2846:             1             16  io.netty.channel.ChannelFutureListener$1
2847:             1             16  io.netty.channel.ChannelFutureListener$2
2848:             1             16  io.netty.channel.ChannelFutureListener$3
2849:             1             16  io.netty.channel.ChannelHandlerMask$1
2850:             1             16  io.netty.channel.ChannelOutboundBuffer$1
2851:             1             16  io.netty.channel.ChannelOutboundBuffer$Entry$1
2852:             1             16  io.netty.channel.DefaultChannelPipeline$1
2853:             1             16  io.netty.channel.DefaultMessageSizeEstimator
2854:             1             16  io.netty.channel.DefaultMessageSizeEstimator$HandleImpl
2855:             1             16  io.netty.channel.DefaultSelectStrategy
2856:             1             16  io.netty.channel.DefaultSelectStrategyFactory
2857:             1             16  io.netty.handler.codec.ByteToMessageDecoder$1
2858:             1             16  io.netty.handler.codec.ByteToMessageDecoder$2
2859:             1             16  io.netty.handler.codec.CodecOutputList$1
2860:             1             16  io.netty.handler.codec.CodecOutputList$2
2861:             1             16  io.netty.handler.codec.http2.DefaultHttp2ConnectionDecoder$FrameReadListener
2862:             1             16  io.netty.handler.codec.http2.DefaultHttp2LocalFlowController$1
2863:             1             16  io.netty.handler.codec.http2.DefaultHttp2LocalFlowController$2
2864:             1             16  io.netty.handler.codec.http2.DefaultHttp2RemoteFlowController$1
2865:             1             16  io.netty.handler.codec.http2.Http2ConnectionPrefaceAndSettingsFrameWrittenEvent
2866:             1             16  io.netty.handler.codec.http2.Http2Flags
2867:             1             16  io.netty.handler.codec.http2.Http2HeadersEncoder$1
2868:             1             16  io.netty.handler.codec.http2.Http2HeadersEncoder$2
2869:             1             16  io.netty.handler.codec.http2.Http2PromisedRequestVerifier$1
2870:             1             16  io.netty.handler.codec.http2.StreamBufferingEncoder$1
2871:             1             16  io.netty.handler.codec.http2.WeightedFairQueueByteDistributor$1
2872:             1             16  io.netty.handler.codec.http2.WeightedFairQueueByteDistributor$StateOnlyComparator
2873:             1             16  io.netty.handler.codec.http2.WeightedFairQueueByteDistributor$StatePseudoTimeComparator
2874:             1             16  io.netty.util.AbstractReferenceCounted$1
2875:             1             16  io.netty.util.AsciiString$1
2876:             1             16  io.netty.util.AsciiString$2
2877:             1             16  io.netty.util.NettyRuntime$AvailableProcessorsHolder
2878:             1             16  io.netty.util.Recycler$1
2879:             1             16  io.netty.util.collection.CharObjectHashMap$1
2880:             1             16  io.netty.util.collection.CharObjectHashMap$EntrySet
2881:             1             16  io.netty.util.collection.CharObjectHashMap$KeySet
2882:             1             16  io.netty.util.collection.IntCollections$EmptyMap
2883:             1             16  io.netty.util.concurrent.AbstractScheduledEventExecutor$1
2884:             1             16  io.netty.util.concurrent.AbstractScheduledEventExecutor$2
2885:             1             16  io.netty.util.concurrent.DefaultEventExecutorChooserFactory
2886:             1             16  io.netty.util.concurrent.DefaultPromise$CauseHolder
2887:             1             16  io.netty.util.concurrent.FastThreadLocal
2888:             1             16  io.netty.util.concurrent.RejectedExecutionHandlers$1
2889:             1             16  io.netty.util.concurrent.SingleThreadEventExecutor$1
2890:             1             16  io.netty.util.internal.CleanerJava9
2891:             1             16  io.netty.util.internal.PlatformDependent$1
2892:             1             16  io.netty.util.internal.PlatformDependent$2
2893:             1             16  io.netty.util.internal.RecyclableArrayList$1
2894:             1             16  io.netty.util.internal.logging.Log4J2LoggerFactory
2895:             1             16  io.netty.util.internal.logging.Slf4JLoggerFactory
2896:             1             16  io.opentelemetry.api.baggage.AutoValue_ImmutableEntryMetadata
2897:             1             16  io.opentelemetry.api.common.ArrayBackedAttributes$$Lambda/0x00007f5a8e60b308
2898:             1             16  io.opentelemetry.api.trace.AutoValue_ArrayBasedTraceState
2899:             1             16  io.opentelemetry.context.ArrayBasedContext
2900:             1             16  io.opentelemetry.contrib.baggage.processor.BaggageProcessorCustomizer$$Lambda/0x00007f5a8e1545a8
2901:             1             16  io.opentelemetry.contrib.baggage.processor.BaggageProcessorCustomizer$$Lambda/0x00007f5a8e1547c8
2902:             1             16  io.opentelemetry.exporter.internal.RetryUtil$$Lambda/0x00007f5a8e49f728
2903:             1             16  io.opentelemetry.exporter.internal.http.HttpExporterBuilder$$Lambda/0x00007f5a8e18e000
2904:             1             16  io.opentelemetry.exporter.internal.http.HttpExporterBuilder$$Lambda/0x00007f5a8e18ed08
2905:             1             16  io.opentelemetry.exporter.internal.http.HttpExporterBuilder$$Lambda/0x00007f5a8e465b08
2906:             1             16  io.opentelemetry.exporter.internal.marshal.MarshalerContext$$Lambda/0x00007f5a8e4229d0
2907:             1             16  io.opentelemetry.exporter.internal.marshal.MarshalerContext$$Lambda/0x00007f5a8e422be0
2908:             1             16  io.opentelemetry.exporter.internal.marshal.MarshalerContext$$Lambda/0x00007f5a8e422e00
2909:             1             16  io.opentelemetry.exporter.internal.marshal.MarshalerContext$$Lambda/0x00007f5a8e423010
2910:             1             16  io.opentelemetry.exporter.internal.marshal.Serializer$$Lambda/0x00007f5a8e49d8a0
2911:             1             16  io.opentelemetry.exporter.internal.marshal.Serializer$$Lambda/0x00007f5a8e613520
2912:             1             16  io.opentelemetry.exporter.internal.marshal.StatelessMarshalerUtil$$Lambda/0x00007f5a8e423ac0
2913:             1             16  io.opentelemetry.exporter.internal.marshal.StatelessMarshalerUtil$$Lambda/0x00007f5a8e43d580
2914:             1             16  io.opentelemetry.exporter.internal.marshal.StatelessMarshalerUtil$$Lambda/0x00007f5a8e611c88
2915:             1             16  io.opentelemetry.exporter.internal.otlp.AnyValueStatelessMarshaler
2916:             1             16  io.opentelemetry.exporter.internal.otlp.AttributeKeyValueStatelessMarshaler
2917:             1             16  io.opentelemetry.exporter.internal.otlp.AttributeKeyValueStatelessMarshaler$ValueStatelessMarshaler
2918:             1             16  io.opentelemetry.exporter.internal.otlp.BoolAnyValueStatelessMarshaler
2919:             1             16  io.opentelemetry.exporter.internal.otlp.IntAnyValueStatelessMarshaler
2920:             1             16  io.opentelemetry.exporter.internal.otlp.StringAnyValueStatelessMarshaler
2921:             1             16  io.opentelemetry.exporter.internal.otlp.logs.InstrumentationScopeLogsStatelessMarshaler
2922:             1             16  io.opentelemetry.exporter.internal.otlp.logs.LogStatelessMarshaler
2923:             1             16  io.opentelemetry.exporter.internal.otlp.logs.LowAllocationLogsRequestMarshaler$$Lambda/0x00007f5a8e423230
2924:             1             16  io.opentelemetry.exporter.internal.otlp.logs.LowAllocationLogsRequestMarshaler$$Lambda/0x00007f5a8e423460
2925:             1             16  io.opentelemetry.exporter.internal.otlp.logs.ResourceLogsStatelessMarshaler
2926:             1             16  io.opentelemetry.exporter.internal.otlp.metrics.ExemplarStatelessMarshaler
2927:             1             16  io.opentelemetry.exporter.internal.otlp.metrics.GaugeStatelessMarshaler
2928:             1             16  io.opentelemetry.exporter.internal.otlp.metrics.HistogramDataPointStatelessMarshaler
2929:             1             16  io.opentelemetry.exporter.internal.otlp.metrics.HistogramStatelessMarshaler
2930:             1             16  io.opentelemetry.exporter.internal.otlp.metrics.InstrumentationScopeMetricsStatelessMarshaler
2931:             1             16  io.opentelemetry.exporter.internal.otlp.metrics.LowAllocationMetricsRequestMarshaler$$Lambda/0x00007f5a8e61f6e8
2932:             1             16  io.opentelemetry.exporter.internal.otlp.metrics.LowAllocationMetricsRequestMarshaler$$Lambda/0x00007f5a8e61f918
2933:             1             16  io.opentelemetry.exporter.internal.otlp.metrics.MetricStatelessMarshaler
2934:             1             16  io.opentelemetry.exporter.internal.otlp.metrics.MetricStatelessMarshaler$1
2935:             1             16  io.opentelemetry.exporter.internal.otlp.metrics.MetricStatelessMarshaler$2
2936:             1             16  io.opentelemetry.exporter.internal.otlp.metrics.MetricStatelessMarshaler$3
2937:             1             16  io.opentelemetry.exporter.internal.otlp.metrics.MetricStatelessMarshaler$4
2938:             1             16  io.opentelemetry.exporter.internal.otlp.metrics.MetricStatelessMarshaler$5
2939:             1             16  io.opentelemetry.exporter.internal.otlp.metrics.MetricStatelessMarshaler$6
2940:             1             16  io.opentelemetry.exporter.internal.otlp.metrics.MetricStatelessMarshaler$7
2941:             1             16  io.opentelemetry.exporter.internal.otlp.metrics.NumberDataPointStatelessMarshaler
2942:             1             16  io.opentelemetry.exporter.internal.otlp.metrics.ResourceMetricsStatelessMarshaler
2943:             1             16  io.opentelemetry.exporter.internal.otlp.metrics.SumStatelessMarshaler
2944:             1             16  io.opentelemetry.exporter.internal.otlp.traces.InstrumentationScopeSpansStatelessMarshaler
2945:             1             16  io.opentelemetry.exporter.internal.otlp.traces.LowAllocationTraceRequestMarshaler$$Lambda/0x00007f5a8e605dc0
2946:             1             16  io.opentelemetry.exporter.internal.otlp.traces.LowAllocationTraceRequestMarshaler$$Lambda/0x00007f5a8e610000
2947:             1             16  io.opentelemetry.exporter.internal.otlp.traces.ResourceSpansStatelessMarshaler
2948:             1             16  io.opentelemetry.exporter.internal.otlp.traces.SpanEventStatelessMarshaler
2949:             1             16  io.opentelemetry.exporter.internal.otlp.traces.SpanLinkStatelessMarshaler
2950:             1             16  io.opentelemetry.exporter.internal.otlp.traces.SpanStatelessMarshaler
2951:             1             16  io.opentelemetry.exporter.internal.otlp.traces.SpanStatusStatelessMarshaler
2952:             1             16  io.opentelemetry.exporter.otlp.http.logs.OtlpHttpLogRecordExporter$$Lambda/0x00007f5a8e21d568
2953:             1             16  io.opentelemetry.exporter.otlp.http.metrics.OtlpHttpMetricExporter$$Lambda/0x00007f5a8e1b7700
2954:             1             16  io.opentelemetry.exporter.otlp.http.metrics.OtlpHttpMetricExporterBuilder$$Lambda/0x00007f5a8e18f328
2955:             1             16  io.opentelemetry.exporter.otlp.http.trace.OtlpHttpSpanExporter$$Lambda/0x00007f5a8e203340
2956:             1             16  io.opentelemetry.exporter.otlp.internal.OtlpLogRecordExporterProvider$$Lambda/0x00007f5a8e21d140
2957:             1             16  io.opentelemetry.exporter.otlp.internal.OtlpSpanExporterProvider$$Lambda/0x00007f5a8e202f18
2958:             1             16  io.opentelemetry.exporter.sender.okhttp.internal.OkHttpHttpSender$$Lambda/0x00007f5a8e1b2670
2959:             1             16  io.opentelemetry.exporter.sender.okhttp.internal.RetryInterceptor$$Lambda/0x00007f5a8e1b28a0
2960:             1             16  io.opentelemetry.exporter.sender.okhttp.internal.RetryInterceptor$$Lambda/0x00007f5a8e1b30d8
2961:             1             16  io.opentelemetry.instrumentation.resources.CgroupV1ContainerIdExtractor$$Lambda/0x00007f5a8e15e188
2962:             1             16  io.opentelemetry.instrumentation.resources.CgroupV1ContainerIdExtractor$$Lambda/0x00007f5a8e15e3c8
2963:             1             16  io.opentelemetry.instrumentation.resources.CgroupV1ContainerIdExtractor$$Lambda/0x00007f5a8e15e5f8
2964:             1             16  io.opentelemetry.instrumentation.resources.CgroupV2ContainerIdExtractor$$Lambda/0x00007f5a8e15e838
2965:             1             16  io.opentelemetry.instrumentation.resources.CgroupV2ContainerIdExtractor$$Lambda/0x00007f5a8e15ecb0
2966:             1             16  io.opentelemetry.instrumentation.resources.CgroupV2ContainerIdExtractor$$Lambda/0x00007f5a8e15eef0
2967:             1             16  io.opentelemetry.instrumentation.resources.CgroupV2ContainerIdExtractor$$Lambda/0x00007f5a8e15f120
2968:             1             16  io.opentelemetry.instrumentation.resources.CgroupV2ContainerIdExtractor$$Lambda/0x00007f5a8e15f598
2969:             1             16  io.opentelemetry.instrumentation.resources.CgroupV2ContainerIdExtractor$$Lambda/0x00007f5a8e15f7d8
2970:             1             16  io.opentelemetry.instrumentation.resources.CgroupV2ContainerIdExtractor$$Lambda/0x00007f5a8e15fa08
2971:             1             16  io.opentelemetry.instrumentation.resources.CgroupV2ContainerIdExtractor$$Lambda/0x00007f5a8e15fc48
2972:             1             16  io.opentelemetry.instrumentation.resources.CgroupV2ContainerIdExtractor$$Lambda/0x00007f5a8e180238
2973:             1             16  io.opentelemetry.instrumentation.resources.CgroupV2ContainerIdExtractor$$Lambda/0x00007f5a8e180478
2974:             1             16  io.opentelemetry.instrumentation.resources.CgroupV2ContainerIdExtractor$$Lambda/0x00007f5a8e1806b0
2975:             1             16  io.opentelemetry.instrumentation.resources.ContainerResource$$Lambda/0x00007f5a8e1808e0
2976:             1             16  io.opentelemetry.instrumentation.resources.ContainerResource$$Lambda/0x00007f5a8e180b10
2977:             1             16  io.opentelemetry.instrumentation.resources.ContainerResource$Filesystem
2978:             1             16  io.opentelemetry.instrumentation.resources.JarServiceNameDetector$$Lambda/0x00007f5a8e1597b8
2979:             1             16  io.opentelemetry.instrumentation.resources.ManifestResourceProvider$$Lambda/0x00007f5a8e15a258
2980:             1             16  io.opentelemetry.instrumentation.resources.ManifestResourceProvider$$Lambda/0x00007f5a8e15a468
2981:             1             16  io.opentelemetry.instrumentation.resources.ManifestResourceProvider$1$$Lambda/0x00007f5a8e15aaf0
2982:             1             16  io.opentelemetry.instrumentation.resources.ManifestResourceProvider$1$$Lambda/0x00007f5a8e15ad20
2983:             1             16  io.opentelemetry.instrumentation.resources.ProcessArguments$$Lambda/0x00007f5a8e1816f8
2984:             1             16  io.opentelemetry.instrumentation.spring.resources.SpringBootServiceVersionDetector$$Lambda/0x00007f5a8e181b00
2985:             1             16  io.opentelemetry.instrumentation.spring.resources.SpringBootServiceVersionDetector$$Lambda/0x00007f5a8e181d30
2986:             1             16  io.opentelemetry.javaagent.bootstrap.AgentClassLoader$AgentClassLoaderUrlStreamHandler
2987:             1             16  io.opentelemetry.javaagent.bootstrap.HelperResources$$Lambda/0x00007f5a8e2ff180
2988:             1             16  io.opentelemetry.javaagent.bootstrap.NoopLoggerFactory
2989:             1             16  io.opentelemetry.javaagent.bootstrap.executors.PropagatedContext
2990:             1             16  io.opentelemetry.javaagent.bootstrap.field.VirtualFieldImpl$io$grpc$ManagedChannelBuilder$java$lang$Boolean
2991:             1             16  io.opentelemetry.javaagent.bootstrap.field.VirtualFieldImpl$io$grpc$ServerBuilder$java$lang$Boolean
2992:             1             16  io.opentelemetry.javaagent.bootstrap.field.VirtualFieldImpl$io$netty$channel$ChannelHandler$io$netty$channel$ChannelHandler
2993:             1             16  io.opentelemetry.javaagent.bootstrap.field.VirtualFieldImpl$io$netty$util$concurrent$GenericFutureListener$java$lang$ref$WeakReference
2994:             1             16  io.opentelemetry.javaagent.bootstrap.field.VirtualFieldImpl$java$lang$Runnable$io$opentelemetry$javaagent$bootstrap$executors$PropagatedContext
2995:             1             16  io.opentelemetry.javaagent.bootstrap.field.VirtualFieldImpl$java$util$concurrent$Callable$io$opentelemetry$javaagent$bootstrap$executors$PropagatedContext
2996:             1             16  io.opentelemetry.javaagent.bootstrap.field.VirtualFieldImpl$java$util$concurrent$Future$io$opentelemetry$javaagent$bootstrap$executors$PropagatedContext
2997:             1             16  io.opentelemetry.javaagent.bootstrap.internal.EmptyInstrumentationConfig
2998:             1             16  io.opentelemetry.javaagent.bootstrap.internal.InClassLoaderMatcher$$Lambda/0x00007f5a8e1e2838
2999:             1             16  io.opentelemetry.javaagent.extension.matcher.ClassLoaderHasClassesNamedMatcher$Manager$$Lambda/0x00007f5a8e2a9ac8
3000:             1             16  io.opentelemetry.javaagent.instrumentation.akkaactor.AkkaActorForkJoinInstrumentationModule
3001:             1             16  io.opentelemetry.javaagent.instrumentation.akkaactor.AkkaActorInstrumentationModule
3002:             1             16  io.opentelemetry.javaagent.instrumentation.akkahttp.client.AkkaHttpClientInstrumentationModule
3003:             1             16  io.opentelemetry.javaagent.instrumentation.akkahttp.server.AkkaHttpServerInstrumentationModule
3004:             1             16  io.opentelemetry.javaagent.instrumentation.akkahttp.server.route.AkkaHttpServerRouteInstrumentationModule
3005:             1             16  io.opentelemetry.javaagent.instrumentation.alibabadruid.v1_0.DruidInstrumentationModule
3006:             1             16  io.opentelemetry.javaagent.instrumentation.apachecamel.ApacheCamelInstrumentationModule
3007:             1             16  io.opentelemetry.javaagent.instrumentation.apachedbcp.v2_0.ApacheDbcpInstrumentationModule
3008:             1             16  io.opentelemetry.javaagent.instrumentation.apachedubbo.v2_7.DubboInstrumentationModule
3009:             1             16  io.opentelemetry.javaagent.instrumentation.apachehttpasyncclient.ApacheHttpAsyncClientInstrumentationModule
3010:             1             16  io.opentelemetry.javaagent.instrumentation.apachehttpclient.v2_0.ApacheHttpClientInstrumentationModule
3011:             1             16  io.opentelemetry.javaagent.instrumentation.apachehttpclient.v4_0.ApacheHttpClientInstrumentationModule
3012:             1             16  io.opentelemetry.javaagent.instrumentation.apachehttpclient.v5_0.ApacheHttpClientInstrumentationModule
3013:             1             16  io.opentelemetry.javaagent.instrumentation.apacheshenyu.v2_4.ApacheShenYuInstrumentationModule
3014:             1             16  io.opentelemetry.javaagent.instrumentation.armeria.grpc.v1_14.ArmeriaGrpcInstrumentationModule
3015:             1             16  io.opentelemetry.javaagent.instrumentation.armeria.v1_3.ArmeriaInstrumentationModule
3016:             1             16  io.opentelemetry.javaagent.instrumentation.asynchttpclient.v1_9.AsyncHttpClientInstrumentationModule
3017:             1             16  io.opentelemetry.javaagent.instrumentation.asynchttpclient.v2_0.AsyncHttpClientInstrumentationModule
3018:             1             16  io.opentelemetry.javaagent.instrumentation.awslambdacore.v1_0.AwsLambdaInstrumentationModule
3019:             1             16  io.opentelemetry.javaagent.instrumentation.awslambdaevents.v2_2.AwsLambdaInstrumentationModule
3020:             1             16  io.opentelemetry.javaagent.instrumentation.awssdk.v1_11.AwsSdkInstrumentationModule
3021:             1             16  io.opentelemetry.javaagent.instrumentation.awssdk.v1_11.SqsInstrumentationModule
3022:             1             16  io.opentelemetry.javaagent.instrumentation.awssdk.v2_2.AwsSdkInstrumentationModule
3023:             1             16  io.opentelemetry.javaagent.instrumentation.awssdk.v2_2.LambdaInstrumentationModule
3024:             1             16  io.opentelemetry.javaagent.instrumentation.awssdk.v2_2.SnsInstrumentationModule
3025:             1             16  io.opentelemetry.javaagent.instrumentation.awssdk.v2_2.SqsInstrumentationModule
3026:             1             16  io.opentelemetry.javaagent.instrumentation.axis2.Axis2InstrumentationModule
3027:             1             16  io.opentelemetry.javaagent.instrumentation.azurecore.v1_14.AzureSdkInstrumentationModule
3028:             1             16  io.opentelemetry.javaagent.instrumentation.azurecore.v1_19.AzureSdkInstrumentationModule
3029:             1             16  io.opentelemetry.javaagent.instrumentation.azurecore.v1_36.AzureSdkInstrumentationModule
3030:             1             16  io.opentelemetry.javaagent.instrumentation.c3p0.v0_9.C3p0InstrumentationModule
3031:             1             16  io.opentelemetry.javaagent.instrumentation.cassandra.v3_0.CassandraInstrumentationModule
3032:             1             16  io.opentelemetry.javaagent.instrumentation.cassandra.v4_0.CassandraClientInstrumentationModule
3033:             1             16  io.opentelemetry.javaagent.instrumentation.cassandra.v4_4.CassandraClientInstrumentationModule
3034:             1             16  io.opentelemetry.javaagent.instrumentation.clickhouse.ClickHouseInstrumentationModule
3035:             1             16  io.opentelemetry.javaagent.instrumentation.couchbase.v2_0.CouchbaseInstrumentationModule
3036:             1             16  io.opentelemetry.javaagent.instrumentation.couchbase.v2_6.CouchbaseInstrumentationModule
3037:             1             16  io.opentelemetry.javaagent.instrumentation.couchbase.v3_1.CouchbaseInstrumentationModule
3038:             1             16  io.opentelemetry.javaagent.instrumentation.couchbase.v3_1_6.CouchbaseInstrumentationModule
3039:             1             16  io.opentelemetry.javaagent.instrumentation.couchbase.v3_2.CouchbaseInstrumentationModule
3040:             1             16  io.opentelemetry.javaagent.instrumentation.cxf.CxfInstrumentationModule
3041:             1             16  io.opentelemetry.javaagent.instrumentation.dropwizardviews.DropwizardInstrumentationModule
3042:             1             16  io.opentelemetry.javaagent.instrumentation.elasticsearch.apiclient.ElasticsearchApiClientInstrumentationModule
3043:             1             16  io.opentelemetry.javaagent.instrumentation.elasticsearch.rest.v5_0.ElasticsearchRest5InstrumentationModule
3044:             1             16  io.opentelemetry.javaagent.instrumentation.elasticsearch.rest.v6_4.ElasticsearchRest6InstrumentationModule
3045:             1             16  io.opentelemetry.javaagent.instrumentation.elasticsearch.rest.v7_0.ElasticsearchRest7InstrumentationModule
3046:             1             16  io.opentelemetry.javaagent.instrumentation.elasticsearch.transport.v5_0.Elasticsearch5TransportClientInstrumentationModule
3047:             1             16  io.opentelemetry.javaagent.instrumentation.elasticsearch.transport.v5_3.Elasticsearch53TransportClientInstrumentationModule
3048:             1             16  io.opentelemetry.javaagent.instrumentation.elasticsearch.transport.v6_0.Elasticsearch6TransportClientInstrumentationModule
3049:             1             16  io.opentelemetry.javaagent.instrumentation.executors.ExecutorsInstrumentationModule
3050:             1             16  io.opentelemetry.javaagent.instrumentation.executors.FutureInstrumentation
3051:             1             16  io.opentelemetry.javaagent.instrumentation.extannotations.ExternalAnnotationInstrumentationModule
3052:             1             16  io.opentelemetry.javaagent.instrumentation.extensionannotations.WithSpanInstrumentationModule
3053:             1             16  io.opentelemetry.javaagent.instrumentation.extensionkotlin.ContextExtensionInstrumentationModule
3054:             1             16  io.opentelemetry.javaagent.instrumentation.finaglehttp.v23_11.FinagleHttpInstrumentationModule
3055:             1             16  io.opentelemetry.javaagent.instrumentation.finaglehttp.v23_11.TwitterUtilCoreInstrumentationModule
3056:             1             16  io.opentelemetry.javaagent.instrumentation.finatra.FinatraInstrumentationModule
3057:             1             16  io.opentelemetry.javaagent.instrumentation.geode.GeodeInstrumentationModule
3058:             1             16  io.opentelemetry.javaagent.instrumentation.googlehttpclient.GoogleHttpClientInstrumentationModule
3059:             1             16  io.opentelemetry.javaagent.instrumentation.grails.GrailsInstrumentationModule
3060:             1             16  io.opentelemetry.javaagent.instrumentation.graphql.v12_0.GraphqlInstrumentationModule
3061:             1             16  io.opentelemetry.javaagent.instrumentation.graphql.v20_0.GraphqlInstrumentation
3062:             1             16  io.opentelemetry.javaagent.instrumentation.graphql.v20_0.GraphqlInstrumentation$$Lambda/0x00007f5a8e279d50
3063:             1             16  io.opentelemetry.javaagent.instrumentation.graphql.v20_0.GraphqlInstrumentationModule
3064:             1             16  io.opentelemetry.javaagent.instrumentation.grizzly.GrizzlyInstrumentationModule
3065:             1             16  io.opentelemetry.javaagent.instrumentation.grpc.v1_6.GrpcInstrumentationModule
3066:             1             16  io.opentelemetry.javaagent.instrumentation.guava.v10_0.GuavaInstrumentationModule
3067:             1             16  io.opentelemetry.javaagent.instrumentation.gwt.GwtInstrumentationModule
3068:             1             16  io.opentelemetry.javaagent.instrumentation.hibernate.reactive.v1_0.mutiny.HibernateReactiveMutinyInstrumentationModule
3069:             1             16  io.opentelemetry.javaagent.instrumentation.hibernate.reactive.v1_0.stage.HibernateReactiveStageInstrumentationModule
3070:             1             16  io.opentelemetry.javaagent.instrumentation.hibernate.v3_3.HibernateInstrumentationModule
3071:             1             16  io.opentelemetry.javaagent.instrumentation.hibernate.v4_0.HibernateInstrumentationModule
3072:             1             16  io.opentelemetry.javaagent.instrumentation.hibernate.v4_3.HibernateInstrumentationModule
3073:             1             16  io.opentelemetry.javaagent.instrumentation.hibernate.v6_0.HibernateInstrumentationModule
3074:             1             16  io.opentelemetry.javaagent.instrumentation.hikaricp.v3_0.HikariCpInstrumentationModule
3075:             1             16  io.opentelemetry.javaagent.instrumentation.httpclient.HttpClientInstrumentationModule
3076:             1             16  io.opentelemetry.javaagent.instrumentation.httpurlconnection.HttpUrlConnectionInstrumentationModule
3077:             1             16  io.opentelemetry.javaagent.instrumentation.hystrix.HystrixInstrumentationModule
3078:             1             16  io.opentelemetry.javaagent.instrumentation.influxdb.v2_4.InfluxDbInstrumentationModule
3079:             1             16  io.opentelemetry.javaagent.instrumentation.instrumentationannotations.AnnotationInstrumentationModule
3080:             1             16  io.opentelemetry.javaagent.instrumentation.instrumentationannotations.AnnotationSingletons$$Lambda/0x00007f5a8e60e5a8
3081:             1             16  io.opentelemetry.javaagent.instrumentation.instrumentationannotations.AnnotationSingletons$$Lambda/0x00007f5a8e60ebf8
3082:             1             16  io.opentelemetry.javaagent.instrumentation.instrumentationannotations.AnnotationSingletons$$Lambda/0x00007f5a8e60f008
3083:             1             16  io.opentelemetry.javaagent.instrumentation.instrumentationannotations.AnnotationSingletons$$Lambda/0x00007f5a8e60f658
3084:             1             16  io.opentelemetry.javaagent.instrumentation.instrumentationannotations.AnnotationSingletons$$Lambda/0x00007f5a8e614230
3085:             1             16  io.opentelemetry.javaagent.instrumentation.instrumentationannotations.AnnotationSingletons$$Lambda/0x00007f5a8e614440
3086:             1             16  io.opentelemetry.javaagent.instrumentation.instrumentationannotations.KotlinCoroutineUtil$$Lambda/0x00007f5a8e253150
3087:             1             16  io.opentelemetry.javaagent.instrumentation.instrumentationannotations.WithSpanParameterAttributeNamesExtractor$$Lambda/0x00007f5a8e614000
3088:             1             16  io.opentelemetry.javaagent.instrumentation.instrumentationapi.InstrumentationApiInstrumentationModule
3089:             1             16  io.opentelemetry.javaagent.instrumentation.internal.classloader.ClassLoaderInstrumentationModule
3090:             1             16  io.opentelemetry.javaagent.instrumentation.internal.lambda.InnerClassLambdaMetafactoryInstrumentation
3091:             1             16  io.opentelemetry.javaagent.instrumentation.internal.lambda.InnerClassLambdaMetafactoryInstrumentation$$Lambda/0x00007f5a8e266830
3092:             1             16  io.opentelemetry.javaagent.instrumentation.internal.lambda.LambdaInstrumentationModule
3093:             1             16  io.opentelemetry.javaagent.instrumentation.internal.osgi.EclipseOsgiInstrumentationModule
3094:             1             16  io.opentelemetry.javaagent.instrumentation.internal.reflection.ClassInstrumentation
3095:             1             16  io.opentelemetry.javaagent.instrumentation.internal.reflection.ClassInstrumentation$$Lambda/0x00007f5a8e266eb8
3096:             1             16  io.opentelemetry.javaagent.instrumentation.internal.reflection.ReflectionInstrumentationModule
3097:             1             16  io.opentelemetry.javaagent.instrumentation.internal.urlclassloader.UrlClassLoaderInstrumentationModule
3098:             1             16  io.opentelemetry.javaagent.instrumentation.javahttpserver.JavaHttpServerInstrumentationModule
3099:             1             16  io.opentelemetry.javaagent.instrumentation.javalin.v5_0.JavalinInstrumentationModule
3100:             1             16  io.opentelemetry.javaagent.instrumentation.jaxrs.v2_0.CxfInstrumentationModule
3101:             1             16  io.opentelemetry.javaagent.instrumentation.jaxrs.v2_0.JerseyInstrumentationModule
3102:             1             16  io.opentelemetry.javaagent.instrumentation.jaxrs.v2_0.Resteasy30InstrumentationModule
3103:             1             16  io.opentelemetry.javaagent.instrumentation.jaxrs.v2_0.Resteasy31InstrumentationModule
3104:             1             16  io.opentelemetry.javaagent.instrumentation.jaxrs.v3_0.JerseyInstrumentationModule
3105:             1             16  io.opentelemetry.javaagent.instrumentation.jaxrs.v3_0.ResteasyInstrumentationModule
3106:             1             16  io.opentelemetry.javaagent.instrumentation.jaxws.v2_0.JaxWsInstrumentationModule
3107:             1             16  io.opentelemetry.javaagent.instrumentation.jbosslogmanager.appender.v1_1.JbossLogmanagerInstrumentationModule
3108:             1             16  io.opentelemetry.javaagent.instrumentation.jbosslogmanager.mdc.v1_1.JbossLogmanagerInstrumentationModule
3109:             1             16  io.opentelemetry.javaagent.instrumentation.jdbc.JdbcInstrumentationModule
3110:             1             16  io.opentelemetry.javaagent.instrumentation.jedis.v1_4.JedisInstrumentationModule
3111:             1             16  io.opentelemetry.javaagent.instrumentation.jedis.v3_0.JedisInstrumentationModule
3112:             1             16  io.opentelemetry.javaagent.instrumentation.jedis.v4_0.JedisInstrumentationModule
3113:             1             16  io.opentelemetry.javaagent.instrumentation.jetty.httpclient.v12_0.JettyHttpClient12InstrumentationModule
3114:             1             16  io.opentelemetry.javaagent.instrumentation.jetty.httpclient.v9_2.JettyHttpClient9InstrumentationModule
3115:             1             16  io.opentelemetry.javaagent.instrumentation.jetty.v11_0.Jetty11InstrumentationModule
3116:             1             16  io.opentelemetry.javaagent.instrumentation.jetty.v12_0.Jetty12InstrumentationModule
3117:             1             16  io.opentelemetry.javaagent.instrumentation.jetty.v8_0.Jetty8InstrumentationModule
3118:             1             16  io.opentelemetry.javaagent.instrumentation.jms.v1_1.JmsInstrumentationModule
3119:             1             16  io.opentelemetry.javaagent.instrumentation.jms.v3_0.JmsInstrumentationModule
3120:             1             16  io.opentelemetry.javaagent.instrumentation.joddhttp.v4_2.JoddHttpInstrumentationModule
3121:             1             16  io.opentelemetry.javaagent.instrumentation.jsp.JspInstrumentationModule
3122:             1             16  io.opentelemetry.javaagent.instrumentation.jul.JavaUtilLoggingHelper$AccessibleFormatter
3123:             1             16  io.opentelemetry.javaagent.instrumentation.jul.JavaUtilLoggingInstrumentationModule
3124:             1             16  io.opentelemetry.javaagent.instrumentation.kafkaclients.v0_11.KafkaClientsInstrumentationModule
3125:             1             16  io.opentelemetry.javaagent.instrumentation.kafkaclients.v0_11.metrics.KafkaMetricsInstrumentationModule
3126:             1             16  io.opentelemetry.javaagent.instrumentation.kafkastreams.KafkaStreamsInstrumentationModule
3127:             1             16  io.opentelemetry.javaagent.instrumentation.kotlinxcoroutines.KotlinCoroutinesInstrumentationModule
3128:             1             16  io.opentelemetry.javaagent.instrumentation.kotlinxcoroutines.flow.KotlinCoroutinesFlowInstrumentationModule
3129:             1             16  io.opentelemetry.javaagent.instrumentation.kotlinxcoroutines.instrumentationannotations.AnnotationInstrumentationModule
3130:             1             16  io.opentelemetry.javaagent.instrumentation.kotlinxcoroutines.instrumentationannotations.WithSpanInstrumentation$$Lambda/0x00007f5a8e25f648
3131:             1             16  io.opentelemetry.javaagent.instrumentation.ktor.v2_0.KtorClientInstrumentationModule
3132:             1             16  io.opentelemetry.javaagent.instrumentation.ktor.v2_0.KtorServerInstrumentationModule
3133:             1             16  io.opentelemetry.javaagent.instrumentation.ktor.v3_0.KtorClientInstrumentationModule
3134:             1             16  io.opentelemetry.javaagent.instrumentation.ktor.v3_0.KtorServerInstrumentationModule
3135:             1             16  io.opentelemetry.javaagent.instrumentation.kubernetesclient.KubernetesClientInstrumentationModule
3136:             1             16  io.opentelemetry.javaagent.instrumentation.lettuce.v4_0.LettuceInstrumentationModule
3137:             1             16  io.opentelemetry.javaagent.instrumentation.lettuce.v5_0.LettuceInstrumentationModule
3138:             1             16  io.opentelemetry.javaagent.instrumentation.lettuce.v5_1.LettuceInstrumentationModule
3139:             1             16  io.opentelemetry.javaagent.instrumentation.liberty.LibertyInstrumentationModule
3140:             1             16  io.opentelemetry.javaagent.instrumentation.liberty.dispatcher.LibertyDispatcherInstrumentationModule
3141:             1             16  io.opentelemetry.javaagent.instrumentation.log4j.appender.v1_2.Log4jAppenderInstrumentationModule
3142:             1             16  io.opentelemetry.javaagent.instrumentation.log4j.appender.v2_17.Log4jAppenderInstrumentationModule
3143:             1             16  io.opentelemetry.javaagent.instrumentation.log4j.contextdata.v2_17.Log4j2InstrumentationModule
3144:             1             16  io.opentelemetry.javaagent.instrumentation.log4j.contextdata.v2_7.Log4j27InstrumentationModule
3145:             1             16  io.opentelemetry.javaagent.instrumentation.log4j.mdc.v1_2.Log4j1InstrumentationModule
3146:             1             16  io.opentelemetry.javaagent.instrumentation.logback.appender.v1_0.LogbackInstrumentationModule
3147:             1             16  io.opentelemetry.javaagent.instrumentation.logback.mdc.v1_0.LogbackMdcInstrumentationModule
3148:             1             16  io.opentelemetry.javaagent.instrumentation.methods.MethodInstrumentationModule$$Lambda/0x00007f5a8e22f938
3149:             1             16  io.opentelemetry.javaagent.instrumentation.methods.MethodInstrumentationModule$$Lambda/0x00007f5a8e230000
3150:             1             16  io.opentelemetry.javaagent.instrumentation.metro.MetroInstrumentationModule
3151:             1             16  io.opentelemetry.javaagent.instrumentation.mojarra.MojarraInstrumentationModule
3152:             1             16  io.opentelemetry.javaagent.instrumentation.mojarra.v3_0.MojarraInstrumentationModule
3153:             1             16  io.opentelemetry.javaagent.instrumentation.mongo.v3_1.MongoClientInstrumentationModule
3154:             1             16  io.opentelemetry.javaagent.instrumentation.mongo.v3_7.MongoClientInstrumentationModule
3155:             1             16  io.opentelemetry.javaagent.instrumentation.mongo.v4_0.MongoClientInstrumentationModule
3156:             1             16  io.opentelemetry.javaagent.instrumentation.mongoasync.v3_3.MongoAsyncClientInstrumentationModule
3157:             1             16  io.opentelemetry.javaagent.instrumentation.myfaces.MyFacesInstrumentationModule
3158:             1             16  io.opentelemetry.javaagent.instrumentation.myfaces.v3_0.MyFacesInstrumentationModule
3159:             1             16  io.opentelemetry.javaagent.instrumentation.netty.v3_8.NettyInstrumentationModule
3160:             1             16  io.opentelemetry.javaagent.instrumentation.netty.v4_0.NettyInstrumentationModule
3161:             1             16  io.opentelemetry.javaagent.instrumentation.netty.v4_1.NettyInstrumentationModule
3162:             1             16  io.opentelemetry.javaagent.instrumentation.okhttp.v2_2.OkHttp2InstrumentationModule
3163:             1             16  io.opentelemetry.javaagent.instrumentation.okhttp.v3_0.OkHttp3InstrumentationModule
3164:             1             16  io.opentelemetry.javaagent.instrumentation.opensearch.rest.v1_0.OpenSearchRestInstrumentationModule
3165:             1             16  io.opentelemetry.javaagent.instrumentation.opentelemetryapi.OpenTelemetryApiInstrumentationModule
3166:             1             16  io.opentelemetry.javaagent.instrumentation.opentelemetryapi.context.AgentContextStorage$$Lambda/0x00007f5a8e5177c8
3167:             1             16  io.opentelemetry.javaagent.instrumentation.opentelemetryapi.context.AgentContextWrapper$$Lambda/0x00007f5a8e521c78
3168:             1             16  io.opentelemetry.javaagent.instrumentation.opentelemetryapi.context.AgentContextWrapper$$Lambda/0x00007f5a8e521ea8
3169:             1             16  io.opentelemetry.javaagent.instrumentation.opentelemetryapi.context.AgentContextWrapper$$Lambda/0x00007f5a8e522aa8
3170:             1             16  io.opentelemetry.javaagent.instrumentation.opentelemetryapi.context.AgentContextWrapper$$Lambda/0x00007f5a8e522cd8
3171:             1             16  io.opentelemetry.javaagent.instrumentation.opentelemetryapi.context.InstrumentationApiContextBridging$$Lambda/0x00007f5a8e5232f8
3172:             1             16  io.opentelemetry.javaagent.instrumentation.opentelemetryapi.context.InstrumentationApiContextBridging$$Lambda/0x00007f5a8e523528
3173:             1             16  io.opentelemetry.javaagent.instrumentation.opentelemetryapi.context.InstrumentationApiContextBridging$$Lambda/0x00007f5a8e523758
3174:             1             16  io.opentelemetry.javaagent.instrumentation.opentelemetryapi.context.InstrumentationApiContextBridging$$Lambda/0x00007f5a8e523bd8
3175:             1             16  io.opentelemetry.javaagent.instrumentation.opentelemetryapi.context.propagation.ApplicationContextPropagators
3176:             1             16  io.opentelemetry.javaagent.instrumentation.opentelemetryapi.context.propagation.ApplicationTextMapPropagator
3177:             1             16  io.opentelemetry.javaagent.instrumentation.opentelemetryapi.v1_10.OpenTelemetryApiInstrumentationModule
3178:             1             16  io.opentelemetry.javaagent.instrumentation.opentelemetryapi.v1_10.metrics.ApplicationLongCounter
3179:             1             16  io.opentelemetry.javaagent.instrumentation.opentelemetryapi.v1_15.OpenTelemetryApiInstrumentationModule
3180:             1             16  io.opentelemetry.javaagent.instrumentation.opentelemetryapi.v1_27.OpenTelemetryApiInstrumentationModule
3181:             1             16  io.opentelemetry.javaagent.instrumentation.opentelemetryapi.v1_27.trace.ApplicationTracerFactory127
3182:             1             16  io.opentelemetry.javaagent.instrumentation.opentelemetryapi.v1_31.incubator.OpenTelemetryApiInstrumentationModule
3183:             1             16  io.opentelemetry.javaagent.instrumentation.opentelemetryapi.v1_32.OpenTelemetryApiInstrumentationModule
3184:             1             16  io.opentelemetry.javaagent.instrumentation.opentelemetryapi.v1_32.incubator.OpenTelemetryApiIncubatorInstrumentationModule
3185:             1             16  io.opentelemetry.javaagent.instrumentation.opentelemetryapi.v1_37.incubator.OpenTelemetryApiInstrumentationModule
3186:             1             16  io.opentelemetry.javaagent.instrumentation.opentelemetryapi.v1_38.OpenTelemetryApiInstrumentationModule
3187:             1             16  io.opentelemetry.javaagent.instrumentation.opentelemetryapi.v1_38.incubator.OpenTelemetryApiIncubatorInstrumentationModule
3188:             1             16  io.opentelemetry.javaagent.instrumentation.opentelemetryapi.v1_38.metrics.ApplicationMeterFactory138
3189:             1             16  io.opentelemetry.javaagent.instrumentation.opentelemetryapi.v1_4.OpenTelemetryApiInstrumentationModule
3190:             1             16  io.opentelemetry.javaagent.instrumentation.opentelemetryapi.v1_40.incubator.OpenTelemetryApiIncubatorInstrumentationModule
3191:             1             16  io.opentelemetry.javaagent.instrumentation.opentelemetryapi.v1_42.OpenTelemetryApiInstrumentationModule
3192:             1             16  io.opentelemetry.javaagent.instrumentation.opentelemetryapi.v1_42.incubator.OpenTelemetryApiIncubatorInstrumentationModule
3193:             1             16  io.opentelemetry.javaagent.instrumentation.opentelemetryapi.v1_42.logs.ApplicationLoggerFactory142
3194:             1             16  io.opentelemetry.javaagent.instrumentation.opentelemetryapi.v1_47.incubator.OpenTelemetryApiIncubatorInstrumentationModule
3195:             1             16  io.opentelemetry.javaagent.instrumentation.oracleucp.v11_2.OracleUcpInstrumentationModule
3196:             1             16  io.opentelemetry.javaagent.instrumentation.oshi.OshiInstrumentationModule
3197:             1             16  io.opentelemetry.javaagent.instrumentation.payara.PayaraInstrumentationModule
3198:             1             16  io.opentelemetry.javaagent.instrumentation.payara.StandardWrapperInstrumentation
3199:             1             16  io.opentelemetry.javaagent.instrumentation.payara.StandardWrapperInstrumentation$$Lambda/0x00007f5a8e270238
3200:             1             16  io.opentelemetry.javaagent.instrumentation.pekkoactor.v1_0.PekkoActorInstrumentationModule
3201:             1             16  io.opentelemetry.javaagent.instrumentation.pekkohttp.v1_0.client.PekkoHttpClientInstrumentationModule
3202:             1             16  io.opentelemetry.javaagent.instrumentation.pekkohttp.v1_0.server.PekkoHttpServerInstrumentationModule
3203:             1             16  io.opentelemetry.javaagent.instrumentation.pekkohttp.v1_0.server.route.PekkoHttpServerRouteInstrumentationModule
3204:             1             16  io.opentelemetry.javaagent.instrumentation.play.v2_4.PlayInstrumentationModule
3205:             1             16  io.opentelemetry.javaagent.instrumentation.play.v2_6.PlayInstrumentationModule
3206:             1             16  io.opentelemetry.javaagent.instrumentation.playws.v1_0.PlayWsInstrumentationModule
3207:             1             16  io.opentelemetry.javaagent.instrumentation.playws.v2_0.PlayWsInstrumentationModule
3208:             1             16  io.opentelemetry.javaagent.instrumentation.playws.v2_1.PlayWsInstrumentationModule
3209:             1             16  io.opentelemetry.javaagent.instrumentation.powerjob.v4_0.PowerJobInstrumentationModule
3210:             1             16  io.opentelemetry.javaagent.instrumentation.pulsar.v2_8.PulsarInstrumentationModule
3211:             1             16  io.opentelemetry.javaagent.instrumentation.quarkus.resteasy.reactive.QuarkusResteasyReactiveInstrumentationModule
3212:             1             16  io.opentelemetry.javaagent.instrumentation.quartz.v2_0.QuartzInstrumentationModule
3213:             1             16  io.opentelemetry.javaagent.instrumentation.r2dbc.v1_0.R2dbcInstrumentationModule
3214:             1             16  io.opentelemetry.javaagent.instrumentation.rabbitmq.RabbitMqInstrumentationModule
3215:             1             16  io.opentelemetry.javaagent.instrumentation.ratpack.RatpackInstrumentationModule
3216:             1             16  io.opentelemetry.javaagent.instrumentation.ratpack.v1_7.RatpackInstrumentationModule
3217:             1             16  io.opentelemetry.javaagent.instrumentation.reactor.kafka.v1_0.ReactorKafkaInstrumentationModule
3218:             1             16  io.opentelemetry.javaagent.instrumentation.reactor.v3_1.ReactorInstrumentationModule
3219:             1             16  io.opentelemetry.javaagent.instrumentation.reactor.v3_1.operator.ContextPropagationOperatorInstrumentationModule
3220:             1             16  io.opentelemetry.javaagent.instrumentation.reactor.v3_4.operator.ContextPropagationOperator34InstrumentationModule
3221:             1             16  io.opentelemetry.javaagent.instrumentation.reactornetty.v0_9.ReactorNettyInstrumentationModule
3222:             1             16  io.opentelemetry.javaagent.instrumentation.reactornetty.v1_0.ReactorNettyInstrumentationModule
3223:             1             16  io.opentelemetry.javaagent.instrumentation.rediscala.RediscalaInstrumentationModule
3224:             1             16  io.opentelemetry.javaagent.instrumentation.redisson.v3_0.RedissonInstrumentationModule
3225:             1             16  io.opentelemetry.javaagent.instrumentation.redisson.v3_17.RedissonInstrumentationModule
3226:             1             16  io.opentelemetry.javaagent.instrumentation.restlet.v1_1.RestletInstrumentationModule
3227:             1             16  io.opentelemetry.javaagent.instrumentation.restlet.v2_0.RestletInstrumentationModule
3228:             1             16  io.opentelemetry.javaagent.instrumentation.rmi.client.RmiClientInstrumentationModule
3229:             1             16  io.opentelemetry.javaagent.instrumentation.rmi.context.RmiContextPropagationInstrumentationModule
3230:             1             16  io.opentelemetry.javaagent.instrumentation.rmi.server.RmiServerInstrumentationModule
3231:             1             16  io.opentelemetry.javaagent.instrumentation.rocketmqclient.v4_8.RocketMqInstrumentationModule
3232:             1             16  io.opentelemetry.javaagent.instrumentation.rocketmqclient.v5_0.RocketMqInstrumentationModule
3233:             1             16  io.opentelemetry.javaagent.instrumentation.rxjava.v2_0.RxJava2InstrumentationModule
3234:             1             16  io.opentelemetry.javaagent.instrumentation.rxjava.v3_0.RxJava3InstrumentationModule
3235:             1             16  io.opentelemetry.javaagent.instrumentation.rxjava.v3_1_1.RxJava3InstrumentationModule
3236:             1             16  io.opentelemetry.javaagent.instrumentation.scalaexecutors.ScalaConcurrentInstrumentationModule
3237:             1             16  io.opentelemetry.javaagent.instrumentation.servlet.v2_2.Servlet2InstrumentationModule
3238:             1             16  io.opentelemetry.javaagent.instrumentation.servlet.v3_0.Servlet3InstrumentationModule
3239:             1             16  io.opentelemetry.javaagent.instrumentation.servlet.v5_0.JakartaServletInstrumentationModule
3240:             1             16  io.opentelemetry.javaagent.instrumentation.sparkjava.SparkInstrumentationModule
3241:             1             16  io.opentelemetry.javaagent.instrumentation.spring.aws.SpringAwsSqsInstrumentationModule
3242:             1             16  io.opentelemetry.javaagent.instrumentation.spring.core.v2_0.SpringCoreInstrumentationModule
3243:             1             16  io.opentelemetry.javaagent.instrumentation.spring.data.v1_8.SpringDataInstrumentationModule
3244:             1             16  io.opentelemetry.javaagent.instrumentation.spring.gateway.v2_0.GatewayInstrumentationModule
3245:             1             16  io.opentelemetry.javaagent.instrumentation.spring.integration.v4_1.SpringIntegrationInstrumentationModule
3246:             1             16  io.opentelemetry.javaagent.instrumentation.spring.jms.v2_0.SpringJmsInstrumentationModule
3247:             1             16  io.opentelemetry.javaagent.instrumentation.spring.jms.v6_0.SpringJmsInstrumentationModule
3248:             1             16  io.opentelemetry.javaagent.instrumentation.spring.kafka.v2_7.SpringKafkaInstrumentationModule
3249:             1             16  io.opentelemetry.javaagent.instrumentation.spring.rabbit.v1_0.SpringRabbitInstrumentationModule
3250:             1             16  io.opentelemetry.javaagent.instrumentation.spring.rmi.v4_0.SpringRmiInstrumentationModule
3251:             1             16  io.opentelemetry.javaagent.instrumentation.spring.scheduling.v3_1.SpringSchedulingInstrumentationModule
3252:             1             16  io.opentelemetry.javaagent.instrumentation.spring.web.v6_0.SpringWebInstrumentationModule
3253:             1             16  io.opentelemetry.javaagent.instrumentation.spring.webflux.v5_0.client.WebfluxClientInstrumentationModule
3254:             1             16  io.opentelemetry.javaagent.instrumentation.spring.webflux.v5_0.server.WebfluxServerInstrumentationModule
3255:             1             16  io.opentelemetry.javaagent.instrumentation.spring.webflux.v5_0.server.reactornetty.ReactorNettyInstrumentationModule
3256:             1             16  io.opentelemetry.javaagent.instrumentation.spring.webmvc.v3_1.SpringWebMvcInstrumentationModule
3257:             1             16  io.opentelemetry.javaagent.instrumentation.spring.webmvc.v6_0.SpringWebMvcInstrumentationModule
3258:             1             16  io.opentelemetry.javaagent.instrumentation.springweb.v3_1.SpringWebInstrumentationModule
3259:             1             16  io.opentelemetry.javaagent.instrumentation.spymemcached.SpymemcachedInstrumentationModule
3260:             1             16  io.opentelemetry.javaagent.instrumentation.struts.v2_3.Struts2InstrumentationModule
3261:             1             16  io.opentelemetry.javaagent.instrumentation.struts.v7_0.Struts2InstrumentationModule
3262:             1             16  io.opentelemetry.javaagent.instrumentation.tapestry.TapestryInstrumentationModule
3263:             1             16  io.opentelemetry.javaagent.instrumentation.tomcat.jdbc.TomcatJdbcInstrumentationModule
3264:             1             16  io.opentelemetry.javaagent.instrumentation.tomcat.v10_0.Tomcat10InstrumentationModule
3265:             1             16  io.opentelemetry.javaagent.instrumentation.tomcat.v7_0.Tomcat7InstrumentationModule
3266:             1             16  io.opentelemetry.javaagent.instrumentation.twilio.TwilioInstrumentationModule
3267:             1             16  io.opentelemetry.javaagent.instrumentation.undertow.UndertowInstrumentationModule
3268:             1             16  io.opentelemetry.javaagent.instrumentation.vaadin.VaadinInstrumentationModule
3269:             1             16  io.opentelemetry.javaagent.instrumentation.vertx.VertxWebInstrumentationModule
3270:             1             16  io.opentelemetry.javaagent.instrumentation.vertx.kafka.v3_6.VertxKafkaInstrumentationModule
3271:             1             16  io.opentelemetry.javaagent.instrumentation.vertx.reactive.VertxRxInstrumentationModule
3272:             1             16  io.opentelemetry.javaagent.instrumentation.vertx.v3_0.client.VertxClientInstrumentationModule
3273:             1             16  io.opentelemetry.javaagent.instrumentation.vertx.v4_0.client.VertxClientInstrumentationModule
3274:             1             16  io.opentelemetry.javaagent.instrumentation.vertx.v4_0.redis.VertxRedisClientInstrumentationModule
3275:             1             16  io.opentelemetry.javaagent.instrumentation.vertx.v4_0.sql.VertxSqlClientInstrumentationModule
3276:             1             16  io.opentelemetry.javaagent.instrumentation.viburdbcp.v11_0.ViburDbcpInstrumentationModule
3277:             1             16  io.opentelemetry.javaagent.instrumentation.wicket.WicketInstrumentationModule
3278:             1             16  io.opentelemetry.javaagent.instrumentation.xxljob.v1_9_2.XxlJobInstrumentationModule
3279:             1             16  io.opentelemetry.javaagent.instrumentation.xxljob.v2_1_2.XxlJobInstrumentationModule
3280:             1             16  io.opentelemetry.javaagent.instrumentation.xxljob.v2_3_0.XxlJobInstrumentationModule
3281:             1             16  io.opentelemetry.javaagent.instrumentation.zio.v2_0.ZioInstrumentationModule
3282:             1             16  io.opentelemetry.javaagent.logging.simple.Slf4jSimpleLoggingCustomizer$$Lambda/0x00007f5a8e00f0d8
3283:             1             16  io.opentelemetry.javaagent.shaded.instrumentation.api.annotation.support.AttributeBindingFactory$$Lambda/0x00007f5a8e6416e8
3284:             1             16  io.opentelemetry.javaagent.shaded.instrumentation.api.incubator.builder.internal.DefaultHttpClientInstrumenterBuilder$$Lambda/0x00007f5a8e3fc2e8
3285:             1             16  io.opentelemetry.javaagent.shaded.instrumentation.api.incubator.config.internal.EnduserConfig
3286:             1             16  io.opentelemetry.javaagent.shaded.instrumentation.api.incubator.semconv.net.PeerServiceResolverImpl
3287:             1             16  io.opentelemetry.javaagent.shaded.instrumentation.api.incubator.semconv.net.PeerServiceResolverImpl$$Lambda/0x00007f5a8e1dfa30
3288:             1             16  io.opentelemetry.javaagent.shaded.instrumentation.api.incubator.semconv.net.PeerServiceResolverImpl$$Lambda/0x00007f5a8e1e0618
3289:             1             16  io.opentelemetry.javaagent.shaded.instrumentation.api.incubator.semconv.rpc.RpcClientAttributesExtractor
3290:             1             16  io.opentelemetry.javaagent.shaded.instrumentation.api.incubator.semconv.rpc.RpcClientMetrics
3291:             1             16  io.opentelemetry.javaagent.shaded.instrumentation.api.incubator.semconv.rpc.RpcClientMetrics$$Lambda/0x00007f5a8e3ee270
3292:             1             16  io.opentelemetry.javaagent.shaded.instrumentation.api.incubator.semconv.rpc.RpcServerAttributesExtractor
3293:             1             16  io.opentelemetry.javaagent.shaded.instrumentation.api.incubator.semconv.rpc.RpcServerMetrics
3294:             1             16  io.opentelemetry.javaagent.shaded.instrumentation.api.incubator.semconv.rpc.RpcServerMetrics$$Lambda/0x00007f5a8e3ef348
3295:             1             16  io.opentelemetry.javaagent.shaded.instrumentation.api.instrumenter.DefaultErrorCauseExtractor
3296:             1             16  io.opentelemetry.javaagent.shaded.instrumentation.api.instrumenter.DefaultSpanStatusExtractor
3297:             1             16  io.opentelemetry.javaagent.shaded.instrumentation.api.instrumenter.Instrumenter$1
3298:             1             16  io.opentelemetry.javaagent.shaded.instrumentation.api.instrumenter.InstrumenterBuilder$$Lambda/0x00007f5a8e3f09e0
3299:             1             16  io.opentelemetry.javaagent.shaded.instrumentation.api.instrumenter.InstrumenterBuilder$$Lambda/0x00007f5a8e3f2610
3300:             1             16  io.opentelemetry.javaagent.shaded.instrumentation.api.instrumenter.InstrumenterBuilder$1
3301:             1             16  io.opentelemetry.javaagent.shaded.instrumentation.api.instrumenter.InstrumenterBuilder$InstrumenterConstructor$$Lambda/0x00007f5a8e3f2a50
3302:             1             16  io.opentelemetry.javaagent.shaded.instrumentation.api.instrumenter.SpanKindExtractor$$Lambda/0x00007f5a8e3eb748
3303:             1             16  io.opentelemetry.javaagent.shaded.instrumentation.api.instrumenter.SpanKindExtractor$$Lambda/0x00007f5a8e3eff40
3304:             1             16  io.opentelemetry.javaagent.shaded.instrumentation.api.instrumenter.SpanKindExtractor$$Lambda/0x00007f5a8e3f2840
3305:             1             16  io.opentelemetry.javaagent.shaded.instrumentation.api.instrumenter.SpanSuppressors$DelegateBySpanKind
3306:             1             16  io.opentelemetry.javaagent.shaded.instrumentation.api.internal.EmbeddedInstrumentationProperties$$Lambda/0x00007f5a8e1e7b90
3307:             1             16  io.opentelemetry.javaagent.shaded.instrumentation.api.internal.OperationMetricsUtil$1
3308:             1             16  io.opentelemetry.javaagent.shaded.instrumentation.api.internal.RuntimeVirtualFieldSupplier$CacheBasedVirtualFieldSupplier
3309:             1             16  io.opentelemetry.javaagent.shaded.instrumentation.api.internal.SupportabilityMetrics$$Lambda/0x00007f5a8e3e8dd8
3310:             1             16  io.opentelemetry.javaagent.shaded.instrumentation.api.internal.cache.concurrentlinkedhashmap.ConcurrentLinkedHashMap$DiscardingQueue
3311:             1             16  io.opentelemetry.javaagent.shaded.instrumentation.api.internal.cache.weaklockfree.WeakConcurrentMap$1
3312:             1             16  io.opentelemetry.javaagent.shaded.instrumentation.api.internal.cache.weaklockfree.WeakConcurrentMapCleaner$$Lambda/0x00007f5a8e1f5538
3313:             1             16  io.opentelemetry.javaagent.shaded.instrumentation.api.semconv.http.CapturedHttpHeadersUtil$$Lambda/0x00007f5a8e3ffbd8
3314:             1             16  io.opentelemetry.javaagent.shaded.instrumentation.api.semconv.http.HttpClientAttributesExtractorBuilder$$Lambda/0x00007f5a8e3fd170
3315:             1             16  io.opentelemetry.javaagent.shaded.instrumentation.api.semconv.http.HttpClientMetrics
3316:             1             16  io.opentelemetry.javaagent.shaded.instrumentation.api.semconv.http.HttpClientMetrics$$Lambda/0x00007f5a8e578220
3317:             1             16  io.opentelemetry.javaagent.shaded.instrumentation.api.semconv.network.internal.AddressAndPortExtractor$$Lambda/0x00007f5a8e3ed820
3318:             1             16  io.opentelemetry.javaagent.shaded.instrumentation.grpc.v1_6.CapturedGrpcMetadataUtil$$Lambda/0x00007f5a8e4ba0b0
3319:             1             16  io.opentelemetry.javaagent.shaded.instrumentation.grpc.v1_6.GrpcNetworkServerAttributesGetter
3320:             1             16  io.opentelemetry.javaagent.shaded.instrumentation.grpc.v1_6.GrpcSpanNameExtractor
3321:             1             16  io.opentelemetry.javaagent.shaded.instrumentation.grpc.v1_6.GrpcSpanStatusExtractor$$Lambda/0x00007f5a8e4b9600
3322:             1             16  io.opentelemetry.javaagent.shaded.instrumentation.grpc.v1_6.GrpcSpanStatusExtractor$$Lambda/0x00007f5a8e4b9858
3323:             1             16  io.opentelemetry.javaagent.shaded.instrumentation.grpc.v1_6.internal.GrpcClientNetworkAttributesGetter
3324:             1             16  io.opentelemetry.javaagent.shaded.instrumentation.guava.v10_0.GuavaAsyncOperationEndStrategy
3325:             1             16  io.opentelemetry.javaagent.shaded.instrumentation.javaagent.runtimemetrics.java17.Java17RuntimeMetricsInstaller$$Lambda/0x00007f5a8e2e6a88
3326:             1             16  io.opentelemetry.javaagent.shaded.instrumentation.jmx.engine.JmxMetricInsight$$Lambda/0x00007f5a8e2d7a18
3327:             1             16  io.opentelemetry.javaagent.shaded.instrumentation.log4j.contextdata.v2_17.OpenTelemetryContextDataProvider
3328:             1             16  io.opentelemetry.javaagent.shaded.instrumentation.netty.v4.common.internal.client.NettyClientInstrumenterFactory$$Lambda/0x00007f5a8e575a50
3329:             1             16  io.opentelemetry.javaagent.shaded.instrumentation.netty.v4.common.internal.client.NettyClientInstrumenterFactory$$Lambda/0x00007f5a8e5769d8
3330:             1             16  io.opentelemetry.javaagent.shaded.instrumentation.netty.v4.common.internal.client.NettyErrorOnlyConnectionInstrumenter
3331:             1             16  io.opentelemetry.javaagent.shaded.instrumentation.netty.v4.common.internal.client.NettyHttpClientAttributesGetter
3332:             1             16  io.opentelemetry.javaagent.shaded.instrumentation.netty.v4.common.internal.client.NettySslErrorOnlyInstrumenter
3333:             1             16  io.opentelemetry.javaagent.shaded.instrumentation.netty.v4.common.internal.client.NettySslNetAttributesGetter
3334:             1             16  io.opentelemetry.javaagent.shaded.instrumentation.runtimemetrics.java17.RuntimeMetricsBuilder$$Lambda/0x00007f5a8e2e6848
3335:             1             16  io.opentelemetry.javaagent.shaded.instrumentation.runtimemetrics.java8.Classes
3336:             1             16  io.opentelemetry.javaagent.shaded.instrumentation.runtimemetrics.java8.Classes$$Lambda/0x00007f5a8e2d8a80
3337:             1             16  io.opentelemetry.javaagent.shaded.instrumentation.runtimemetrics.java8.Classes$$Lambda/0x00007f5a8e2d8ca8
3338:             1             16  io.opentelemetry.javaagent.shaded.instrumentation.runtimemetrics.java8.Classes$$Lambda/0x00007f5a8e2d93f0
3339:             1             16  io.opentelemetry.javaagent.shaded.instrumentation.runtimemetrics.java8.Cpu
3340:             1             16  io.opentelemetry.javaagent.shaded.instrumentation.runtimemetrics.java8.Cpu$$Lambda/0x00007f5a8e2d9810
3341:             1             16  io.opentelemetry.javaagent.shaded.instrumentation.runtimemetrics.java8.Cpu$$Lambda/0x00007f5a8e2daa00
3342:             1             16  io.opentelemetry.javaagent.shaded.instrumentation.runtimemetrics.java8.Cpu$$Lambda/0x00007f5a8e2db6f8
3343:             1             16  io.opentelemetry.javaagent.shaded.instrumentation.runtimemetrics.java8.Cpu$$Lambda/0x00007f5a8e2db920
3344:             1             16  io.opentelemetry.javaagent.shaded.instrumentation.runtimemetrics.java8.GarbageCollector$$Lambda/0x00007f5a8e2de418
3345:             1             16  io.opentelemetry.javaagent.shaded.instrumentation.runtimemetrics.java8.GarbageCollector$$Lambda/0x00007f5a8e2de628
3346:             1             16  io.opentelemetry.javaagent.shaded.instrumentation.runtimemetrics.java8.MemoryPools$$Lambda/0x00007f5a8e2e4c58
3347:             1             16  io.opentelemetry.javaagent.shaded.instrumentation.runtimemetrics.java8.MemoryPools$$Lambda/0x00007f5a8e2e4e88
3348:             1             16  io.opentelemetry.javaagent.shaded.instrumentation.runtimemetrics.java8.MemoryPools$$Lambda/0x00007f5a8e2e54d8
3349:             1             16  io.opentelemetry.javaagent.shaded.instrumentation.runtimemetrics.java8.MemoryPools$$Lambda/0x00007f5a8e2e5708
3350:             1             16  io.opentelemetry.javaagent.shaded.instrumentation.runtimemetrics.java8.MemoryPools$$Lambda/0x00007f5a8e2e5938
3351:             1             16  io.opentelemetry.javaagent.shaded.instrumentation.runtimemetrics.java8.MemoryPools$$Lambda/0x00007f5a8e2e5b68
3352:             1             16  io.opentelemetry.javaagent.shaded.instrumentation.runtimemetrics.java8.MemoryPools$$Lambda/0x00007f5a8e2e5d98
3353:             1             16  io.opentelemetry.javaagent.shaded.instrumentation.runtimemetrics.java8.MemoryPools$$Lambda/0x00007f5a8e2e5fc8
3354:             1             16  io.opentelemetry.javaagent.shaded.instrumentation.runtimemetrics.java8.Threads
3355:             1             16  io.opentelemetry.javaagent.shaded.instrumentation.runtimemetrics.java8.Threads$$Lambda/0x00007f5a8e2e63f0
3356:             1             16  io.opentelemetry.javaagent.shaded.instrumentation.runtimemetrics.java8.Threads$$Lambda/0x00007f5a8e2e6620
3357:             1             16  io.opentelemetry.javaagent.shaded.instrumentation.runtimemetrics.java8.Threads$$Lambda/0x00007f5a8e61e550
3358:             1             16  io.opentelemetry.javaagent.shaded.io.opentelemetry.api.GlobalOpenTelemetry$ObfuscatedOpenTelemetry
3359:             1             16  io.opentelemetry.javaagent.shaded.io.opentelemetry.api.baggage.AutoValue_ImmutableEntryMetadata
3360:             1             16  io.opentelemetry.javaagent.shaded.io.opentelemetry.api.baggage.propagation.W3CBaggagePropagator
3361:             1             16  io.opentelemetry.javaagent.shaded.io.opentelemetry.api.common.ArrayBackedAttributes$$Lambda/0x00007f5a8e161de8
3362:             1             16  io.opentelemetry.javaagent.shaded.io.opentelemetry.api.incubator.logs.ExtendedDefaultLogger
3363:             1             16  io.opentelemetry.javaagent.shaded.io.opentelemetry.api.incubator.logs.ExtendedDefaultLogger$NoopExtendedLogRecordBuilder
3364:             1             16  io.opentelemetry.javaagent.shaded.io.opentelemetry.api.incubator.logs.ExtendedDefaultLoggerProvider
3365:             1             16  io.opentelemetry.javaagent.shaded.io.opentelemetry.api.incubator.logs.ExtendedDefaultLoggerProvider$NoopLoggerBuilder
3366:             1             16  io.opentelemetry.javaagent.shaded.io.opentelemetry.api.incubator.metrics.ExtendedDefaultMeter
3367:             1             16  io.opentelemetry.javaagent.shaded.io.opentelemetry.api.incubator.metrics.ExtendedDefaultMeter$1
3368:             1             16  io.opentelemetry.javaagent.shaded.io.opentelemetry.api.incubator.metrics.ExtendedDefaultMeter$NoopDoubleCounter
3369:             1             16  io.opentelemetry.javaagent.shaded.io.opentelemetry.api.incubator.metrics.ExtendedDefaultMeter$NoopDoubleCounterBuilder
3370:             1             16  io.opentelemetry.javaagent.shaded.io.opentelemetry.api.incubator.metrics.ExtendedDefaultMeter$NoopDoubleCounterBuilder$1
3371:             1             16  io.opentelemetry.javaagent.shaded.io.opentelemetry.api.incubator.metrics.ExtendedDefaultMeter$NoopDoubleGauge
3372:             1             16  io.opentelemetry.javaagent.shaded.io.opentelemetry.api.incubator.metrics.ExtendedDefaultMeter$NoopDoubleGaugeBuilder
3373:             1             16  io.opentelemetry.javaagent.shaded.io.opentelemetry.api.incubator.metrics.ExtendedDefaultMeter$NoopDoubleGaugeBuilder$1
3374:             1             16  io.opentelemetry.javaagent.shaded.io.opentelemetry.api.incubator.metrics.ExtendedDefaultMeter$NoopDoubleHistogram
3375:             1             16  io.opentelemetry.javaagent.shaded.io.opentelemetry.api.incubator.metrics.ExtendedDefaultMeter$NoopDoubleHistogramBuilder
3376:             1             16  io.opentelemetry.javaagent.shaded.io.opentelemetry.api.incubator.metrics.ExtendedDefaultMeter$NoopDoubleUpDownCounterBuilder
3377:             1             16  io.opentelemetry.javaagent.shaded.io.opentelemetry.api.incubator.metrics.ExtendedDefaultMeter$NoopDoubleUpDownCounterBuilder$1
3378:             1             16  io.opentelemetry.javaagent.shaded.io.opentelemetry.api.incubator.metrics.ExtendedDefaultMeter$NoopDoubleUpDownCounterBuilder$2
3379:             1             16  io.opentelemetry.javaagent.shaded.io.opentelemetry.api.incubator.metrics.ExtendedDefaultMeter$NoopLongCounter
3380:             1             16  io.opentelemetry.javaagent.shaded.io.opentelemetry.api.incubator.metrics.ExtendedDefaultMeter$NoopLongCounterBuilder
3381:             1             16  io.opentelemetry.javaagent.shaded.io.opentelemetry.api.incubator.metrics.ExtendedDefaultMeter$NoopLongCounterBuilder$1
3382:             1             16  io.opentelemetry.javaagent.shaded.io.opentelemetry.api.incubator.metrics.ExtendedDefaultMeter$NoopLongGauge
3383:             1             16  io.opentelemetry.javaagent.shaded.io.opentelemetry.api.incubator.metrics.ExtendedDefaultMeter$NoopLongGaugeBuilder
3384:             1             16  io.opentelemetry.javaagent.shaded.io.opentelemetry.api.incubator.metrics.ExtendedDefaultMeter$NoopLongGaugeBuilder$1
3385:             1             16  io.opentelemetry.javaagent.shaded.io.opentelemetry.api.incubator.metrics.ExtendedDefaultMeter$NoopLongHistogram
3386:             1             16  io.opentelemetry.javaagent.shaded.io.opentelemetry.api.incubator.metrics.ExtendedDefaultMeter$NoopLongHistogramBuilder
3387:             1             16  io.opentelemetry.javaagent.shaded.io.opentelemetry.api.incubator.metrics.ExtendedDefaultMeter$NoopLongUpDownCounterBuilder
3388:             1             16  io.opentelemetry.javaagent.shaded.io.opentelemetry.api.incubator.metrics.ExtendedDefaultMeter$NoopLongUpDownCounterBuilder$1
3389:             1             16  io.opentelemetry.javaagent.shaded.io.opentelemetry.api.incubator.metrics.ExtendedDefaultMeter$NoopLongUpDownCounterBuilder$2
3390:             1             16  io.opentelemetry.javaagent.shaded.io.opentelemetry.api.incubator.metrics.ExtendedDefaultMeter$NoopObservableDoubleMeasurement
3391:             1             16  io.opentelemetry.javaagent.shaded.io.opentelemetry.api.incubator.metrics.ExtendedDefaultMeter$NoopObservableLongMeasurement
3392:             1             16  io.opentelemetry.javaagent.shaded.io.opentelemetry.api.incubator.metrics.ExtendedDefaultMeterProvider
3393:             1             16  io.opentelemetry.javaagent.shaded.io.opentelemetry.api.incubator.metrics.ExtendedDefaultMeterProvider$NoopMeterBuilder
3394:             1             16  io.opentelemetry.javaagent.shaded.io.opentelemetry.api.incubator.trace.ExtendedDefaultTracer
3395:             1             16  io.opentelemetry.javaagent.shaded.io.opentelemetry.api.incubator.trace.ExtendedDefaultTracerProvider
3396:             1             16  io.opentelemetry.javaagent.shaded.io.opentelemetry.api.internal.ConfigUtil$$Lambda/0x00007f5a8e1d7b20
3397:             1             16  io.opentelemetry.javaagent.shaded.io.opentelemetry.api.internal.ConfigUtil$$Lambda/0x00007f5a8e1d81e8
3398:             1             16  io.opentelemetry.javaagent.shaded.io.opentelemetry.api.internal.PercentEscaper
3399:             1             16  io.opentelemetry.javaagent.shaded.io.opentelemetry.api.logs.DefaultLoggerProvider
3400:             1             16  io.opentelemetry.javaagent.shaded.io.opentelemetry.api.logs.DefaultLoggerProvider$NoopLoggerBuilder
3401:             1             16  io.opentelemetry.javaagent.shaded.io.opentelemetry.api.metrics.DefaultMeterProvider$NoopMeterBuilder
3402:             1             16  io.opentelemetry.javaagent.shaded.io.opentelemetry.api.trace.AutoValue_ArrayBasedTraceState
3403:             1             16  io.opentelemetry.javaagent.shaded.io.opentelemetry.api.trace.PropagatedSpan
3404:             1             16  io.opentelemetry.javaagent.shaded.io.opentelemetry.api.trace.propagation.W3CTraceContextPropagator
3405:             1             16  io.opentelemetry.javaagent.shaded.io.opentelemetry.context.internal.shaded.WeakConcurrentMap$1
3406:             1             16  io.opentelemetry.javaagent.shaded.io.opentelemetry.context.propagation.NoopTextMapPropagator
3407:             1             16  io.opentelemetry.javaagent.shaded.io.opentelemetry.semconv.AttributeKeyTemplate$$Lambda/0x00007f5a8e578e78
3408:             1             16  io.opentelemetry.javaagent.slf4j.helpers.NOPLoggerFactory
3409:             1             16  io.opentelemetry.javaagent.slf4j.helpers.ThreadLocalMapOfStacks
3410:             1             16  io.opentelemetry.javaagent.slf4j.simple.SimpleLoggerConfiguration$$Lambda/0x00007f5a8e00dc40
3411:             1             16  io.opentelemetry.javaagent.slf4j.simple.SimpleLoggerFactory
3412:             1             16  io.opentelemetry.javaagent.tooling.AddThreadDetailsSpanProcessor
3413:             1             16  io.opentelemetry.javaagent.tooling.AgentInstaller$$Lambda/0x00007f5a8e117688
3414:             1             16  io.opentelemetry.javaagent.tooling.AgentInstaller$$Lambda/0x00007f5a8e117898
3415:             1             16  io.opentelemetry.javaagent.tooling.AgentInstaller$$Lambda/0x00007f5a8e11d2a0
3416:             1             16  io.opentelemetry.javaagent.tooling.AgentInstaller$$Lambda/0x00007f5a8e223300
3417:             1             16  io.opentelemetry.javaagent.tooling.AgentInstaller$$Lambda/0x00007f5a8e2239f8
3418:             1             16  io.opentelemetry.javaagent.tooling.AgentInstaller$1
3419:             1             16  io.opentelemetry.javaagent.tooling.AgentInstaller$ClassLoadListener
3420:             1             16  io.opentelemetry.javaagent.tooling.AgentInstaller$RedefinitionDiscoveryStrategy$$Lambda/0x00007f5a8e2a91e8
3421:             1             16  io.opentelemetry.javaagent.tooling.AgentInstaller$RedefinitionDiscoveryStrategy$$Lambda/0x00007f5a8e2a9650
3422:             1             16  io.opentelemetry.javaagent.tooling.AgentStarterImpl$InetAddressClassFileTransformer
3423:             1             16  io.opentelemetry.javaagent.tooling.AgentTracerProviderConfigurer$$Lambda/0x00007f5a8e153f40
3424:             1             16  io.opentelemetry.javaagent.tooling.DefineClassHandler
3425:             1             16  io.opentelemetry.javaagent.tooling.DefineClassHandler$$Lambda/0x00007f5a8e01a990
3426:             1             16  io.opentelemetry.javaagent.tooling.ExposeAgentBootstrapListener
3427:             1             16  io.opentelemetry.javaagent.tooling.HelperInjector$$Lambda/0x00007f5a8e119d48
3428:             1             16  io.opentelemetry.javaagent.tooling.HelperInjector$$Lambda/0x00007f5a8e120000
3429:             1             16  io.opentelemetry.javaagent.tooling.HelperInjector$$Lambda/0x00007f5a8e120438
3430:             1             16  io.opentelemetry.javaagent.tooling.HelperInjector$$Lambda/0x00007f5a8e19fd18
3431:             1             16  io.opentelemetry.javaagent.tooling.HelperInjector$$Lambda/0x00007f5a8e1a5cf8
3432:             1             16  io.opentelemetry.javaagent.tooling.HelperInjector$$Lambda/0x00007f5a8e1a5f28
3433:             1             16  io.opentelemetry.javaagent.tooling.HelperInjector$$Lambda/0x00007f5a8e1a6158
3434:             1             16  io.opentelemetry.javaagent.tooling.HelperInjector$$Lambda/0x00007f5a8e1a6390
3435:             1             16  io.opentelemetry.javaagent.tooling.HelperInjector$$Lambda/0x00007f5a8e1a67b8
3436:             1             16  io.opentelemetry.javaagent.tooling.HelperInjector$$Lambda/0x00007f5a8e1a69f8
3437:             1             16  io.opentelemetry.javaagent.tooling.HelperInjector$$Lambda/0x00007f5a8e1a6c28
3438:             1             16  io.opentelemetry.javaagent.tooling.HelperInjector$$Lambda/0x00007f5a8e1a6e58
3439:             1             16  io.opentelemetry.javaagent.tooling.HelperInjector$2
3440:             1             16  io.opentelemetry.javaagent.tooling.Java9LambdaTransformer
3441:             1             16  io.opentelemetry.javaagent.tooling.OpenTelemetryInstaller$$Lambda/0x00007f5a8e21f1f8
3442:             1             16  io.opentelemetry.javaagent.tooling.SafeServiceLoader$$Lambda/0x00007f5a8e01a0f0
3443:             1             16  io.opentelemetry.javaagent.tooling.asyncannotationsupport.WeakRefAsyncOperationEndStrategies
3444:             1             16  io.opentelemetry.javaagent.tooling.bytebuddy.ExceptionHandlers$1
3445:             1             16  io.opentelemetry.javaagent.tooling.config.ConfigPropertiesBridge
3446:             1             16  io.opentelemetry.javaagent.tooling.config.ConfigurationPropertiesSupplier$$Lambda/0x00007f5a8e1549e8
3447:             1             16  io.opentelemetry.javaagent.tooling.config.OtlpProtocolPropertiesSupplier$$Lambda/0x00007f5a8e153b18
3448:             1             16  io.opentelemetry.javaagent.tooling.field.FieldBackedImplementationClassFileLocatorProvider$VirtualFieldInterfaceLocator
3449:             1             16  io.opentelemetry.javaagent.tooling.field.NoopVirtualFieldImplementationInstaller
3450:             1             16  io.opentelemetry.javaagent.tooling.field.RuntimeFieldBasedImplementationSupplier
3451:             1             16  io.opentelemetry.javaagent.tooling.field.VirtualFieldImplementationInstallerFactory
3452:             1             16  io.opentelemetry.javaagent.tooling.ignore.IgnoredClassLoadersMatcher
3453:             1             16  io.opentelemetry.javaagent.tooling.ignore.IgnoredTypesMatcher
3454:             1             16  io.opentelemetry.javaagent.tooling.instrumentation.ConstantAdjuster
3455:             1             16  io.opentelemetry.javaagent.tooling.instrumentation.InstrumentationModuleInstaller$$Lambda/0x00007f5a8e253830
3456:             1             16  io.opentelemetry.javaagent.tooling.instrumentation.indy.ForceDynamicallyTypedAssignReturnedFactory$$Lambda/0x00007f5a8e2b27d0
3457:             1             16  io.opentelemetry.javaagent.tooling.instrumentation.indy.ForceDynamicallyTypedAssignReturnedFactory$$Lambda/0x00007f5a8e2d2010
3458:             1             16  io.opentelemetry.javaagent.tooling.instrumentation.indy.ForceDynamicallyTypedAssignReturnedFactory$$Lambda/0x00007f5a8e49fb98
3459:             1             16  io.opentelemetry.javaagent.tooling.instrumentation.indy.ForceDynamicallyTypedAssignReturnedFactory$$Lambda/0x00007f5a8e49fdc8
3460:             1             16  io.opentelemetry.javaagent.tooling.instrumentation.indy.ForceDynamicallyTypedAssignReturnedFactory$$Lambda/0x00007f5a8e4a4288
3461:             1             16  io.opentelemetry.javaagent.tooling.muzzle.AgentCachingPoolStrategy$$Lambda/0x00007f5a8e144948
3462:             1             16  io.opentelemetry.javaagent.tooling.muzzle.AgentTooling$ClassTransformListener
3463:             1             16  io.opentelemetry.javaagent.tooling.muzzle.HelperReferenceWrapper$Factory$ClasspathType$$Lambda/0x00007f5a8e348228
3464:             1             16  io.opentelemetry.javaagent.tooling.muzzle.HelperReferenceWrapper$Factory$ClasspathType$$Lambda/0x00007f5a8e3486a0
3465:             1             16  io.opentelemetry.javaagent.tooling.muzzle.HelperReferenceWrapper$Factory$ClasspathType$$Lambda/0x00007f5a8e34a008
3466:             1             16  io.opentelemetry.javaagent.tooling.muzzle.HelperReferenceWrapper$Factory$ClasspathType$$Lambda/0x00007f5a8e34a248
3467:             1             16  io.opentelemetry.javaagent.tooling.muzzle.ReferenceMatcher$$Lambda/0x00007f5a8e2efa50
3468:             1             16  io.opentelemetry.javaagent.tooling.muzzle.ReferenceMatcher$$Lambda/0x00007f5a8e345000
3469:             1             16  io.opentelemetry.javaagent.tooling.util.TrieImpl$BuilderImpl$$Lambda/0x00007f5a8e2227a0
3470:             1             16  io.opentelemetry.sdk.OpenTelemetrySdk$ObfuscatedLoggerProvider
3471:             1             16  io.opentelemetry.sdk.OpenTelemetrySdk$ObfuscatedMeterProvider
3472:             1             16  io.opentelemetry.sdk.OpenTelemetrySdk$ObfuscatedTracerProvider
3473:             1             16  io.opentelemetry.sdk.autoconfigure.AutoConfiguredOpenTelemetrySdkBuilder$$Lambda/0x00007f5a8e1409f0
3474:             1             16  io.opentelemetry.sdk.autoconfigure.AutoConfiguredOpenTelemetrySdkBuilder$$Lambda/0x00007f5a8e14d810
3475:             1             16  io.opentelemetry.sdk.autoconfigure.AutoConfiguredOpenTelemetrySdkBuilder$$Lambda/0x00007f5a8e14dc80
3476:             1             16  io.opentelemetry.sdk.autoconfigure.AutoConfiguredOpenTelemetrySdkBuilder$$Lambda/0x00007f5a8e14e090
3477:             1             16  io.opentelemetry.sdk.autoconfigure.AutoConfiguredOpenTelemetrySdkBuilder$$Lambda/0x00007f5a8e14e4a0
3478:             1             16  io.opentelemetry.sdk.autoconfigure.AutoConfiguredOpenTelemetrySdkBuilder$$Lambda/0x00007f5a8e14e8b0
3479:             1             16  io.opentelemetry.sdk.autoconfigure.AutoConfiguredOpenTelemetrySdkBuilder$$Lambda/0x00007f5a8e14ecd0
3480:             1             16  io.opentelemetry.sdk.autoconfigure.AutoConfiguredOpenTelemetrySdkBuilder$$Lambda/0x00007f5a8e14f4c0
3481:             1             16  io.opentelemetry.sdk.autoconfigure.AutoConfiguredOpenTelemetrySdkBuilder$$Lambda/0x00007f5a8e14f8d0
3482:             1             16  io.opentelemetry.sdk.autoconfigure.AutoConfiguredOpenTelemetrySdkBuilder$$Lambda/0x00007f5a8e14fcf0
3483:             1             16  io.opentelemetry.sdk.autoconfigure.AutoConfiguredOpenTelemetrySdkBuilder$$Lambda/0x00007f5a8e150000
3484:             1             16  io.opentelemetry.sdk.autoconfigure.AutoConfiguredOpenTelemetrySdkBuilder$$Lambda/0x00007f5a8e150440
3485:             1             16  io.opentelemetry.sdk.autoconfigure.AutoConfiguredOpenTelemetrySdkBuilder$$Lambda/0x00007f5a8e150660
3486:             1             16  io.opentelemetry.sdk.autoconfigure.AutoConfiguredOpenTelemetrySdkBuilder$$Lambda/0x00007f5a8e21efe0
3487:             1             16  io.opentelemetry.sdk.autoconfigure.LogRecordExporterConfiguration$$Lambda/0x00007f5a8e215e98
3488:             1             16  io.opentelemetry.sdk.autoconfigure.LogRecordExporterConfiguration$$Lambda/0x00007f5a8e2160c8
3489:             1             16  io.opentelemetry.sdk.autoconfigure.LoggerProviderConfiguration$$Lambda/0x00007f5a8e215898
3490:             1             16  io.opentelemetry.sdk.autoconfigure.MetricExporterConfiguration$$Lambda/0x00007f5a8e189a98
3491:             1             16  io.opentelemetry.sdk.autoconfigure.MetricExporterConfiguration$$Lambda/0x00007f5a8e189cc8
3492:             1             16  io.opentelemetry.sdk.autoconfigure.PropagatorConfiguration$$Lambda/0x00007f5a8e186000
3493:             1             16  io.opentelemetry.sdk.autoconfigure.PropagatorConfiguration$$Lambda/0x00007f5a8e186230
3494:             1             16  io.opentelemetry.sdk.autoconfigure.SpanExporterConfiguration$$Lambda/0x00007f5a8e200610
3495:             1             16  io.opentelemetry.sdk.autoconfigure.SpanExporterConfiguration$$Lambda/0x00007f5a8e200840
3496:             1             16  io.opentelemetry.sdk.autoconfigure.TracerProviderConfiguration$$Lambda/0x00007f5a8e1bc9f0
3497:             1             16  io.opentelemetry.sdk.autoconfigure.TracerProviderConfiguration$$Lambda/0x00007f5a8e1bcc20
3498:             1             16  io.opentelemetry.sdk.autoconfigure.internal.SpiHelper$$Lambda/0x00007f5a8e1538e8
3499:             1             16  io.opentelemetry.sdk.autoconfigure.spi.internal.DefaultConfigProperties
3500:             1             16  io.opentelemetry.sdk.autoconfigure.spi.internal.DefaultConfigProperties$$Lambda/0x00007f5a8e158670
3501:             1             16  io.opentelemetry.sdk.autoconfigure.spi.internal.DefaultConfigProperties$$Lambda/0x00007f5a8e1588a0
3502:             1             16  io.opentelemetry.sdk.autoconfigure.spi.internal.DefaultConfigProperties$$Lambda/0x00007f5a8e182178
3503:             1             16  io.opentelemetry.sdk.autoconfigure.spi.internal.DefaultConfigProperties$$Lambda/0x00007f5a8e1823b8
3504:             1             16  io.opentelemetry.sdk.autoconfigure.spi.internal.DefaultConfigProperties$$Lambda/0x00007f5a8e1825e8
3505:             1             16  io.opentelemetry.sdk.autoconfigure.spi.internal.DefaultConfigProperties$$Lambda/0x00007f5a8e182818
3506:             1             16  io.opentelemetry.sdk.autoconfigure.spi.internal.DefaultConfigProperties$$Lambda/0x00007f5a8e182a48
3507:             1             16  io.opentelemetry.sdk.autoconfigure.spi.internal.DefaultConfigProperties$$Lambda/0x00007f5a8e182c80
3508:             1             16  io.opentelemetry.sdk.common.SystemClock
3509:             1             16  io.opentelemetry.sdk.extension.incubator.metric.viewconfig.ViewConfigCustomizer$$Lambda/0x00007f5a8e154388
3510:             1             16  io.opentelemetry.sdk.internal.ComponentRegistry$$Lambda/0x00007f5a8e2d8618
3511:             1             16  io.opentelemetry.sdk.internal.Java9VersionSpecific
3512:             1             16  io.opentelemetry.sdk.internal.RandomSupplier$$Lambda/0x00007f5a8e1bf898
3513:             1             16  io.opentelemetry.sdk.internal.ScopeConfigurator$$Lambda/0x00007f5a8e188608
3514:             1             16  io.opentelemetry.sdk.logs.SdkLoggerProvider$$Lambda/0x00007f5a8e21e480
3515:             1             16  io.opentelemetry.sdk.logs.SdkLoggerProviderBuilder$$Lambda/0x00007f5a8e215090
3516:             1             16  io.opentelemetry.sdk.logs.export.BatchLogRecordProcessor$Worker$$Lambda/0x00007f5a8e21de30
3517:             1             16  io.opentelemetry.sdk.metrics.ExtendedSdkDoubleGauge$ExtendedSdkDoubleGaugeBuilder$$Lambda/0x00007f5a8e20bab8
3518:             1             16  io.opentelemetry.sdk.metrics.ExtendedSdkDoubleHistogram$ExtendedSdkDoubleHistogramBuilder$$Lambda/0x00007f5a8e2df408
3519:             1             16  io.opentelemetry.sdk.metrics.ExtendedSdkLongCounter$ExtendedSdkLongCounterBuilder$$Lambda/0x00007f5a8e211968
3520:             1             16  io.opentelemetry.sdk.metrics.ExtendedSdkLongCounter$ExtendedSdkLongCounterBuilder$$Lambda/0x00007f5a8e2da7f0
3521:             1             16  io.opentelemetry.sdk.metrics.SdkMeter$$Lambda/0x00007f5a8e209088
3522:             1             16  io.opentelemetry.sdk.metrics.SdkMeterProvider$$Lambda/0x00007f5a8e1bb5f0
3523:             1             16  io.opentelemetry.sdk.metrics.export.AggregationTemporalitySelector$$Lambda/0x00007f5a8e18b6e0
3524:             1             16  io.opentelemetry.sdk.metrics.export.DefaultAggregationSelector$$Lambda/0x00007f5a8e18f108
3525:             1             16  io.opentelemetry.sdk.metrics.internal.aggregator.DropAggregator
3526:             1             16  io.opentelemetry.sdk.metrics.internal.aggregator.DropAggregator$1
3527:             1             16  io.opentelemetry.sdk.metrics.internal.aggregator.EmptyMetricData
3528:             1             16  io.opentelemetry.sdk.metrics.internal.aggregator.ExplicitBucketHistogramUtils$$Lambda/0x00007f5a8e2df838
3529:             1             16  io.opentelemetry.sdk.metrics.internal.data.AutoValue_ImmutableGaugeData
3530:             1             16  io.opentelemetry.sdk.metrics.internal.exemplar.AlwaysOffFilter
3531:             1             16  io.opentelemetry.sdk.metrics.internal.exemplar.HistogramExemplarReservoir$$Lambda/0x00007f5a8e2ee298
3532:             1             16  io.opentelemetry.sdk.metrics.internal.exemplar.RandomFixedSizeExemplarReservoir$$Lambda/0x00007f5a8e44ec48
3533:             1             16  io.opentelemetry.sdk.metrics.internal.exemplar.TraceBasedExemplarFilter
3534:             1             16  io.opentelemetry.sdk.metrics.internal.state.CallbackRegistration$$Lambda/0x00007f5a8e210670
3535:             1             16  io.opentelemetry.sdk.metrics.internal.state.CallbackRegistration$$Lambda/0x00007f5a8e2108a0
3536:             1             16  io.opentelemetry.sdk.metrics.internal.state.CallbackRegistration$$Lambda/0x00007f5a8e61d538
3537:             1             16  io.opentelemetry.sdk.metrics.internal.state.PooledHashMap$$Lambda/0x00007f5a8e20f768
3538:             1             16  io.opentelemetry.sdk.metrics.internal.view.DefaultAggregation
3539:             1             16  io.opentelemetry.sdk.metrics.internal.view.DropAggregation
3540:             1             16  io.opentelemetry.sdk.metrics.internal.view.LastValueAggregation
3541:             1             16  io.opentelemetry.sdk.metrics.internal.view.LastValueAggregation$$Lambda/0x00007f5a8e2dbb48
3542:             1             16  io.opentelemetry.sdk.metrics.internal.view.NoopAttributesProcessor
3543:             1             16  io.opentelemetry.sdk.metrics.internal.view.SumAggregation
3544:             1             16  io.opentelemetry.sdk.metrics.internal.view.SumAggregation$$Lambda/0x00007f5a8e2dac28
3545:             1             16  io.opentelemetry.sdk.resources.Resource$$Lambda/0x00007f5a8e158450
3546:             1             16  io.opentelemetry.sdk.trace.SdkTracerProvider$$Lambda/0x00007f5a8e2147e8
3547:             1             16  io.opentelemetry.sdk.trace.SdkTracerProviderBuilder$$Lambda/0x00007f5a8e1bd230
3548:             1             16  io.opentelemetry.sdk.trace.SdkTracerProviderBuilder$$Lambda/0x00007f5a8e1bdc30
3549:             1             16  io.opentelemetry.sdk.trace.export.BatchSpanProcessor$Worker$$Lambda/0x00007f5a8e20bcc8
3550:             1             16  io.perfmark.Impl
3551:             1             16  io.perfmark.TaskCloseable
3552:             1             16  java.io.FileDescriptor$1 (java.base@21.0.6)
3553:             1             16  java.io.FilePermission$1 (java.base@21.0.6)
3554:             1             16  java.io.FilePermissionCollection$$Lambda/0x00007f5a8e051060 (java.base@21.0.6)
3555:             1             16  java.io.PrintStream$1 (java.base@21.0.6)
3556:             1             16  java.io.PrintWriter$1 (java.base@21.0.6)
3557:             1             16  java.io.RandomAccessFile$2 (java.base@21.0.6)
3558:             1             16  java.lang.ApplicationShutdownHooks$1 (java.base@21.0.6)
3559:             1             16  java.lang.CharacterData00 (java.base@21.0.6)
3560:             1             16  java.lang.CharacterDataLatin1 (java.base@21.0.6)
3561:             1             16  java.lang.Class$$Lambda/0x00007f5a8e06a988 (java.base@21.0.6)
3562:             1             16  java.lang.ClassLoader$ByteBuddyAccessor$V1 (java.base@21.0.6)
3563:             1             16  java.lang.Module$$Lambda/0x00007f5a8e04cc00 (java.base@21.0.6)
3564:             1             16  java.lang.ProcessEnvironment$StringEntrySet (java.base@21.0.6)
3565:             1             16  java.lang.ProcessHandleImpl$$Lambda/0x00007f5a8e179598 (java.base@21.0.6)
3566:             1             16  java.lang.Runtime (java.base@21.0.6)
3567:             1             16  java.lang.SecurityManager$$Lambda/0x00007f5a8e072ab8 (java.base@21.0.6)
3568:             1             16  java.lang.SecurityManager$$Lambda/0x00007f5a8e072f30 (java.base@21.0.6)
3569:             1             16  java.lang.SecurityManager$$Lambda/0x00007f5a8e073160 (java.base@21.0.6)
3570:             1             16  java.lang.SecurityManager$$Lambda/0x00007f5a8e073390 (java.base@21.0.6)
3571:             1             16  java.lang.SecurityManager$$Lambda/0x00007f5a8e0735b0 (java.base@21.0.6)
3572:             1             16  java.lang.SecurityManager$$Lambda/0x00007f5a8e0737f0 (java.base@21.0.6)
3573:             1             16  java.lang.SecurityManager$$Lambda/0x00007f5a8e073c48 (java.base@21.0.6)
3574:             1             16  java.lang.SecurityManager$$Lambda/0x00007f5a8e073e88 (java.base@21.0.6)
3575:             1             16  java.lang.String$CaseInsensitiveComparator (java.base@21.0.6)
3576:             1             16  java.lang.System$2 (java.base@21.0.6)
3577:             1             16  java.lang.Terminator$1 (java.base@21.0.6)
3578:             1             16  java.lang.invoke.ClassSpecializer$1 (java.base@21.0.6)
3579:             1             16  java.lang.invoke.MemberName$Factory (java.base@21.0.6)
3580:             1             16  java.lang.invoke.MethodHandleImpl$1 (java.base@21.0.6)
3581:             1             16  java.lang.management.DefaultPlatformMBeanProvider$1 (java.management@21.0.6)
3582:             1             16  java.lang.management.DefaultPlatformMBeanProvider$10 (java.management@21.0.6)
3583:             1             16  java.lang.management.DefaultPlatformMBeanProvider$2 (java.management@21.0.6)
3584:             1             16  java.lang.management.DefaultPlatformMBeanProvider$3 (java.management@21.0.6)
3585:             1             16  java.lang.management.DefaultPlatformMBeanProvider$5 (java.management@21.0.6)
3586:             1             16  java.lang.management.DefaultPlatformMBeanProvider$6 (java.management@21.0.6)
3587:             1             16  java.lang.management.DefaultPlatformMBeanProvider$7 (java.management@21.0.6)
3588:             1             16  java.lang.management.DefaultPlatformMBeanProvider$9 (java.management@21.0.6)
3589:             1             16  java.lang.management.ManagementFactory$$Lambda/0x00007f5a8e171d50 (java.management@21.0.6)
3590:             1             16  java.lang.management.RuntimeMXBean$$Lambda/0x00007f5a8e178f08 (java.management@21.0.6)
3591:             1             16  java.lang.module.ModuleDescriptor$1 (java.base@21.0.6)
3592:             1             16  java.lang.module.ModuleDescriptor$Builder$$Lambda/0x800000002 (java.base@21.0.6)
3593:             1             16  java.lang.ref.Cleaner (java.base@21.0.6)
3594:             1             16  java.lang.ref.Cleaner$1 (java.base@21.0.6)
3595:             1             16  java.lang.ref.Reference$1 (java.base@21.0.6)
3596:             1             16  java.lang.reflect.AccessFlag$1 (java.base@21.0.6)
3597:             1             16  java.lang.reflect.AccessFlag$10 (java.base@21.0.6)
3598:             1             16  java.lang.reflect.AccessFlag$11 (java.base@21.0.6)
3599:             1             16  java.lang.reflect.AccessFlag$12 (java.base@21.0.6)
3600:             1             16  java.lang.reflect.AccessFlag$13 (java.base@21.0.6)
3601:             1             16  java.lang.reflect.AccessFlag$14 (java.base@21.0.6)
3602:             1             16  java.lang.reflect.AccessFlag$15 (java.base@21.0.6)
3603:             1             16  java.lang.reflect.AccessFlag$16 (java.base@21.0.6)
3604:             1             16  java.lang.reflect.AccessFlag$17 (java.base@21.0.6)
3605:             1             16  java.lang.reflect.AccessFlag$18 (java.base@21.0.6)
3606:             1             16  java.lang.reflect.AccessFlag$2 (java.base@21.0.6)
3607:             1             16  java.lang.reflect.AccessFlag$3 (java.base@21.0.6)
3608:             1             16  java.lang.reflect.AccessFlag$4 (java.base@21.0.6)
3609:             1             16  java.lang.reflect.AccessFlag$5 (java.base@21.0.6)
3610:             1             16  java.lang.reflect.AccessFlag$6 (java.base@21.0.6)
3611:             1             16  java.lang.reflect.AccessFlag$7 (java.base@21.0.6)
3612:             1             16  java.lang.reflect.AccessFlag$8 (java.base@21.0.6)
3613:             1             16  java.lang.reflect.AccessFlag$9 (java.base@21.0.6)
3614:             1             16  java.lang.reflect.Proxy$$Lambda/0x00007f5a8e04b078 (java.base@21.0.6)
3615:             1             16  java.lang.reflect.Proxy$ProxyBuilder$$Lambda/0x00007f5a8e04c2e8 (java.base@21.0.6)
3616:             1             16  java.lang.reflect.ProxyGenerator$$Lambda/0x00007f5a8e04dbd0 (java.base@21.0.6)
3617:             1             16  java.lang.reflect.ProxyGenerator$$Lambda/0x00007f5a8e04de00 (java.base@21.0.6)
3618:             1             16  java.lang.reflect.ReflectAccess (java.base@21.0.6)
3619:             1             16  java.net.InetAddress$$Lambda/0x00007f5a8e170e60 (java.base@21.0.6)
3620:             1             16  java.net.InetAddress$$Lambda/0x00007f5a8e3de1d0 (java.base@21.0.6)
3621:             1             16  java.net.InetAddress$1 (java.base@21.0.6)
3622:             1             16  java.net.InetAddress$PlatformResolver (java.base@21.0.6)
3623:             1             16  java.net.URI$1 (java.base@21.0.6)
3624:             1             16  java.net.URL$3 (java.base@21.0.6)
3625:             1             16  java.net.URL$DefaultFactory (java.base@21.0.6)
3626:             1             16  java.net.spi.InetAddressResolver$LookupPolicy (java.base@21.0.6)
3627:             1             16  java.nio.Bits$1 (java.base@21.0.6)
3628:             1             16  java.nio.Buffer$1 (java.base@21.0.6)
3629:             1             16  java.nio.Buffer$2 (java.base@21.0.6)
3630:             1             16  java.nio.channels.spi.SelectorProvider$Holder$$Lambda/0x00007f5a8e3dbe58 (java.base@21.0.6)
3631:             1             16  java.security.AllPermission (java.base@21.0.6)
3632:             1             16  java.security.AllPermissionCollection (java.base@21.0.6)
3633:             1             16  java.security.ProtectionDomain$JavaSecurityAccessImpl (java.base@21.0.6)
3634:             1             16  java.security.Security$$Lambda/0x80000000b (java.base@21.0.6)
3635:             1             16  java.security.Security$1 (java.base@21.0.6)
3636:             1             16  java.text.DontCareFieldPosition$1 (java.base@21.0.6)
3637:             1             16  java.text.MessageFormat$Field (java.base@21.0.6)
3638:             1             16  java.time.Clock$SystemClock (java.base@21.0.6)
3639:             1             16  java.time.ZoneOffset$$Lambda/0x80000000c (java.base@21.0.6)
3640:             1             16  java.util.AbstractMap$1 (java.base@21.0.6)
3641:             1             16  java.util.Collections$EmptyEnumeration (java.base@21.0.6)
3642:             1             16  java.util.Collections$EmptyIterator (java.base@21.0.6)
3643:             1             16  java.util.Collections$EmptyList (java.base@21.0.6)
3644:             1             16  java.util.Collections$EmptySet (java.base@21.0.6)
3645:             1             16  java.util.Collections$ReverseComparator (java.base@21.0.6)
3646:             1             16  java.util.EnumMap$1 (java.base@21.0.6)
3647:             1             16  java.util.IdentityHashMap$EntrySet (java.base@21.0.6)
3648:             1             16  java.util.IdentityHashMap$Values (java.base@21.0.6)
3649:             1             16  java.util.Locale$Builder (java.base@21.0.6)
3650:             1             16  java.util.Map$Entry$$Lambda/0x00007f5a8e1daa90 (java.base@21.0.6)
3651:             1             16  java.util.ResourceBundle$1 (java.base@21.0.6)
3652:             1             16  java.util.ResourceBundle$Control (java.base@21.0.6)
3653:             1             16  java.util.Spliterators$EmptySpliterator$OfDouble (java.base@21.0.6)
3654:             1             16  java.util.Spliterators$EmptySpliterator$OfInt (java.base@21.0.6)
3655:             1             16  java.util.Spliterators$EmptySpliterator$OfLong (java.base@21.0.6)
3656:             1             16  java.util.Spliterators$EmptySpliterator$OfRef (java.base@21.0.6)
3657:             1             16  java.util.WeakHashMap$Values (java.base@21.0.6)
3658:             1             16  java.util.concurrent.ConcurrentSkipListMap$KeySet (java.base@21.0.6)
3659:             1             16  java.util.concurrent.ConcurrentSkipListSet (java.base@21.0.6)
3660:             1             16  java.util.concurrent.ForkJoinPool$2 (java.base@21.0.6)
3661:             1             16  java.util.concurrent.ForkJoinPool$DefaultForkJoinWorkerThreadFactory (java.base@21.0.6)
3662:             1             16  java.util.concurrent.ThreadPoolExecutor$AbortPolicy (java.base@21.0.6)
3663:             1             16  java.util.function.Function$$Lambda/0x00007f5a8e07f898 (java.base@21.0.6)
3664:             1             16  java.util.jar.Attributes (java.base@21.0.6)
3665:             1             16  java.util.jar.JavaUtilJarAccessImpl (java.base@21.0.6)
3666:             1             16  java.util.logging.ErrorManager (java.logging@21.0.6)
3667:             1             16  java.util.logging.Level$$Lambda/0x800000011 (java.logging@21.0.6)
3668:             1             16  java.util.logging.Level$KnownLevel$$Lambda/0x800000021 (java.logging@21.0.6)
3669:             1             16  java.util.logging.Level$KnownLevel$$Lambda/0x800000022 (java.logging@21.0.6)
3670:             1             16  java.util.logging.Level$KnownLevel$$Lambda/0x800000023 (java.logging@21.0.6)
3671:             1             16  java.util.logging.LogManager$CloseOnReset (java.logging@21.0.6)
3672:             1             16  java.util.logging.LogManager$LoggingProviderAccess (java.logging@21.0.6)
3673:             1             16  java.util.logging.LogManager$VisitedLoggers (java.logging@21.0.6)
3674:             1             16  java.util.logging.LogRecord$CallerFinder$$Lambda/0x00007f5a8e64b5a8 (java.logging@21.0.6)
3675:             1             16  java.util.logging.SimpleFormatter (java.logging@21.0.6)
3676:             1             16  java.util.logging.SimpleFormatter$$Lambda/0x00007f5a8e646fe8 (java.logging@21.0.6)
3677:             1             16  java.util.regex.CharPredicates$$Lambda/0x00007f5a8e2faf70 (java.base@21.0.6)
3678:             1             16  java.util.regex.CharPredicates$$Lambda/0x00007f5a8e2fd958 (java.base@21.0.6)
3679:             1             16  java.util.regex.CharPredicates$$Lambda/0x800000025 (java.base@21.0.6)
3680:             1             16  java.util.regex.CharPredicates$$Lambda/0x800000026 (java.base@21.0.6)
3681:             1             16  java.util.regex.Pattern$$Lambda/0x00007f5a8e171908 (java.base@21.0.6)
3682:             1             16  java.util.regex.Pattern$LastNode (java.base@21.0.6)
3683:             1             16  java.util.regex.Pattern$Node (java.base@21.0.6)
3684:             1             16  java.util.stream.Collectors$$Lambda/0x00007f5a8e07a658 (java.base@21.0.6)
3685:             1             16  java.util.stream.Collectors$$Lambda/0x00007f5a8e07a868 (java.base@21.0.6)
3686:             1             16  java.util.stream.Collectors$$Lambda/0x00007f5a8e07aa88 (java.base@21.0.6)
3687:             1             16  java.util.stream.Collectors$$Lambda/0x00007f5a8e1c18d8 (java.base@21.0.6)
3688:             1             16  java.util.stream.Collectors$$Lambda/0x00007f5a8e1c1d10 (java.base@21.0.6)
3689:             1             16  java.util.stream.Collectors$$Lambda/0x800000039 (java.base@21.0.6)
3690:             1             16  java.util.stream.Collectors$$Lambda/0x80000003e (java.base@21.0.6)
3691:             1             16  java.util.stream.Collectors$$Lambda/0x800000040 (java.base@21.0.6)
3692:             1             16  java.util.stream.Collectors$$Lambda/0x800000041 (java.base@21.0.6)
3693:             1             16  java.util.stream.Collectors$$Lambda/0x800000042 (java.base@21.0.6)
3694:             1             16  java.util.stream.Collectors$$Lambda/0x800000043 (java.base@21.0.6)
3695:             1             16  java.util.stream.Collectors$$Lambda/0x800000045 (java.base@21.0.6)
3696:             1             16  java.util.stream.DoublePipeline$$Lambda/0x00007f5a8e1f00b8 (java.base@21.0.6)
3697:             1             16  java.util.stream.FindOps$FindSink$OfRef$$Lambda/0x800000048 (java.base@21.0.6)
3698:             1             16  java.util.stream.FindOps$FindSink$OfRef$$Lambda/0x800000049 (java.base@21.0.6)
3699:             1             16  java.util.stream.FindOps$FindSink$OfRef$$Lambda/0x80000004a (java.base@21.0.6)
3700:             1             16  java.util.stream.FindOps$FindSink$OfRef$$Lambda/0x80000004b (java.base@21.0.6)
3701:             1             16  java.util.stream.LongPipeline$$Lambda/0x00007f5a8e6441b8 (java.base@21.0.6)
3702:             1             16  java.util.stream.Nodes$EmptyNode$OfDouble (java.base@21.0.6)
3703:             1             16  java.util.stream.Nodes$EmptyNode$OfInt (java.base@21.0.6)
3704:             1             16  java.util.stream.Nodes$EmptyNode$OfLong (java.base@21.0.6)
3705:             1             16  java.util.stream.Nodes$EmptyNode$OfRef (java.base@21.0.6)
3706:             1             16  java.util.zip.ZipFile$1 (java.base@21.0.6)
3707:             1             16  javax.net.DefaultSocketFactory (java.base@21.0.6)
3708:             1             16  jdk.internal.icu.impl.Trie2$1 (java.base@21.0.6)
3709:             1             16  jdk.internal.icu.text.StringPrep$StringPrepTrieImpl (java.base@21.0.6)
3710:             1             16  jdk.internal.jimage.ImageBufferCache$1 (java.base@21.0.6)
3711:             1             16  jdk.internal.jimage.ImageBufferCache$2 (java.base@21.0.6)
3712:             1             16  jdk.internal.jimage.ImageReaderFactory$1 (java.base@21.0.6)
3713:             1             16  jdk.internal.jimage.ImageStringsReader (java.base@21.0.6)
3714:             1             16  jdk.internal.jimage.decompressor.Decompressor (java.base@21.0.6)
3715:             1             16  jdk.internal.math.FloatingDecimal$1 (java.base@21.0.6)
3716:             1             16  jdk.internal.misc.ScopedMemoryAccess (java.base@21.0.6)
3717:             1             16  jdk.internal.misc.TerminatingThreadLocal$1 (java.base@21.0.6)
3718:             1             16  jdk.internal.misc.ThreadTracker (java.base@21.0.6)
3719:             1             16  jdk.internal.misc.Unsafe (java.base@21.0.6)
3720:             1             16  jdk.internal.module.DefaultRoots$$Lambda/0x80000004e (java.base@21.0.6)
3721:             1             16  jdk.internal.module.DefaultRoots$$Lambda/0x80000004f (java.base@21.0.6)
3722:             1             16  jdk.internal.module.DefaultRoots$$Lambda/0x800000050 (java.base@21.0.6)
3723:             1             16  jdk.internal.module.DefaultRoots$$Lambda/0x800000051 (java.base@21.0.6)
3724:             1             16  jdk.internal.module.ModuleLoaderMap$Mapper (java.base@21.0.6)
3725:             1             16  jdk.internal.module.ModulePatcher (java.base@21.0.6)
3726:             1             16  jdk.internal.module.ModuleResolution (java.base@21.0.6)
3727:             1             16  jdk.internal.perf.Perf (java.base@21.0.6)
3728:             1             16  jdk.internal.platform.CgroupMetrics (java.base@21.0.6)
3729:             1             16  jdk.internal.platform.CgroupSubsystemFactory$$Lambda/0x00007f5a8e1ea8e8 (java.base@21.0.6)
3730:             1             16  jdk.internal.platform.cgroupv2.CgroupV2Subsystem (java.base@21.0.6)
3731:             1             16  jdk.internal.platform.cgroupv2.CgroupV2Subsystem$$Lambda/0x00007f5a8e6428d0 (java.base@21.0.6)
3732:             1             16  jdk.internal.platform.cgroupv2.CgroupV2SubsystemController (java.base@21.0.6)
3733:             1             16  jdk.internal.reflect.ReflectionFactory (java.base@21.0.6)
3734:             1             16  jdk.internal.util.Preconditions$1 (java.base@21.0.6)
3735:             1             16  jdk.internal.util.Preconditions$2 (java.base@21.0.6)
3736:             1             16  jdk.internal.util.Preconditions$3 (java.base@21.0.6)
3737:             1             16  jdk.internal.util.ReferencedKeySet (java.base@21.0.6)
3738:             1             16  jdk.net.LinuxSocketOptions (jdk.net@21.0.6)
3739:             1             16  jdk.proxy1.$Proxy3 (jdk.proxy1)
3740:             1             16  jdk.proxy3.$Proxy30 (jdk.proxy3)
3741:             1             16  jdk.proxy3.$Proxy37 (jdk.proxy3)
3742:             1             16  jdk.proxy3.$Proxy41 (jdk.proxy3)
3743:             1             16  jdk.proxy3.$Proxy43 (jdk.proxy3)
3744:             1             16  jdk.proxy3.$Proxy44 (jdk.proxy3)
3745:             1             16  jdk.xml.internal.SecuritySupport$$Lambda/0x00007f5a8e366e90 (java.xml@21.0.6)
3746:             1             16  kotlin.Unit
3747:             1             16  kotlin.collections.AbstractList$Companion
3748:             1             16  kotlin.collections.EmptyList
3749:             1             16  kotlin.collections.EmptyMap
3750:             1             16  kotlin.collections.EmptySet
3751:             1             16  kotlin.text.Charsets
3752:             1             16  kotlin.text.Regex$Companion
3753:             1             16  net.bytebuddy.ClassFileVersion$VersionLocator$Resolved
3754:             1             16  net.bytebuddy.agent.builder.$Proxy23
3755:             1             16  net.bytebuddy.agent.builder.$Proxy5
3756:             1             16  net.bytebuddy.agent.builder.AgentBuilder$Default$ExecutingTransformer$Factory$ForJava9CapableVm
3757:             1             16  net.bytebuddy.agent.builder.AgentBuilder$FallbackStrategy$ByThrowableType
3758:             1             16  net.bytebuddy.agent.builder.AgentBuilder$RawMatcher$Disjunction
3759:             1             16  net.bytebuddy.asm.Advice$ExceptionHandler$Simple
3760:             1             16  net.bytebuddy.description.method.$Proxy12
3761:             1             16  net.bytebuddy.description.method.$Proxy14
3762:             1             16  net.bytebuddy.description.method.$Proxy16
3763:             1             16  net.bytebuddy.description.type.$Proxy11
3764:             1             16  net.bytebuddy.description.type.$Proxy25
3765:             1             16  net.bytebuddy.description.type.$Proxy7
3766:             1             16  net.bytebuddy.dynamic.loading.$Proxy21
3767:             1             16  net.bytebuddy.dynamic.loading.$Proxy22
3768:             1             16  net.bytebuddy.dynamic.loading.$Proxy24
3769:             1             16  net.bytebuddy.dynamic.loading.ByteArrayClassLoader$PackageLookupStrategy$ForJava9CapableVm
3770:             1             16  net.bytebuddy.matcher.HasSuperTypeMatcher
3771:             1             16  net.bytebuddy.matcher.NullMatcher
3772:             1             16  net.bytebuddy.utility.$Proxy10
3773:             1             16  net.bytebuddy.utility.$Proxy8
3774:             1             16  net.bytebuddy.utility.Invoker$Dispatcher
3775:             1             16  net.bytebuddy.utility.JavaModule
3776:             1             16  net.bytebuddy.utility.StreamDrainer
3777:             1             16  okhttp3.Authenticator$Companion
3778:             1             16  okhttp3.Authenticator$Companion$AuthenticatorNone
3779:             1             16  okhttp3.CacheControl$Companion
3780:             1             16  okhttp3.CertificatePinner$Companion
3781:             1             16  okhttp3.CipherSuite$Companion
3782:             1             16  okhttp3.CipherSuite$Companion$ORDER_BY_NAME$1
3783:             1             16  okhttp3.ConnectionSpec$Companion
3784:             1             16  okhttp3.CookieJar$Companion
3785:             1             16  okhttp3.CookieJar$Companion$NoCookies
3786:             1             16  okhttp3.Dns$Companion
3787:             1             16  okhttp3.Dns$Companion$DnsSystem
3788:             1             16  okhttp3.EventListener$Companion
3789:             1             16  okhttp3.EventListener$Companion$NONE$1
3790:             1             16  okhttp3.Headers$Companion
3791:             1             16  okhttp3.HttpUrl$Builder$Companion
3792:             1             16  okhttp3.HttpUrl$Companion
3793:             1             16  okhttp3.MediaType$Companion
3794:             1             16  okhttp3.OkHttpClient$Companion
3795:             1             16  okhttp3.Protocol$Companion
3796:             1             16  okhttp3.RequestBody$Companion
3797:             1             16  okhttp3.ResponseBody$Companion
3798:             1             16  okhttp3.TlsVersion$Companion
3799:             1             16  okhttp3.internal.authenticator.JavaNetAuthenticator
3800:             1             16  okhttp3.internal.cache.CacheInterceptor$Companion
3801:             1             16  okhttp3.internal.cache.CacheStrategy$Companion
3802:             1             16  okhttp3.internal.concurrent.TaskRunner$Companion
3803:             1             16  okhttp3.internal.concurrent.TaskRunner$RealBackend
3804:             1             16  okhttp3.internal.connection.ConnectInterceptor
3805:             1             16  okhttp3.internal.connection.RealConnection$Companion
3806:             1             16  okhttp3.internal.connection.RealConnectionPool$Companion
3807:             1             16  okhttp3.internal.connection.RouteSelector$Companion
3808:             1             16  okhttp3.internal.http.HttpMethod
3809:             1             16  okhttp3.internal.http.RequestLine
3810:             1             16  okhttp3.internal.http.RetryAndFollowUpInterceptor$Companion
3811:             1             16  okhttp3.internal.http.StatusLine$Companion
3812:             1             16  okhttp3.internal.http1.HeadersReader$Companion
3813:             1             16  okhttp3.internal.http1.Http1ExchangeCodec$Companion
3814:             1             16  okhttp3.internal.http2.Http2Connection$Listener$Companion
3815:             1             16  okhttp3.internal.http2.Http2Connection$Listener$Companion$REFUSE_INCOMING_STREAMS$1
3816:             1             16  okhttp3.internal.platform.Jdk9Platform
3817:             1             16  okhttp3.internal.platform.Jdk9Platform$Companion
3818:             1             16  okhttp3.internal.platform.Platform$Companion
3819:             1             16  okhttp3.internal.tls.OkHostnameVerifier
3820:             1             16  okio.AsyncTimeout$Companion
3821:             1             16  okio.ByteString$Companion
3822:             1             16  okio.Options$Companion
3823:             1             16  okio.Segment$Companion
3824:             1             16  okio.SegmentPool
3825:             1             16  okio.Timeout$Companion
3826:             1             16  org.apache.logging.log4j.MarkerManager$$Lambda/0x00007f5a8e2f75d0
3827:             1             16  org.apache.logging.log4j.ThreadContext$EmptyThreadContextStack
3828:             1             16  org.apache.logging.log4j.core.LoggerContext$$Lambda/0x00007f5a8e3a5938
3829:             1             16  org.apache.logging.log4j.core.appender.ConsoleAppender$ConsoleManagerFactory
3830:             1             16  org.apache.logging.log4j.core.config.ConfigurationFactory$Factory
3831:             1             16  org.apache.logging.log4j.core.config.DefaultReliabilityStrategy
3832:             1             16  org.apache.logging.log4j.core.config.LoggerConfig$$Lambda/0x00007f5a8e34dcf0
3833:             1             16  org.apache.logging.log4j.core.config.OrderComparator
3834:             1             16  org.apache.logging.log4j.core.config.plugins.convert.EnumConverter
3835:             1             16  org.apache.logging.log4j.core.config.plugins.convert.TypeConverterRegistry
3836:             1             16  org.apache.logging.log4j.core.config.plugins.convert.TypeConverters$BigDecimalConverter
3837:             1             16  org.apache.logging.log4j.core.config.plugins.convert.TypeConverters$BigIntegerConverter
3838:             1             16  org.apache.logging.log4j.core.config.plugins.convert.TypeConverters$BooleanConverter
3839:             1             16  org.apache.logging.log4j.core.config.plugins.convert.TypeConverters$ByteArrayConverter
3840:             1             16  org.apache.logging.log4j.core.config.plugins.convert.TypeConverters$ByteConverter
3841:             1             16  org.apache.logging.log4j.core.config.plugins.convert.TypeConverters$CharArrayConverter
3842:             1             16  org.apache.logging.log4j.core.config.plugins.convert.TypeConverters$CharacterConverter
3843:             1             16  org.apache.logging.log4j.core.config.plugins.convert.TypeConverters$CharsetConverter
3844:             1             16  org.apache.logging.log4j.core.config.plugins.convert.TypeConverters$ClassConverter
3845:             1             16  org.apache.logging.log4j.core.config.plugins.convert.TypeConverters$CronExpressionConverter
3846:             1             16  org.apache.logging.log4j.core.config.plugins.convert.TypeConverters$DoubleConverter
3847:             1             16  org.apache.logging.log4j.core.config.plugins.convert.TypeConverters$DurationConverter
3848:             1             16  org.apache.logging.log4j.core.config.plugins.convert.TypeConverters$FileConverter
3849:             1             16  org.apache.logging.log4j.core.config.plugins.convert.TypeConverters$FloatConverter
3850:             1             16  org.apache.logging.log4j.core.config.plugins.convert.TypeConverters$InetAddressConverter
3851:             1             16  org.apache.logging.log4j.core.config.plugins.convert.TypeConverters$IntegerConverter
3852:             1             16  org.apache.logging.log4j.core.config.plugins.convert.TypeConverters$LevelConverter
3853:             1             16  org.apache.logging.log4j.core.config.plugins.convert.TypeConverters$LongConverter
3854:             1             16  org.apache.logging.log4j.core.config.plugins.convert.TypeConverters$PathConverter
3855:             1             16  org.apache.logging.log4j.core.config.plugins.convert.TypeConverters$PatternConverter
3856:             1             16  org.apache.logging.log4j.core.config.plugins.convert.TypeConverters$SecurityProviderConverter
3857:             1             16  org.apache.logging.log4j.core.config.plugins.convert.TypeConverters$ShortConverter
3858:             1             16  org.apache.logging.log4j.core.config.plugins.convert.TypeConverters$StringConverter
3859:             1             16  org.apache.logging.log4j.core.config.plugins.convert.TypeConverters$UriConverter
3860:             1             16  org.apache.logging.log4j.core.config.plugins.convert.TypeConverters$UrlConverter
3861:             1             16  org.apache.logging.log4j.core.config.plugins.convert.TypeConverters$UuidConverter
3862:             1             16  org.apache.logging.log4j.core.config.plugins.processor.PluginCache$$Lambda/0x00007f5a8e3142d8
3863:             1             16  org.apache.logging.log4j.core.config.properties.PropertiesConfigurationFactory
3864:             1             16  org.apache.logging.log4j.core.config.xml.XmlConfigurationFactory
3865:             1             16  org.apache.logging.log4j.core.impl.ContextDataInjectorFactory$$Lambda/0x00007f5a8e342cd8
3866:             1             16  org.apache.logging.log4j.core.impl.JdkMapAdapterStringMap$$Lambda/0x00007f5a8e608948
3867:             1             16  org.apache.logging.log4j.core.impl.JdkMapAdapterStringMap$$Lambda/0x00007f5a8e608bd0
3868:             1             16  org.apache.logging.log4j.core.impl.Log4jProvider$$Lambda/0x00007f5a8e2f3400
3869:             1             16  org.apache.logging.log4j.core.impl.Log4jProvider$$Lambda/0x00007f5a8e308280
3870:             1             16  org.apache.logging.log4j.core.impl.ReusableLogEventFactory
3871:             1             16  org.apache.logging.log4j.core.impl.ThreadContextDataProvider
3872:             1             16  org.apache.logging.log4j.core.layout.PatternLayout$NoFormatPatternSerializer
3873:             1             16  org.apache.logging.log4j.core.lookup.StrMatcher$NoMatcher
3874:             1             16  org.apache.logging.log4j.core.lookup.StrMatcher$TrimMatcher
3875:             1             16  org.apache.logging.log4j.core.net.JndiManager$JndiManagerFactory
3876:             1             16  org.apache.logging.log4j.core.pattern.MdcPatternConverter$$Lambda/0x00007f5a8e3aa000
3877:             1             16  org.apache.logging.log4j.core.pattern.NameAbbreviator$NOPAbbreviator
3878:             1             16  org.apache.logging.log4j.core.pattern.PlainTextRenderer
3879:             1             16  org.apache.logging.log4j.core.selector.ClassLoaderContextSelector
3880:             1             16  org.apache.logging.log4j.core.selector.ClassLoaderContextSelector$$Lambda/0x00007f5a8e30f890
3881:             1             16  org.apache.logging.log4j.core.util.BasicAuthorizationProvider
3882:             1             16  org.apache.logging.log4j.core.util.CloseShieldOutputStream
3883:             1             16  org.apache.logging.log4j.core.util.NetUtils$$Lambda/0x00007f5a8e3a5d60
3884:             1             16  org.apache.logging.log4j.core.util.datetime.FastDateFormat
3885:             1             16  org.apache.logging.log4j.core.util.datetime.FastDateFormat$1
3886:             1             16  org.apache.logging.log4j.core.util.datetime.FastDatePrinter$TwoDigitMonthField
3887:             1             16  org.apache.logging.log4j.core.util.internal.InternalLoggerRegistry$$Lambda/0x00007f5a8e3b2360
3888:             1             16  org.apache.logging.log4j.core.util.internal.InternalLoggerRegistry$$Lambda/0x00007f5a8e3b2590
3889:             1             16  org.apache.logging.log4j.core.util.internal.InternalLoggerRegistry$$Lambda/0x00007f5a8e3b3cc8
3890:             1             16  org.apache.logging.log4j.core.util.internal.InternalLoggerRegistry$$Lambda/0x00007f5a8e3baa00
3891:             1             16  org.apache.logging.log4j.message.ParameterizedNoReferenceMessageFactory
3892:             1             16  org.apache.logging.log4j.message.ReusableSimpleMessage
3893:             1             16  org.apache.logging.log4j.spi.AbstractLogger$$Lambda/0x00007f5a8e303438
3894:             1             16  org.apache.logging.log4j.spi.DefaultThreadContextMap
3895:             1             16  org.apache.logging.log4j.spi.DefaultThreadContextStack
3896:             1             16  org.apache.logging.log4j.util.LazyUtil$1
3897:             1             16  org.apache.logging.log4j.util.LoaderUtil$$Lambda/0x00007f5a8e308b10
3898:             1             16  org.apache.logging.log4j.util.LoaderUtil$$Lambda/0x00007f5a8e30e1f8
3899:             1             16  org.apache.logging.log4j.util.LoaderUtil$ThreadContextClassLoaderGetter
3900:             1             16  org.apache.logging.log4j.util.PropertiesUtil
3901:             1             16  org.apache.logging.log4j.util.PropertiesUtil$$Lambda/0x00007f5a8e309330
3902:             1             16  org.apache.logging.log4j.util.PropertiesUtil$Environment$$Lambda/0x00007f5a8e309e10
3903:             1             16  org.apache.logging.log4j.util.PropertiesUtil$Environment$$Lambda/0x00007f5a8e30b3f0
3904:             1             16  org.apache.logging.log4j.util.PropertySource$Comparator
3905:             1             16  org.apache.logging.log4j.util.ProviderUtil$$Lambda/0x00007f5a8e306d70
3906:             1             16  org.apache.logging.log4j.util.ProviderUtil$$Lambda/0x00007f5a8e306fb0
3907:             1             16  org.apache.logging.log4j.util.ProviderUtil$$Lambda/0x00007f5a8e30b630
3908:             1             16  org.apache.logging.log4j.util.ProviderUtil$$Lambda/0x00007f5a8e30b860
3909:             1             16  org.apache.logging.log4j.util.SortedArrayStringMap$$Lambda/0x00007f5a8e41ee40
3910:             1             16  org.apache.logging.log4j.util.StackLocator
3911:             1             16  org.apache.logging.log4j.util.StackLocator$$Lambda/0x00007f5a8e306700
3912:             1             16  org.apache.logging.log4j.util.StackLocator$$Lambda/0x00007f5a8e46bbb0
3913:             1             16  org.apache.logging.log4j.util.Strings$$Lambda/0x00007f5a8e304060
3914:             1             16  org.slf4j.helpers.NOPLogger
3915:             1             16  org.slf4j.helpers.NOPLoggerFactory
3916:             1             16  org.slf4j.helpers.NOPMDCAdapter
3917:             1             16  org.slf4j.helpers.ThreadLocalMapOfStacks
3918:             1             16  oteldemo.AdService$$Lambda/0x00007f5a8e424000
3919:             1             16  oteldemo.AdService$AdServiceImpl
3920:             1             16  oteldemo.AdServiceGrpc$AdServiceFileDescriptorSupplier
3921:             1             16  oteldemo.AdServiceGrpc$AdServiceMethodDescriptorSupplier
3922:             1             16  oteldemo.Demo$Ad$1
3923:             1             16  oteldemo.Demo$AdRequest$1
3924:             1             16  oteldemo.Demo$AdResponse$1
3925:             1             16  sun.instrument.InstrumentationImpl$$Lambda/0x00007f5a8e041650 (java.instrument@21.0.6)
3926:             1             16  sun.management.ClassLoadingImpl (java.management@21.0.6)
3927:             1             16  sun.management.ManagementFactoryHelper$$Lambda/0x00007f5a8e1f8558 (java.management@21.0.6)
3928:             1             16  sun.management.ManagementFactoryHelper$$Lambda/0x00007f5a8e1f8788 (java.management@21.0.6)
3929:             1             16  sun.management.ThreadImpl$$Lambda/0x00007f5a8e642f00 (java.management@21.0.6)
3930:             1             16  sun.misc.Unsafe (jdk.unsupported@21.0.6)
3931:             1             16  sun.net.spi.DefaultProxySelector (java.base@21.0.6)
3932:             1             16  sun.net.www.protocol.file.Handler (java.base@21.0.6)
3933:             1             16  sun.net.www.protocol.jar.JarFileFactory (java.base@21.0.6)
3934:             1             16  sun.net.www.protocol.jrt.Handler (java.base@21.0.6)
3935:             1             16  sun.net.www.protocol.jrt.JavaRuntimeURLConnection$$Lambda/0x00007f5a8e06ff30 (java.base@21.0.6)
3936:             1             16  sun.nio.ch.DefaultSelectorProvider$$Lambda/0x00007f5a8e3dc940 (java.base@21.0.6)
3937:             1             16  sun.nio.ch.EPollSelectorProvider (java.base@21.0.6)
3938:             1             16  sun.nio.ch.ExtendedSocketOption$1 (java.base@21.0.6)
3939:             1             16  sun.nio.ch.FileDispatcherImpl (java.base@21.0.6)
3940:             1             16  sun.nio.ch.Net$1 (java.base@21.0.6)
3941:             1             16  sun.nio.ch.SocketDispatcher (java.base@21.0.6)
3942:             1             16  sun.nio.ch.Util$1 (java.base@21.0.6)
3943:             1             16  sun.nio.fs.LinuxFileSystemProvider (java.base@21.0.6)
3944:             1             16  sun.nio.fs.NativeBuffers$1 (java.base@21.0.6)
3945:             1             16  sun.reflect.generics.tree.BottomSignature (java.base@21.0.6)
3946:             1             16  sun.reflect.generics.tree.ByteSignature (java.base@21.0.6)
3947:             1             16  sun.reflect.generics.tree.CharSignature (java.base@21.0.6)
3948:             1             16  sun.reflect.generics.tree.VoidDescriptor (java.base@21.0.6)
3949:             1             16  sun.security.jca.ProviderConfig$ProviderLoader (java.base@21.0.6)
3950:             1             16  sun.security.pkcs11.SunPKCS11$$Lambda/0x00007f5a8e471b10 (jdk.crypto.cryptoki@21.0.6)
3951:             1             16  sun.security.util.ByteArrayLexOrder (java.base@21.0.6)
3952:             1             16  sun.security.util.ByteArrayTagOrder (java.base@21.0.6)
3953:             1             16  sun.util.calendar.Gregorian (java.base@21.0.6)
3954:             1             16  sun.util.cldr.CLDRBaseLocaleDataMetaInfo (java.base@21.0.6)
3955:             1             16  sun.util.cldr.CLDRLocaleProviderAdapter$$Lambda/0x80000005f (java.base@21.0.6)
3956:             1             16  sun.util.cldr.CLDRLocaleProviderAdapter$$Lambda/0x800000061 (java.base@21.0.6)
3957:             1             16  sun.util.locale.InternalLocaleBuilder$CaseInsensitiveChar (java.base@21.0.6)
3958:             1             16  sun.util.locale.provider.CalendarDataUtility$CalendarWeekParameterGetter (java.base@21.0.6)
3959:             1             16  sun.util.locale.provider.LocaleProviderAdapter$$Lambda/0x800000068 (java.base@21.0.6)
3960:             1             16  sun.util.locale.provider.LocaleProviderAdapter$$Lambda/0x800000069 (java.base@21.0.6)
3961:             1             16  sun.util.resources.LocaleData (java.base@21.0.6)
3962:             1             16  sun.util.resources.LocaleData$LocaleDataStrategy (java.base@21.0.6)
3963:             1             16  sun.util.resources.cldr.provider.CLDRLocaleDataMetaInfo (jdk.localedata@21.0.6)
Total        421169       23179704